09-07 14:25:21.607  1033  1047 I ActivityTaskManager: START u10 {act=android.intent.action.MAIN cat=[android.intent.category.LAUNCHER] flg=0x10000000 pkg=com.samsung.android.automotive.launcher cmp=com.samsung.android.automotive.launcher/.homescreen.HomeScreenActivity} from uid 1010080
09-07 14:25:21.617  1033  1064 I ActivityManager: Posting BOOT_COMPLETED user #10
09-07 14:25:21.621  1033  1629 D CompatibilityChangeReporter: Compat change id reported: 135634846; UID 1001000; state: DISABLED
09-07 14:25:21.621  1033  1629 D CompatibilityChangeReporter: Compat change id reported: 135754954; UID 1001000; state: ENABLED
09-07 14:25:21.625  1033  1067 I Watchdog: Interesting Java process com.android.providers.media.module started. Pid 2901
09-07 14:25:21.625  1033  1067 I ActivityManager: Start proc 2901:com.android.providers.media.module/u10a152 for service {com.android.providers.media.module/com.android.providers.media.fuse.ExternalStorageServiceImpl}
09-07 14:25:21.629  1033  1064 I SystemServerTimingAsync: ssm.UnlockedUser-10
09-07 14:25:21.630  1033  1064 I SystemServiceManager: Calling onUnlockedUser 10
09-07 14:25:21.630  1033  1064 I SystemServerTimingAsync: ssm.onUnlockedUser-10_com.android.server.security.FileIntegrityService
09-07 14:25:21.630  1033  1064 D SystemServerTimingAsync: ssm.onUnlockedUser-10_com.android.server.security.FileIntegrityService took to complete: 0ms
09-07 14:25:21.630  1033  1064 I SystemServerTimingAsync: ssm.onUnlockedUser-10_com.android.server.pm.Installer
09-07 14:25:21.630  1033  1064 D SystemServerTimingAsync: ssm.onUnlockedUser-10_com.android.server.pm.Installer took to complete: 0ms
09-07 14:25:21.630  1033  1064 I SystemServerTimingAsync: ssm.onUnlockedUser-10_com.android.server.os.DeviceIdentifiersPolicyService
09-07 14:25:21.630  1033  1064 D SystemServerTimingAsync: ssm.onUnlockedUser-10_com.android.server.os.DeviceIdentifiersPolicyService took to complete: 0ms
09-07 14:25:21.631  1033  1064 I SystemServerTimingAsync: ssm.onUnlockedUser-10_com.android.server.uri.UriGrantsManagerService$Lifecycle
09-07 14:25:21.631  1033  1064 D SystemServerTimingAsync: ssm.onUnlockedUser-10_com.android.server.uri.UriGrantsManagerService$Lifecycle took to complete: 0ms
09-07 14:25:21.631  1033  1064 I SystemServerTimingAsync: ssm.onUnlockedUser-10_com.android.server.wm.ActivityTaskManagerService$Lifecycle
09-07 14:25:21.631  1033  1064 D SystemServerTimingAsync: ssm.onUnlockedUser-10_com.android.server.wm.ActivityTaskManagerService$Lifecycle took to complete: 0ms
09-07 14:25:21.631  1033  1064 I SystemServerTimingAsync: ssm.onUnlockedUser-10_com.android.server.am.ActivityManagerService$Lifecycle
09-07 14:25:21.631  1033  1064 D SystemServerTimingAsync: ssm.onUnlockedUser-10_com.android.server.am.ActivityManagerService$Lifecycle took to complete: 0ms
09-07 14:25:21.631  1033  1064 I SystemServerTimingAsync: ssm.onUnlockedUser-10_com.android.server.pm.DataLoaderManagerService
09-07 14:25:21.631  1033  1064 D SystemServerTimingAsync: ssm.onUnlockedUser-10_com.android.server.pm.DataLoaderManagerService took to complete: 0ms
09-07 14:25:21.631  1033  1064 I SystemServerTimingAsync: ssm.onUnlockedUser-10_com.android.server.power.PowerManagerService
09-07 14:25:21.631  1033  1064 D SystemServerTimingAsync: ssm.onUnlockedUser-10_com.android.server.power.PowerManagerService took to complete: 0ms
09-07 14:25:21.631  1033  1064 I SystemServerTimingAsync: ssm.onUnlockedUser-10_com.android.server.power.ThermalManagerService
09-07 14:25:21.631  1033  1064 D SystemServerTimingAsync: ssm.onUnlockedUser-10_com.android.server.power.ThermalManagerService took to complete: 0ms
09-07 14:25:21.631  1033  1064 I SystemServerTimingAsync: ssm.onUnlockedUser-10_com.android.server.recoverysystem.RecoverySystemService$Lifecycle
09-07 14:25:21.631  1033  1064 D SystemServerTimingAsync: ssm.onUnlockedUser-10_com.android.server.recoverysystem.RecoverySystemService$Lifecycle took to complete: 0ms
09-07 14:25:21.631  1033  1064 I SystemServerTimingAsync: ssm.onUnlockedUser-10_com.android.server.lights.LightsService
09-07 14:25:21.631  1033  1064 D SystemServerTimingAsync: ssm.onUnlockedUser-10_com.android.server.lights.LightsService took to complete: 0ms
09-07 14:25:21.631  1033  1064 I SystemServerTimingAsync: ssm.onUnlockedUser-10_com.android.server.display.DisplayManagerService
09-07 14:25:21.631  1033  1064 D SystemServerTimingAsync: ssm.onUnlockedUser-10_com.android.server.display.DisplayManagerService took to complete: 0ms
09-07 14:25:21.631  1033  1064 I SystemServerTimingAsync: ssm.onUnlockedUser-10_com.android.server.pm.UserManagerService$LifeCycle
09-07 14:25:21.631  1033  1064 D SystemServerTimingAsync: ssm.onUnlockedUser-10_com.android.server.pm.UserManagerService$LifeCycle took to complete: 0ms
09-07 14:25:21.631  1033  1064 I SystemServerTimingAsync: ssm.onUnlockedUser-10_com.android.server.om.OverlayManagerService
09-07 14:25:21.631  1033  1064 D SystemServerTimingAsync: ssm.onUnlockedUser-10_com.android.server.om.OverlayManagerService took to complete: 0ms
09-07 14:25:21.631  1033  1064 I SystemServerTimingAsync: ssm.onUnlockedUser-10_com.android.server.SensorPrivacyService
09-07 14:25:21.631  1033  1064 D SystemServerTimingAsync: ssm.onUnlockedUser-10_com.android.server.SensorPrivacyService took to complete: 0ms
09-07 14:25:21.631  1033  1064 I SystemServerTimingAsync: ssm.onUnlockedUser-10_com.android.server.SystemConfigService
09-07 14:25:21.631  1033  1064 D SystemServerTimingAsync: ssm.onUnlockedUser-10_com.android.server.SystemConfigService took to complete: 0ms
09-07 14:25:21.631  1033  1064 I SystemServerTimingAsync: ssm.onUnlockedUser-10_com.android.server.BatteryService
09-07 14:25:21.631  1033  1064 D SystemServerTimingAsync: ssm.onUnlockedUser-10_com.android.server.BatteryService took to complete: 0ms
09-07 14:25:21.631  1033  1064 I SystemServerTimingAsync: ssm.onUnlockedUser-10_com.android.server.usage.UsageStatsService
09-07 14:25:21.632  1033  1064 D SystemServerTimingAsync: ssm.onUnlockedUser-10_com.android.server.usage.UsageStatsService took to complete: 0ms
09-07 14:25:21.632  1033  1064 I SystemServerTimingAsync: ssm.onUnlockedUser-10_com.android.server.webkit.WebViewUpdateService
09-07 14:25:21.632  1033  1064 D SystemServerTimingAsync: ssm.onUnlockedUser-10_com.android.server.webkit.WebViewUpdateService took to complete: 0ms
09-07 14:25:21.632  1033  1064 I SystemServerTimingAsync: ssm.onUnlockedUser-10_com.android.server.CachedDeviceStateService
09-07 14:25:21.632  1033  1064 D SystemServerTimingAsync: ssm.onUnlockedUser-10_com.android.server.CachedDeviceStateService took to complete: 0ms
09-07 14:25:21.632  1033  1064 I SystemServerTimingAsync: ssm.onUnlockedUser-10_com.android.server.BinderCallsStatsService$LifeCycle
09-07 14:25:21.632  1033  1064 D SystemServerTimingAsync: ssm.onUnlockedUser-10_com.android.server.BinderCallsStatsService$LifeCycle took to complete: 0ms
09-07 14:25:21.632  1033  1064 I SystemServerTimingAsync: ssm.onUnlockedUser-10_com.android.server.LooperStatsService$Lifecycle
09-07 14:25:21.632  1033  1064 D SystemServerTimingAsync: ssm.onUnlockedUser-10_com.android.server.LooperStatsService$Lifecycle took to complete: 0ms
09-07 14:25:21.632  1033  1064 I SystemServerTimingAsync: ssm.onUnlockedUser-10_com.android.server.rollback.RollbackManagerService
09-07 14:25:21.632  1033  1064 D SystemServerTimingAsync: ssm.onUnlockedUser-10_com.android.server.rollback.RollbackManagerService took to complete: 0ms
09-07 14:25:21.632  1033  1064 I SystemServerTimingAsync: ssm.onUnlockedUser-10_com.android.server.os.BugreportManagerService
09-07 14:25:21.632  1033  1064 D SystemServerTimingAsync: ssm.onUnlockedUser-10_com.android.server.os.BugreportManagerService took to complete: 0ms
09-07 14:25:21.632  1033  1064 I SystemServerTimingAsync: ssm.onUnlockedUser-10_com.android.server.gpu.GpuService
09-07 14:25:21.632  1033  1064 D SystemServerTimingAsync: ssm.onUnlockedUser-10_com.android.server.gpu.GpuService took to complete: 0ms
09-07 14:25:21.632  1033  1064 I SystemServerTimingAsync: ssm.onUnlockedUser-10_com.android.server.security.KeyChainSystemService
09-07 14:25:21.632  1033  1064 D SystemServerTimingAsync: ssm.onUnlockedUser-10_com.android.server.security.KeyChainSystemService took to complete: 0ms
09-07 14:25:21.632  1033  1064 I SystemServerTimingAsync: ssm.onUnlockedUser-10_com.android.server.telecom.TelecomLoaderService
09-07 14:25:21.632  1033  1064 D SystemServerTimingAsync: ssm.onUnlockedUser-10_com.android.server.telecom.TelecomLoaderService took to complete: 0ms
09-07 14:25:21.632  1033  1064 I SystemServerTimingAsync: ssm.onUnlockedUser-10_com.android.server.accounts.AccountManagerService$Lifecycle
09-07 14:25:21.632  1033  1064 D SystemServerTimingAsync: ssm.onUnlockedUser-10_com.android.server.accounts.AccountManagerService$Lifecycle took to complete: 0ms
09-07 14:25:21.632  1033  1064 I SystemServerTimingAsync: ssm.onUnlockedUser-10_com.android.server.content.ContentService$Lifecycle
09-07 14:25:21.632  1033  1064 D SystemServerTimingAsync: ssm.onUnlockedUser-10_com.android.server.content.ContentService$Lifecycle took to complete: 0ms
09-07 14:25:21.632  1033  1064 I SystemServerTimingAsync: ssm.onUnlockedUser-10_com.android.server.DropBoxManagerService
09-07 14:25:21.632  1033  1064 D SystemServerTimingAsync: ssm.onUnlockedUser-10_com.android.server.DropBoxManagerService took to complete: 0ms
09-07 14:25:21.633  1033  1064 I SystemServerTimingAsync: ssm.onUnlockedUser-10_com.android.server.AlarmManagerService
09-07 14:25:21.633  1033  1064 D SystemServerTimingAsync: ssm.onUnlockedUser-10_com.android.server.AlarmManagerService took to complete: 0ms
09-07 14:25:21.633  1033  1064 I SystemServerTimingAsync: ssm.onUnlockedUser-10_com.android.server.BluetoothService
09-07 14:25:21.633  1033  1064 D SystemServerTimingAsync: ssm.onUnlockedUser-10_com.android.server.BluetoothService took to complete: 0ms
09-07 14:25:21.633  1033  1064 I SystemServerTimingAsync: ssm.onUnlockedUser-10_com.android.server.connectivity.IpConnectivityMetrics
09-07 14:25:21.633  1033  1064 D SystemServerTimingAsync: ssm.onUnlockedUser-10_com.android.server.connectivity.IpConnectivityMetrics took to complete: 0ms
09-07 14:25:21.633  1033  1064 I SystemServerTimingAsync: ssm.onUnlockedUser-10_com.android.server.net.watchlist.NetworkWatchlistService$Lifecycle
09-07 14:25:21.633  1033  1064 D SystemServerTimingAsync: ssm.onUnlockedUser-10_com.android.server.net.watchlist.NetworkWatchlistService$Lifecycle took to complete: 0ms
09-07 14:25:21.633  1033  1064 I SystemServerTimingAsync: ssm.onUnlockedUser-10_com.android.server.PinnerService
09-07 14:25:21.633  1033  1064 D SystemServerTimingAsync: ssm.onUnlockedUser-10_com.android.server.PinnerService took to complete: 0ms
09-07 14:25:21.633  1033  1064 I SystemServerTimingAsync: ssm.onUnlockedUser-10_com.google.android.startop.iorap.IorapForwardingService
09-07 14:25:21.633  1033  1064 D SystemServerTimingAsync: ssm.onUnlockedUser-10_com.google.android.startop.iorap.IorapForwardingService took to complete: 0ms
09-07 14:25:21.633  1033  1064 I SystemServerTimingAsync: ssm.onUnlockedUser-10_com.android.server.integrity.AppIntegrityManagerService
09-07 14:25:21.633  1033  1064 D SystemServerTimingAsync: ssm.onUnlockedUser-10_com.android.server.integrity.AppIntegrityManagerService took to complete: 0ms
09-07 14:25:21.633  1033  1064 I SystemServerTimingAsync: ssm.onUnlockedUser-10_com.android.server.inputmethod.InputMethodManagerService$Lifecycle
09-07 14:25:21.633  1033  1064 D SystemServerTimingAsync: ssm.onUnlockedUser-10_com.android.server.inputmethod.InputMethodManagerService$Lifecycle took to complete: 0ms
09-07 14:25:21.633  1033  1064 I SystemServerTimingAsync: ssm.onUnlockedUser-10_com.android.server.accessibility.AccessibilityManagerService$Lifecycle
09-07 14:25:21.633  1033  1064 D SystemServerTimingAsync: ssm.onUnlockedUser-10_com.android.server.accessibility.AccessibilityManagerService$Lifecycle took to complete: 0ms
09-07 14:25:21.633  1033  1064 I SystemServerTimingAsync: ssm.onUnlockedUser-10_com.android.server.StorageManagerService$Lifecycle
09-07 14:25:21.633  1033  1064 D SystemServerTimingAsync: ssm.onUnlockedUser-10_com.android.server.StorageManagerService$Lifecycle took to complete: 0ms
09-07 14:25:21.633  1033  1064 I SystemServerTimingAsync: ssm.onUnlockedUser-10_com.android.server.usage.StorageStatsService$Lifecycle
09-07 14:25:21.633  1033  1064 D SystemServerTimingAsync: ssm.onUnlockedUser-10_com.android.server.usage.StorageStatsService$Lifecycle took to complete: 0ms
09-07 14:25:21.633  1033  1064 I SystemServerTimingAsync: ssm.onUnlockedUser-10_com.android.server.UiModeManagerService
09-07 14:25:21.633  1033  1064 D SystemServerTimingAsync: ssm.onUnlockedUser-10_com.android.server.UiModeManagerService took to complete: 0ms
09-07 14:25:21.633  1033  1064 I SystemServerTimingAsync: ssm.onUnlockedUser-10_com.android.server.locksettings.LockSettingsService$Lifecycle
09-07 14:25:21.633  1033  1064 D SystemServerTimingAsync: ssm.onUnlockedUser-10_com.android.server.locksettings.LockSettingsService$Lifecycle took to complete: 0ms
09-07 14:25:21.633  1033  1064 I SystemServerTimingAsync: ssm.onUnlockedUser-10_com.android.server.PersistentDataBlockService
09-07 14:25:21.633  1033  1064 D SystemServerTimingAsync: ssm.onUnlockedUser-10_com.android.server.PersistentDataBlockService took to complete: 0ms
09-07 14:25:21.633  1033  1064 I SystemServerTimingAsync: ssm.onUnlockedUser-10_com.android.server.testharness.TestHarnessModeService
09-07 14:25:21.634  1033  1064 D SystemServerTimingAsync: ssm.onUnlockedUser-10_com.android.server.testharness.TestHarnessModeService took to complete: 0ms
09-07 14:25:21.634  1033  1064 I SystemServerTimingAsync: ssm.onUnlockedUser-10_com.android.server.oemlock.OemLockService
09-07 14:25:21.634  1033  1064 D SystemServerTimingAsync: ssm.onUnlockedUser-10_com.android.server.oemlock.OemLockService took to complete: 0ms
09-07 14:25:21.634  1033  1064 I SystemServerTimingAsync: ssm.onUnlockedUser-10_com.android.server.DeviceIdleController
09-07 14:25:21.634  1033  1064 D SystemServerTimingAsync: ssm.onUnlockedUser-10_com.android.server.DeviceIdleController took to complete: 0ms
09-07 14:25:21.634  1033  1064 I SystemServerTimingAsync: ssm.onUnlockedUser-10_com.android.server.devicepolicy.DevicePolicyManagerService$Lifecycle
09-07 14:25:21.634  1033  1064 D SystemServerTimingAsync: ssm.onUnlockedUser-10_com.android.server.devicepolicy.DevicePolicyManagerService$Lifecycle took to complete: 0ms
09-07 14:25:21.634  1033  1064 I SystemServerTimingAsync: ssm.onUnlockedUser-10_com.android.server.textservices.TextServicesManagerService$Lifecycle
09-07 14:25:21.634  1033  1064 D SystemServerTimingAsync: ssm.onUnlockedUser-10_com.android.server.textservices.TextServicesManagerService$Lifecycle took to complete: 0ms
09-07 14:25:21.634  1033  1064 I SystemServerTimingAsync: ssm.onUnlockedUser-10_com.android.server.NetworkScoreService$Lifecycle
09-07 14:25:21.634  1033  1064 D SystemServerTimingAsync: ssm.onUnlockedUser-10_com.android.server.NetworkScoreService$Lifecycle took to complete: 0ms
09-07 14:25:21.634  1033  1064 I SystemServerTimingAsync: ssm.onUnlockedUser-10_com.android.server.wifi.WifiService
09-07 14:25:21.634  1033  1064 D SystemServerTimingAsync: ssm.onUnlockedUser-10_com.android.server.wifi.WifiService took to complete: 0ms
09-07 14:25:21.634  1033  1064 I SystemServerTimingAsync: ssm.onUnlockedUser-10_com.android.server.wifi.scanner.WifiScanningService
09-07 14:25:21.634  1033  1064 D SystemServerTimingAsync: ssm.onUnlockedUser-10_com.android.server.wifi.scanner.WifiScanningService took to complete: 0ms
09-07 14:25:21.634  1033  1064 I SystemServerTimingAsync: ssm.onUnlockedUser-10_com.android.server.ethernet.EthernetService
09-07 14:25:21.634  1033  1064 D SystemServerTimingAsync: ssm.onUnlockedUser-10_com.android.server.ethernet.EthernetService took to complete: 0ms
09-07 14:25:21.634  1033  1064 I SystemServerTimingAsync: ssm.onUnlockedUser-10_com.android.server.notification.NotificationManagerService
09-07 14:25:21.634  1033  1064 D SystemServerTimingAsync: ssm.onUnlockedUser-10_com.android.server.notification.NotificationManagerService took to complete: 0ms
09-07 14:25:21.634  1033  1064 I SystemServerTimingAsync: ssm.onUnlockedUser-10_com.android.server.storage.DeviceStorageMonitorService
09-07 14:25:21.634  1033  1064 D SystemServerTimingAsync: ssm.onUnlockedUser-10_com.android.server.storage.DeviceStorageMonitorService took to complete: 0ms
09-07 14:25:21.634  1033  1064 I SystemServerTimingAsync: ssm.onUnlockedUser-10_com.android.server.location.LocationManagerService$Lifecycle
09-07 14:25:21.634  1033  1064 D SystemServerTimingAsync: ssm.onUnlockedUser-10_com.android.server.location.LocationManagerService$Lifecycle took to complete: 0ms
09-07 14:25:21.634  1033  1064 I SystemServerTimingAsync: ssm.onUnlockedUser-10_com.android.server.timedetector.TimeDetectorService$Lifecycle
09-07 14:25:21.634  1033  1064 D SystemServerTimingAsync: ssm.onUnlockedUser-10_com.android.server.timedetector.TimeDetectorService$Lifecycle took to complete: 0ms
09-07 14:25:21.634  1033  1064 I SystemServerTimingAsync: ssm.onUnlockedUser-10_com.android.server.timezonedetector.TimeZoneDetectorService$Lifecycle
09-07 14:25:21.634  1033  1064 D SystemServerTimingAsync: ssm.onUnlockedUser-10_com.android.server.timezonedetector.TimeZoneDetectorService$Lifecycle took to complete: 0ms
09-07 14:25:21.634  1033  1064 I SystemServerTimingAsync: ssm.onUnlockedUser-10_com.android.server.search.SearchManagerService$Lifecycle
09-07 14:25:21.635  1033  1064 D SystemServerTimingAsync: ssm.onUnlockedUser-10_com.android.server.search.SearchManagerService$Lifecycle took to complete: 0ms
09-07 14:25:21.635  1033  1064 I SystemServerTimingAsync: ssm.onUnlockedUser-10_com.android.server.audio.AudioService$Lifecycle
09-07 14:25:21.635  1033  1064 D SystemServerTimingAsync: ssm.onUnlockedUser-10_com.android.server.audio.AudioService$Lifecycle took to complete: 0ms
09-07 14:25:21.635  1033  1064 I SystemServerTimingAsync: ssm.onUnlockedUser-10_com.android.server.soundtrigger_middleware.SoundTriggerMiddlewareService$Lifecycle
09-07 14:25:21.635  1033  1064 D SystemServerTimingAsync: ssm.onUnlockedUser-10_com.android.server.soundtrigger_middleware.SoundTriggerMiddlewareService$Lifecycle took to complete: 0ms
09-07 14:25:21.635  1033  1064 I SystemServerTimingAsync: ssm.onUnlockedUser-10_com.android.server.broadcastradio.BroadcastRadioService
09-07 14:25:21.635  1033  1064 D SystemServerTimingAsync: ssm.onUnlockedUser-10_com.android.server.broadcastradio.BroadcastRadioService took to complete: 0ms
09-07 14:25:21.635  1033  1064 I SystemServerTimingAsync: ssm.onUnlockedUser-10_com.android.server.DockObserver
09-07 14:25:21.635  1033  1064 D SystemServerTimingAsync: ssm.onUnlockedUser-10_com.android.server.DockObserver took to complete: 0ms
09-07 14:25:21.635  1033  1064 I SystemServerTimingAsync: ssm.onUnlockedUser-10_com.android.server.midi.MidiService$Lifecycle
09-07 14:25:21.635  1033  1064 D SystemServerTimingAsync: ssm.onUnlockedUser-10_com.android.server.midi.MidiService$Lifecycle took to complete: 0ms
09-07 14:25:21.635  1033  1064 I SystemServerTimingAsync: ssm.onUnlockedUser-10_com.android.server.adb.AdbService$Lifecycle
09-07 14:25:21.635  1033  1064 D SystemServerTimingAsync: ssm.onUnlockedUser-10_com.android.server.adb.AdbService$Lifecycle took to complete: 0ms
09-07 14:25:21.635  1033  1064 I SystemServerTimingAsync: ssm.onUnlockedUser-10_com.android.server.usb.UsbService$Lifecycle
09-07 14:25:21.635  1033  1064 D SystemServerTimingAsync: ssm.onUnlockedUser-10_com.android.server.usb.UsbService$Lifecycle took to complete: 0ms
09-07 14:25:21.635  1033  1064 I SystemServerTimingAsync: ssm.onUnlockedUser-10_com.android.server.twilight.TwilightService
09-07 14:25:21.635  1033  1064 D SystemServerTimingAsync: ssm.onUnlockedUser-10_com.android.server.twilight.TwilightService took to complete: 0ms
09-07 14:25:21.635  1033  1064 I SystemServerTimingAsync: ssm.onUnlockedUser-10_com.android.server.display.color.ColorDisplayService
09-07 14:25:21.635  1033  1064 D SystemServerTimingAsync: ssm.onUnlockedUser-10_com.android.server.display.color.ColorDisplayService took to complete: 0ms
09-07 14:25:21.635  1033  1064 I SystemServerTimingAsync: ssm.onUnlockedUser-10_com.android.server.job.JobSchedulerService
09-07 14:25:21.635  1033  1064 D SystemServerTimingAsync: ssm.onUnlockedUser-10_com.android.server.job.JobSchedulerService took to complete: 0ms
09-07 14:25:21.635  1033  1064 I SystemServerTimingAsync: ssm.onUnlockedUser-10_com.android.server.soundtrigger.SoundTriggerService
09-07 14:25:21.635  1033  1064 D SystemServerTimingAsync: ssm.onUnlockedUser-10_com.android.server.soundtrigger.SoundTriggerService took to complete: 0ms
09-07 14:25:21.635  1033  1064 I SystemServerTimingAsync: ssm.onUnlockedUser-10_com.android.server.trust.TrustManagerService
09-07 14:25:21.635  1033  1064 D SystemServerTimingAsync: ssm.onUnlockedUser-10_com.android.server.trust.TrustManagerService took to complete: 0ms
09-07 14:25:21.635  1033  1064 I SystemServerTimingAsync: ssm.onUnlockedUser-10_com.android.server.backup.BackupManagerService$Lifecycle
09-07 14:25:21.635  1033  1064 D SystemServerTimingAsync: ssm.onUnlockedUser-10_com.android.server.backup.BackupManagerService$Lifecycle took to complete: 0ms
09-07 14:25:21.635  1033  1064 I SystemServerTimingAsync: ssm.onUnlockedUser-10_com.android.server.appwidget.AppWidgetService
09-07 14:25:21.636  1033  1064 D SystemServerTimingAsync: ssm.onUnlockedUser-10_com.android.server.appwidget.AppWidgetService took to complete: 0ms
09-07 14:25:21.636  1033  1064 I SystemServerTimingAsync: ssm.onUnlockedUser-10_com.android.server.role.RoleManagerService
09-07 14:25:21.636  1033  1064 D SystemServerTimingAsync: ssm.onUnlockedUser-10_com.android.server.role.RoleManagerService took to complete: 0ms
09-07 14:25:21.636  1033  1064 I SystemServerTimingAsync: ssm.onUnlockedUser-10_com.android.server.voiceinteraction.VoiceInteractionManagerService
09-07 14:25:21.636  1033  1064 D SystemServerTimingAsync: ssm.onUnlockedUser-10_com.android.server.voiceinteraction.VoiceInteractionManagerService took to complete: 0ms
09-07 14:25:21.636  1033  1064 I SystemServerTimingAsync: ssm.onUnlockedUser-10_com.android.server.GestureLauncherService
09-07 14:25:21.636  1033  1064 D SystemServerTimingAsync: ssm.onUnlockedUser-10_com.android.server.GestureLauncherService took to complete: 0ms
09-07 14:25:21.636  1033  1064 I SystemServerTimingAsync: ssm.onUnlockedUser-10_com.android.server.SensorNotificationService
09-07 14:25:21.636  1033  1064 D SystemServerTimingAsync: ssm.onUnlockedUser-10_com.android.server.SensorNotificationService took to complete: 0ms
09-07 14:25:21.636  1033  1064 I SystemServerTimingAsync: ssm.onUnlockedUser-10_com.android.server.emergency.EmergencyAffordanceService
09-07 14:25:21.636  1033  1064 D SystemServerTimingAsync: ssm.onUnlockedUser-10_com.android.server.emergency.EmergencyAffordanceService took to complete: 0ms
09-07 14:25:21.636  1033  1064 I SystemServerTimingAsync: ssm.onUnlockedUser-10_com.android.server.dreams.DreamManagerService
09-07 14:25:21.636  1033  1064 D SystemServerTimingAsync: ssm.onUnlockedUser-10_com.android.server.dreams.DreamManagerService took to complete: 0ms
09-07 14:25:21.636  1033  1064 I SystemServerTimingAsync: ssm.onUnlockedUser-10_com.android.server.blob.BlobStoreManagerService
09-07 14:25:21.636  1033  1064 D SystemServerTimingAsync: ssm.onUnlockedUser-10_com.android.server.blob.BlobStoreManagerService took to complete: 0ms
09-07 14:25:21.636  1033  1064 I SystemServerTimingAsync: ssm.onUnlockedUser-10_com.android.server.print.PrintManagerService
09-07 14:25:21.636  1033  1064 D SystemServerTimingAsync: ssm.onUnlockedUser-10_com.android.server.print.PrintManagerService took to complete: 0ms
09-07 14:25:21.636  1033  1064 I SystemServerTimingAsync: ssm.onUnlockedUser-10_com.android.server.companion.CompanionDeviceManagerService
09-07 14:25:21.636  1033  1064 D SystemServerTimingAsync: ssm.onUnlockedUser-10_com.android.server.companion.CompanionDeviceManagerService took to complete: 0ms
09-07 14:25:21.636  1033  1064 I SystemServerTimingAsync: ssm.onUnlockedUser-10_com.android.server.restrictions.RestrictionsManagerService
09-07 14:25:21.636  1033  1064 D SystemServerTimingAsync: ssm.onUnlockedUser-10_com.android.server.restrictions.RestrictionsManagerService took to complete: 0ms
09-07 14:25:21.636  1033  1064 I SystemServerTimingAsync: ssm.onUnlockedUser-10_com.android.server.media.MediaSessionService
09-07 14:25:21.636  1033  1064 D SystemServerTimingAsync: ssm.onUnlockedUser-10_com.android.server.media.MediaSessionService took to complete: 0ms
09-07 14:25:21.636  1033  1064 I SystemServerTimingAsync: ssm.onUnlockedUser-10_com.android.server.media.MediaResourceMonitorService
09-07 14:25:21.636  1033  1064 D SystemServerTimingAsync: ssm.onUnlockedUser-10_com.android.server.media.MediaResourceMonitorService took to complete: 0ms
09-07 14:25:21.636  1033  1064 I SystemServerTimingAsync: ssm.onUnlockedUser-10_com.android.server.biometrics.BiometricService
09-07 14:25:21.636  1033  1064 D SystemServerTimingAsync: ssm.onUnlockedUser-10_com.android.server.biometrics.BiometricService took to complete: 0ms
09-07 14:25:21.637  1033  1064 I SystemServerTimingAsync: ssm.onUnlockedUser-10_com.android.server.biometrics.AuthService
09-07 14:25:21.637  1033  1064 D SystemServerTimingAsync: ssm.onUnlockedUser-10_com.android.server.biometrics.AuthService took to complete: 0ms
09-07 14:25:21.637  1033  1064 I SystemServerTimingAsync: ssm.onUnlockedUser-10_com.android.server.pm.ShortcutService$Lifecycle
09-07 14:25:21.637  1033  1064 D SystemServerTimingAsync: ssm.onUnlockedUser-10_com.android.server.pm.ShortcutService$Lifecycle took to complete: 0ms
09-07 14:25:21.637  1033  1064 I SystemServerTimingAsync: ssm.onUnlockedUser-10_com.android.server.pm.LauncherAppsService
09-07 14:25:21.637  1033  1064 D SystemServerTimingAsync: ssm.onUnlockedUser-10_com.android.server.pm.LauncherAppsService took to complete: 0ms
09-07 14:25:21.637  1033  1064 I SystemServerTimingAsync: ssm.onUnlockedUser-10_com.android.server.pm.CrossProfileAppsService
09-07 14:25:21.637  1033  1064 D SystemServerTimingAsync: ssm.onUnlockedUser-10_com.android.server.pm.CrossProfileAppsService took to complete: 0ms
09-07 14:25:21.637  1033  1064 I SystemServerTimingAsync: ssm.onUnlockedUser-10_com.android.server.people.PeopleService
09-07 14:25:21.637  1033  1064 D SystemServerTimingAsync: ssm.onUnlockedUser-10_com.android.server.people.PeopleService took to complete: 0ms
09-07 14:25:21.637  1033  1064 I SystemServerTimingAsync: ssm.onUnlockedUser-10_com.android.server.media.projection.MediaProjectionManagerService
09-07 14:25:21.637  1033  1064 D SystemServerTimingAsync: ssm.onUnlockedUser-10_com.android.server.media.projection.MediaProjectionManagerService took to complete: 0ms
09-07 14:25:21.637  1033  1064 I SystemServerTimingAsync: ssm.onUnlockedUser-10_com.android.server.slice.SliceManagerService$Lifecycle
09-07 14:25:21.637  1033  1064 D SystemServerTimingAsync: ssm.onUnlockedUser-10_com.android.server.slice.SliceManagerService$Lifecycle took to complete: 0ms
09-07 14:25:21.637  1033  1064 I SystemServerTimingAsync: ssm.onUnlockedUser-10_com.android.server.stats.StatsCompanion$Lifecycle
09-07 14:25:21.637  1033  1064 D SystemServerTimingAsync: ssm.onUnlockedUser-10_com.android.server.stats.StatsCompanion$Lifecycle took to complete: 0ms
09-07 14:25:21.637  1033  1064 I SystemServerTimingAsync: ssm.onUnlockedUser-10_com.android.server.stats.pull.StatsPullAtomService
09-07 14:25:21.637  1033  1064 D SystemServerTimingAsync: ssm.onUnlockedUser-10_com.android.server.stats.pull.StatsPullAtomService took to complete: 0ms
09-07 14:25:21.637  1033  1064 I SystemServerTimingAsync: ssm.onUnlockedUser-10_com.android.server.incident.IncidentCompanionService
09-07 14:25:21.637  1033  1064 D SystemServerTimingAsync: ssm.onUnlockedUser-10_com.android.server.incident.IncidentCompanionService took to complete: 0ms
09-07 14:25:21.637  1033  1064 I SystemServerTimingAsync: ssm.onUnlockedUser-10_com.android.server.MmsServiceBroker
09-07 14:25:21.637  1033  1064 D SystemServerTimingAsync: ssm.onUnlockedUser-10_com.android.server.MmsServiceBroker took to complete: 0ms
09-07 14:25:21.637  1033  1064 I SystemServerTimingAsync: ssm.onUnlockedUser-10_com.android.server.autofill.AutofillManagerService
09-07 14:25:21.637  1033  1064 D SystemServerTimingAsync: ssm.onUnlockedUser-10_com.android.server.autofill.AutofillManagerService took to complete: 0ms
09-07 14:25:21.638  1033  1064 I SystemServerTimingAsync: ssm.onUnlockedUser-10_com.android.server.clipboard.ClipboardService
09-07 14:25:21.638  1033  1064 D SystemServerTimingAsync: ssm.onUnlockedUser-10_com.android.server.clipboard.ClipboardService took to complete: 0ms
09-07 14:25:21.638  1033  1064 I SystemServerTimingAsync: ssm.onUnlockedUser-10_com.android.server.appbinding.AppBindingService$Lifecycle
09-07 14:25:21.638  1033  1064 D SystemServerTimingAsync: ssm.onUnlockedUser-10_com.android.server.appbinding.AppBindingService$Lifecycle took to complete: 0ms
09-07 14:25:21.638  1033  1064 I SystemServerTimingAsync: ssm.onUnlockedUser-10_com.android.server.policy.PermissionPolicyService
09-07 14:25:21.638  1033  1064 D SystemServerTimingAsync: ssm.onUnlockedUser-10_com.android.server.policy.PermissionPolicyService took to complete: 0ms
09-07 14:25:21.638  1033  1064 I SystemServerTimingAsync: ssm.onUnlockedUser-10_com.android.server.pm.StagingManager$Lifecycle
09-07 14:25:21.638  1033  1064 D SystemServerTimingAsync: ssm.onUnlockedUser-10_com.android.server.pm.StagingManager$Lifecycle took to complete: 0ms
09-07 14:25:21.638  1033  1064 I SystemServerTimingAsync: ssm.onUnlockedUser-10_com.android.internal.car.CarServiceHelperService
09-07 14:25:21.638  1033  1064 D CarServiceHelper: onUserUnlocked(10)
09-07 14:25:21.638  1033  1064 I CarServiceHelper: Time to unlock 1st user(10): +8s606ms
09-07 14:25:21.638  1033  1064 V CarServiceHelper: calling one-way binder transaction with code 3
09-07 14:25:21.639  1033  1064 V CarServiceHelper: finished one-way binder transaction with code 3
09-07 14:25:21.639  1033  1064 I CarServiceHelper: send-lifecycle-4-10
09-07 14:25:21.639  1033  1064 V CarServiceHelper: calling one-way binder transaction with code 2
09-07 14:25:21.639  1033  1064 V CarServiceHelper: finished one-way binder transaction with code 2
09-07 14:25:21.639  1033  1064 D CarServiceHelper: send-lifecycle-4-10 took to complete: 0ms
09-07 14:25:21.639  1033  1064 D SystemServerTimingAsync: ssm.onUnlockedUser-10_com.android.internal.car.CarServiceHelperService took to complete: 1ms
09-07 14:25:21.639  1033  1064 D SystemServerTimingAsync: ssm.UnlockedUser-10 took to complete: 9ms
09-07 14:25:21.639  1033  1064 W ActivityManager: UserLifecycleEvent 6 received without an active userJourneySession.
09-07 14:25:21.642  1326  1416 D CAR.USER: notify-listener-com.android.car.PerUserCarServiceHelper$Lambda took to complete: 0ms
09-07 14:25:21.642  1326  1416 D CAR.USER: notify-listener-com.android.car.CarMediaService$Lambda took to complete: 0ms
09-07 14:25:21.642  1326  1416 D CAR.USER: notify-listener-com.android.car.CarOccupantZoneService$Lambda took to complete: 0ms
09-07 14:25:21.643  1326  1416 D CAR.USER: notify-listener-com.android.car.pm.VendorServiceController@2703936 took to complete: 0ms
09-07 14:25:21.643  1326  1416 D CAR.USER: notify-listener-com.android.car.CarInputService$Lambda took to complete: 0ms
09-07 14:25:21.643  1326  1416 D CAR.USER: notify-listener-com.android.car.watchdog.CarWatchdogService$Lambda took to complete: 0ms
09-07 14:25:21.643  1326  1416 D CAR.USER: notify-listeners-user-10-event-4 took to complete: 1ms
09-07 14:25:21.643  1326  1416 D CAR.USER: notify-app-listener-uid-10141 took to complete: 0ms
09-07 14:25:21.643  1326  1416 D CAR.USER: notify-app-listeners-user-10-event-4 took to complete: 0ms
09-07 14:25:21.678  1033  1223 D CompatibilityChangeReporter: Compat change id reported: 135634846; UID 1010065; state: DISABLED
09-07 14:25:21.678  1033  1223 D CompatibilityChangeReporter: Compat change id reported: 135754954; UID 1010065; state: ENABLED
09-07 14:25:21.679  1033  1067 W ActivityManager: Slow operation: 58ms so far, now at startProcess: done updating battery stats
09-07 14:25:21.680  1033  1067 W ActivityManager: Slow operation: 58ms so far, now at startProcess: building log message
09-07 14:25:21.680  1033  1067 I ActivityManager: Start proc 2922:com.harman.usb.handler/u10s1000 for service {com.harman.usb.handler/com.harman.usb.handler.HarmanUsbService}
09-07 14:25:21.680  1033  1067 W ActivityManager: Slow operation: 59ms so far, now at startProcess: starting to update pids map
09-07 14:25:21.680  1033  1067 W ActivityManager: Slow operation: 59ms so far, now at startProcess: done updating pids map
09-07 14:25:21.681  1033  1067 D CompatibilityChangeReporter: Compat change id reported: 143937733; UID 1010065; state: ENABLED
09-07 14:25:21.691  1033  1824 W ActivityTaskManager: Tried to set launchTime (0) < mLastActivityLaunchTime (24517)
09-07 14:25:21.705  1033  1053 W Looper  : Slow dispatch took 169ms android.fg h=com.android.server.DropBoxManagerService$DropBoxManagerBroadcastHandler c=null m=2
09-07 14:25:21.706  2517  2517 I KPI_Marker: [26.279000] [DCHome.HomeScreenActivity] Last_Active_App_Visible
09-07 14:25:21.712  1033  2897 D CompatibilityChangeReporter: Compat change id reported: 135634846; UID 1001000; state: DISABLED
09-07 14:25:21.712  1033  2897 D CompatibilityChangeReporter: Compat change id reported: 135754954; UID 1001000; state: ENABLED
09-07 14:25:21.721  1033  1067 I ActivityManager: Start proc 2942:com.harman.car/u10a65 for service {com.harman.car/com.harman.car.HarmanCarBluetoothPowerModeHandler}
09-07 14:25:21.721  1033  1033 W Looper  : Slow dispatch took 105ms main h=com.android.providers.settings.SettingsProvider$SettingsRegistry$MyHandler c=null m=1
09-07 14:25:21.722  1033  1033 W Looper  : Slow delivery took 204ms main h=com.android.providers.settings.SettingsProvider$SettingsRegistry$MyHandler c=null m=2
09-07 14:25:21.728  1033  1063 D CompatibilityChangeReporter: Compat change id reported: 135634846; UID 1010108; state: DISABLED
09-07 14:25:21.729  1033  1063 D CompatibilityChangeReporter: Compat change id reported: 135754954; UID 1010108; state: ENABLED
09-07 14:25:21.732  1033  1825 D CompatibilityChangeReporter: Compat change id reported: 135634846; UID 1000; state: DISABLED
09-07 14:25:21.732  1033  1825 D CompatibilityChangeReporter: Compat change id reported: 135754954; UID 1000; state: ENABLED
09-07 14:25:21.752  1033  1053 D UsbDeviceManager: push notification:Charging connected device via USB
09-07 14:25:21.753  1033  1053 I ActivityTaskManager: Loading recents for user 10 into memory.
09-07 14:25:21.753  1033  1033 V NotificationAssistants: disabling notification assistant for user 10: ComponentInfo{android.ext.services/android.ext.services.notification.Assistant}
09-07 14:25:21.753  1033  1033 D NotificationListeners: Removing active service ComponentInfo{android.ext.services/android.ext.services.notification.Assistant}
09-07 14:25:21.754  1033  1053 E TaskPersister: restoreTasksForUserLocked: Unable to list files from /data/system_ce/10/recent_tasks
09-07 14:25:21.759  1033  1067 W ActivityManager: Slow operation: 53ms so far, now at startProcess: returned from zygote!
09-07 14:25:21.761  1033  1033 V NotificationAssistants: enabling notification assistant for 10: ComponentInfo{android.ext.services/android.ext.services.notification.Assistant}
09-07 14:25:21.762  1033  1033 V NotificationAssistants: binding: Intent { act=android.service.notification.NotificationAssistantService cmp=android.ext.services/.notification.Assistant (has extras) }
09-07 14:25:21.763  2922  2922 I KPI_Marker: [26.336000] [HarmanUsbHandler] ******Started From CarService onCreate
09-07 14:25:21.775  1033  1067 W ActivityManager: Slow operation: 69ms so far, now at startProcess: done updating battery stats
09-07 14:25:21.775  1033  1067 W ActivityManager: Slow operation: 69ms so far, now at startProcess: building log message
09-07 14:25:21.775  1033  1067 I ActivityManager: Start proc 2969:com.android.keychain/u10s1000 for service {com.android.keychain/com.android.keychain.KeyChainService}
09-07 14:25:21.775  1033  1067 W ActivityManager: Slow operation: 69ms so far, now at startProcess: starting to update pids map
09-07 14:25:21.775  1033  1067 W ActivityManager: Slow operation: 69ms so far, now at startProcess: done updating pids map
09-07 14:25:21.775  1033  1067 D CompatibilityChangeReporter: Compat change id reported: 143937733; UID 1010108; state: ENABLED
09-07 14:25:21.783  1033  1252 D BluetoothManagerService: Trying to bind to profile: 1, while Bluetooth was disabled
09-07 14:25:21.803  1033  1033 V NotificationAssistants: 10 notification assistant service connected: ComponentInfo{android.ext.services/android.ext.services.notification.Assistant}
09-07 14:25:21.809  1033  1067 W ActivityManager: Slow operation: 81ms so far, now at startProcess: returned from zygote!
09-07 14:25:21.811  1033  1067 W ActivityManager: Slow operation: 82ms so far, now at startProcess: done updating battery stats
09-07 14:25:21.811  1033  1067 W ActivityManager: Slow operation: 83ms so far, now at startProcess: building log message
09-07 14:25:21.811  1033  1067 I ActivityManager: Start proc 2997:com.android.printspooler/u10a108 for service {com.android.printspooler/com.android.printspooler.model.PrintSpoolerService}
09-07 14:25:21.811  1033  1067 W ActivityManager: Slow operation: 83ms so far, now at startProcess: starting to update pids map
09-07 14:25:21.812  1033  1067 W ActivityManager: Slow operation: 84ms so far, now at startProcess: done updating pids map
09-07 14:25:21.812  1033  1067 W ActivityManager: Slow operation: 81ms so far, now at startProcess: asking zygote to start proc
09-07 14:25:21.820  1033  2893 I StorageUserConnection: Service: [ComponentInfo{com.android.providers.media.module/com.android.providers.media.fuse.ExternalStorageServiceImpl}] connected. User [10]
09-07 14:25:21.831  1033  1053 I AppWidgetServiceImpl: Processing of handleUserUnlocked u10 took 76 ms
09-07 14:25:21.837  1033  1053 W Looper  : Drained
09-07 14:25:21.840  2644  2644 D SystemUIBootTiming: DependencyInjection took to complete: 1ms
09-07 14:25:21.842  1033  1067 W ActivityManager: Slow operation: 111ms so far, now at startProcess: returned from zygote!
09-07 14:25:21.843  1033  1067 W ActivityManager: Slow operation: 112ms so far, now at startProcess: done updating battery stats
09-07 14:25:21.843  1033  1067 W ActivityManager: Slow operation: 112ms so far, now at startProcess: building log message
09-07 14:25:21.843  1033  1067 I ActivityManager: Start proc 3018:com.qti.diagservices/1000 for broadcast {com.qti.diagservices/com.qti.diagservices.Diag_OnBoot}
09-07 14:25:21.843  1033  1067 W ActivityManager: Slow operation: 112ms so far, now at startProcess: starting to update pids map
09-07 14:25:21.843  1033  1067 W ActivityManager: Slow operation: 112ms so far, now at startProcess: done updating pids map
09-07 14:25:21.843  1033  1067 W ActivityManager: Slow operation: 96ms so far, now at startProcess: asking zygote to start proc
09-07 14:25:21.850  1033  1033 W Looper  : Drained
09-07 14:25:21.871  1033  1067 W ActivityManager: Slow operation: 124ms so far, now at startProcess: returned from zygote!
09-07 14:25:21.872  1033  1067 W ActivityManager: Slow operation: 125ms so far, now at startProcess: done updating battery stats
09-07 14:25:21.872  1033  1067 W ActivityManager: Slow operation: 125ms so far, now at startProcess: building log message
09-07 14:25:21.872  1033  1067 I ActivityManager: Start proc 3033:com.harman.mediamodeservice/u10s1000 for service {com.harman.mediamodeservice/com.harman.mediamodeservice.service.MediaModeService}
09-07 14:25:21.872  1033  1067 W ActivityManager: Slow operation: 125ms so far, now at startProcess: starting to update pids map
09-07 14:25:21.878  1033  1067 W ActivityManager: Slow operation: 131ms so far, now at startProcess: done updating pids map
09-07 14:25:21.881  2644  2644 D SystemUIBootTiming: StartSecondaryServicescom.android.systemui.util.NotificationChannels took to complete: 35ms
09-07 14:25:21.881  2644  2644 D SystemUIBootTiming: StartSecondaryServices took to complete: 36ms
09-07 14:25:21.886  1635  1674 I KPI_Marker: [26.459000] [HarmanUsbHandlerManager] Notifying Client Listeners: com.harman.DCSM
09-07 14:25:21.891  1683  1815 I KPI_Marker: [26.464000] [HarmanUsbHandlerManager] Notifying Client Listeners: com.harman.connectivity.iap2service
09-07 14:25:21.906  1708  1917 I KPI_Marker: [26.478000] [HarmanUsbHandlerManager] Notifying Client Listeners: com.harman.connectivity.androidauto.application.internals
09-07 14:25:21.926  1033  1033 W NotificationHistory: Attempted to add notif for locked/gone/disabled user 0
09-07 14:25:21.978  3018  3018 W ContextImpl: Calling a method in the system process without a qualified user: android.app.ContextImpl.startService:1669 android.content.ContextWrapper.startService:720 android.content.ContextWrapper.startService:720 com.qti.diagservices.Diag_OnBoot.onReceive:40 android.app.ActivityThread.handleReceiver:4026 
09-07 14:25:21.989  1033  1033 D NotificationService: 10|com.samsung.android.automotive.launcher|111|null|1010080: granting content://settings/system/notification_sound
09-07 14:25:21.991  1033  1033 I chatty  : uid=1000 system_server identical 3 lines
09-07 14:25:21.991  1033  1033 D NotificationService: 10|com.samsung.android.automotive.launcher|111|null|1010080: granting content://settings/system/notification_sound
09-07 14:25:21.991  1033  1033 W NotificationHistory: Attempted to add notif for locked/gone/disabled user 10
09-07 14:25:21.993  1033  1033 W NotificationHistory: Attempted to add notif for locked/gone/disabled user 0
09-07 14:25:22.023  1033  1431 D CompatibilityChangeReporter: Compat change id reported: 135634846; UID 10133; state: DISABLED
09-07 14:25:22.024  1033  1431 D CompatibilityChangeReporter: Compat change id reported: 135754954; UID 10133; state: DISABLED
09-07 14:25:22.024  1033  1067 D CompatibilityChangeReporter: Compat change id reported: 143937733; UID 10133; state: DISABLED
09-07 14:25:22.033  1033  1825 D CompatibilityChangeReporter: Compat change id reported: 136219221; UID 1001000; state: ENABLED
09-07 14:25:22.034  1033  1064 W UriGrantsManagerService: For security reasons, the system cannot issue a Uri permission grant to content://settings/system/notification_sound [user 10]; use startActivityAsCaller() instead
09-07 14:25:22.081  1033  1067 W ActivityManager: Slow operation: 59ms so far, now at startProcess: returned from zygote!
09-07 14:25:22.081  1033  1067 W ActivityManager: Slow operation: 59ms so far, now at startProcess: done updating battery stats
09-07 14:25:22.081  1033  1067 W ActivityManager: Slow operation: 59ms so far, now at startProcess: building log message
09-07 14:25:22.081  1033  1067 I ActivityManager: Start proc 3095:com.android.calendar/u0a133 for broadcast {com.android.calendar/com.android.calendar.alerts.AlertReceiver}
09-07 14:25:22.081  1033  1067 W ActivityManager: Slow operation: 59ms so far, now at startProcess: starting to update pids map
09-07 14:25:22.091  1033  1067 W ActivityManager: Slow operation: 69ms so far, now at startProcess: done updating pids map
09-07 14:25:22.155  1033  1252 V WindowManager: Orientation start waiting for draw, mDrawState=DRAW_PENDING in Window{7010712 u0 HeadsUpNotification}, surfaceController Surface(name=HeadsUpNotification)/@0x1a8988a
09-07 14:25:22.157  1033  1033 D BluetoothManagerService: Bluetooth Adapter address changed to 1C:E1:92:8C:01:05
09-07 14:25:22.157  1033  1033 D BluetoothManagerService: Stored Bluetoothaddress: 1C:E1:92:8C:01:05
09-07 14:25:22.159  1033  1033 D BluetoothManagerService: Bluetooth Adapter name changed to Titan
09-07 14:25:22.159  1033  1033 D BluetoothManagerService: Stored Bluetooth name: Titan
09-07 14:25:22.167  3033  3033 I KPI_Marker: [26.740000] [MediaModeService] Last source monitor stopped
09-07 14:25:22.182  1033  1873 D CompatibilityChangeReporter: Compat change id reported: 135634846; UID 1000; state: DISABLED
09-07 14:25:22.183  1033  1873 D CompatibilityChangeReporter: Compat change id reported: 135754954; UID 1000; state: ENABLED
09-07 14:25:22.185  3033  3033 I KPI_Marker: [26.758000] [MediaModeService] Last source restoring:com.harman.radioservice/.service.RadioService
09-07 14:25:22.187  1033  1825 D CompatibilityChangeReporter: Compat change id reported: 135634846; UID 1001000; state: DISABLED
09-07 14:25:22.188  1033  1825 D CompatibilityChangeReporter: Compat change id reported: 135754954; UID 1001000; state: ENABLED
09-07 14:25:22.217  1033  1067 I ActivityManager: Start proc 3145:com.android.localtransport/1000 for service {com.android.localtransport/com.android.localtransport.LocalTransportService}
09-07 14:25:22.220  1033  1053 D AutofillManagerService: Close system dialogs
09-07 14:25:22.222  1033  1055 D BluetoothManagerService: MESSAGE_BLUETOOTH_STATE_CHANGE: BLE_TURNING_ON > BLE_ON
09-07 14:25:22.222  1033  1055 D BluetoothManagerService: Bluetooth is in LE only mode
09-07 14:25:22.222  1033  1055 D BluetoothManagerService: Binding Bluetooth GATT service
09-07 14:25:22.241  1033  1252 D CompatibilityChangeReporter: Compat change id reported: 135634846; UID 10073; state: DISABLED
09-07 14:25:22.241  1033  1252 D CompatibilityChangeReporter: Compat change id reported: 135754954; UID 10073; state: ENABLED
09-07 14:25:22.243   512  3144 I KPI_Marker: [26.816365] [HarmanAudioEffect] Audio_Volume_Changed
09-07 14:25:22.243   512  1065 I KPI_Marker: [26.816677] [HarmanAudioControl] Audio_Fade_In
09-07 14:25:22.247  1033  1033 D NotificationService: 10|com.harman.mediamodeservice|1|null|1001000: granting content://settings/system/notification_sound
09-07 14:25:22.247  1033  1033 W UriGrantsManagerService: For security reasons, the system cannot issue a Uri permission grant to content://settings/system/notification_sound [user 10]; use startActivityAsCaller() instead
09-07 14:25:22.247  1033  1033 D NotificationService: 10|com.harman.mediamodeservice|1|null|1001000: granting content://settings/system/notification_sound
09-07 14:25:22.247  1033  1033 W UriGrantsManagerService: For security reasons, the system cannot issue a Uri permission grant to content://settings/system/notification_sound [user 10]; use startActivityAsCaller() instead
09-07 14:25:22.248  1033  1033 D NotificationService: 10|com.harman.mediamodeservice|1|null|1001000: granting content://settings/system/notification_sound
09-07 14:25:22.248  1033  1033 W UriGrantsManagerService: For security reasons, the system cannot issue a Uri permission grant to content://settings/system/notification_sound [user 10]; use startActivityAsCaller() instead
09-07 14:25:22.248  1033  1033 D NotificationService: 10|com.harman.mediamodeservice|1|null|1001000: granting content://settings/system/notification_sound
09-07 14:25:22.248  1033  1033 W UriGrantsManagerService: For security reasons, the system cannot issue a Uri permission grant to content://settings/system/notification_sound [user 10]; use startActivityAsCaller() instead
09-07 14:25:22.248  1033  1033 D NotificationService: 10|com.harman.mediamodeservice|1|null|1001000: granting content://settings/system/notification_sound
09-07 14:25:22.248  1033  1033 W UriGrantsManagerService: For security reasons, the system cannot issue a Uri permission grant to content://settings/system/notification_sound [user 10]; use startActivityAsCaller() instead
09-07 14:25:22.250  1033  1067 W ActivityManager: Slow operation: 63ms so far, now at startProcess: returned from zygote!
09-07 14:25:22.251  1033  1033 W NotificationHistory: Attempted to add notif for locked/gone/disabled user 10
09-07 14:25:22.254  1033  1055 D BluetoothManagerService: Sending BLE State Change: BLE_TURNING_ON > BLE_ON
09-07 14:25:22.255  1033  1067 W ActivityManager: Slow operation: 68ms so far, now at startProcess: done updating battery stats
09-07 14:25:22.255  1033  1067 W ActivityManager: Slow operation: 68ms so far, now at startProcess: building log message
09-07 14:25:22.255  1033  1067 I ActivityManager: Start proc 3154:com.harman.mediacoreservice/u10s1000 for service {com.harman.mediacoreservice/com.harman.mediacoreservice.harmaniapplayer.HarmanIAPPlayer}
09-07 14:25:22.256  1033  1067 W ActivityManager: Slow operation: 68ms so far, now at startProcess: starting to update pids map
09-07 14:25:22.256  1033  1067 W ActivityManager: Slow operation: 69ms so far, now at startProcess: done updating pids map
09-07 14:25:22.256  1033  1067 W ActivityManager: Slow operation: 56ms so far, now at startProcess: asking zygote to start proc
09-07 14:25:22.261  1033  1033 D BluetoothManagerService: BluetoothServiceConnection: com.android.bluetooth.gatt.GattService
09-07 14:25:22.261  1033  1055 D BluetoothManagerService: MESSAGE_BLUETOOTH_SERVICE_CONNECTED: 2
09-07 14:25:22.261  1033  1055 D BluetoothManagerService: continueFromBleOnState()
09-07 14:25:22.267  1033  1055 D BluetoothManagerService: Persisting Bluetooth Setting: 1
09-07 14:25:22.267  1033  1055 D BluetoothManagerService: MESSAGE_BLUETOOTH_STATE_CHANGE: BLE_ON > TURNING_ON
09-07 14:25:22.268  1033  1055 D BluetoothManagerService: Sending BLE State Change: BLE_ON > TURNING_ON
09-07 14:25:22.294  1033  1825 D CompatibilityChangeReporter: Compat change id reported: 136219221; UID 1001000; state: ENABLED
