09-07 14:25:16.750  1033  1060 I chatty  : uid=1000 system_server expire 7 lines
09-07 14:25:16.760  1033  1033 I chatty  : uid=1000 system_server expire 241 lines
09-07 14:25:16.761  1033  1180 I chatty  : uid=1000(system) HwBinder:1033_2 expire 1 line
09-07 14:25:16.770  1033  1209 I chatty  : uid=1000(system) ConnectivitySer expire 1 line
09-07 14:25:16.789  1033  1163 I chatty  : uid=1000 system_server expire 7 lines
09-07 14:25:16.858  1033  1054 I chatty  : uid=1000(system) android.ui expire 1 line
09-07 14:25:16.875  1033  1172 I chatty  : uid=1000 system_server expire 4 lines
09-07 14:25:16.876  1033  1033 I chatty  : uid=1000 system_server expire 249 lines
09-07 14:25:16.893  1033  1171 I chatty  : uid=1000 system_server expire 3 lines
09-07 14:25:16.929  1033  1209 I chatty  : uid=1000(system) ConnectivitySer expire 2 lines
09-07 14:25:16.943  1033  1033 I chatty  : uid=1000 system_server expire 243 lines
09-07 14:25:16.959  1033  1100 I chatty  : uid=1000(system) PowerManagerSer expire 2 lines
09-07 14:25:16.959  1033  1090 I chatty  : uid=1000(system) batterystats-wo expire 3 lines
09-07 14:25:16.960  1033  1063 I chatty  : uid=1000(system) android.bg expire 3 lines
09-07 14:25:17.016  1033  1056 I chatty  : uid=1000(system) android.display expire 2 lines
09-07 14:25:17.019  1033  1105 I chatty  : uid=1000(system) PackageManager expire 1 line
09-07 14:25:17.022  1033  1033 I chatty  : uid=1000 system_server expire 171 lines
09-07 14:25:17.026  1033  1176 I chatty  : uid=1000 system_server expire 8 lines
09-07 14:25:17.026  1033  1188 I chatty  : uid=1000 system_server expire 40 lines
09-07 14:25:17.026  1033  1190 I chatty  : uid=1000 system_server expire 8 lines
09-07 14:25:17.026  1033  1154 I chatty  : uid=1000 system_server expire 4 lines
09-07 14:25:17.026  1033  1163 I chatty  : uid=1000 system_server expire 8 lines
09-07 14:25:17.027  1033  1172 I chatty  : uid=1000 system_server expire 4 lines
09-07 14:25:17.027  1033  1060 I chatty  : uid=1000 system_server expire 8 lines
09-07 14:25:17.029  1033  1171 I chatty  : uid=1000 system_server expire 11 lines
09-07 14:25:17.101  1033  1033 I chatty  : uid=1000 system_server expire 213 lines
09-07 14:25:17.103  1033  1176 I chatty  : uid=1000 system_server expire 4 lines
09-07 14:25:17.103  1033  1187 I chatty  : uid=1000(system) StorageManagerS expire 1 line
09-07 14:25:17.105  1033  1231 I chatty  : uid=1000(system) HwBinder:1033_3 expire 2 lines
09-07 14:25:17.106  1033  1053 I chatty  : uid=1000(system) android.fg expire 2 lines
09-07 14:25:17.108  1033  1218 I chatty  : uid=1000(system) AudioService expire 1 line
09-07 14:25:17.192   531   595 E NetlinkEvent: NetlinkEvent::FindParam(): Parameter 'dual_role_usb' not found
09-07 14:25:17.192   530   602 E NetlinkEvent: NetlinkEvent::FindParam(): Parameter 'PRODUCT' not found
09-07 14:25:17.192   530   602 E NetlinkEvent: NetlinkEvent::FindParam(): Parameter 'INTERFACE' not found
09-07 14:25:17.192   531   595 E NetlinkEvent: NetlinkEvent::FindParam(): Parameter 'OVER_CURRENT_PORT' not found
09-07 14:25:17.192   531   595 E NetlinkEvent: NetlinkEvent::FindParam(): Parameter 'UNRECOGNIZED_USB_DEVICE_ON_PORT' not found
09-07 14:25:17.231  1033  1067 I chatty  : uid=1000(system) ActivityManager expire 21 lines
09-07 14:25:17.252  1033  1195 I chatty  : uid=1000(system) NetworkPolicy expire 1 line
09-07 14:25:17.304  1033  1209 I chatty  : uid=1000(system) ConnectivitySer expire 4 lines
09-07 14:25:17.387  1033  1033 I chatty  : uid=1000 system_server expire 173 lines
09-07 14:25:17.389  1033  1063 I chatty  : uid=1000(system) android.bg expire 2 lines
09-07 14:25:17.453  1033  1391 I chatty  : uid=1000 system_server expire 1 line
09-07 14:25:17.464  1033  1055 I chatty  : uid=1000(system) android.io expire 4 lines
09-07 14:25:17.497  1033  1223 I chatty  : uid=1000(system) Binder:1033_3 expire 4 lines
09-07 14:25:17.516  1033  1252 I chatty  : uid=1000(system) Binder:1033_4 expire 1 line
09-07 14:25:17.524   398   398 D vold    : fscrypt_prepare_user_storage for volume null, user 0, serial 0, flags 1
09-07 14:25:17.524   398   398 D vold    : Preparing: /data/system/users/0
09-07 14:25:17.524   398   398 D vold    : Preparing: /data/misc/profiles/cur/0
09-07 14:25:17.524   398   398 D vold    : Preparing: /data/system_de/0
09-07 14:25:17.524   398   398 D vold    : Preparing: /data/misc_de/0
09-07 14:25:17.524   398   398 D vold    : Preparing: /data/vendor_de/0
09-07 14:25:17.524   398   398 D vold    : Preparing: /data/user_de/0
09-07 14:25:17.524   398   398 I vold    : Verified that /data/system_de/0 has the encryption policy 90db83ab511a0ed6dfda38cb085fc41a v2 modes 1/4 flags 0x12
09-07 14:25:17.524   398   398 I vold    : Verified that /data/misc_de/0 has the encryption policy 90db83ab511a0ed6dfda38cb085fc41a v2 modes 1/4 flags 0x12
09-07 14:25:17.524   398   398 I vold    : Verified that /data/vendor_de/0 has the encryption policy 90db83ab511a0ed6dfda38cb085fc41a v2 modes 1/4 flags 0x12
09-07 14:25:17.524   398   398 I vold    : Verified that /data/user_de/0 has the encryption policy 90db83ab511a0ed6dfda38cb085fc41a v2 modes 1/4 flags 0x12
09-07 14:25:17.524   398   398 D vold    : /system/bin/vold_prepare_subdirs
09-07 14:25:17.524   398   398 D vold    :     prepare
09-07 14:25:17.524   398   398 D vold    :     
09-07 14:25:17.524   398   398 D vold    :     0
09-07 14:25:17.524   398   398 D vold    :     1
09-07 14:25:17.687  1326  1326 I ICarImpl: VehicleHal.init
09-07 14:25:17.689  1326  1326 D VehicleHalTiming: VehicleHal.init took to complete: 2ms
09-07 14:25:17.689  1326  1326 I ICarImpl: CarService.initAllServices
09-07 14:25:17.694  1326  1418 I CAR.POWER: doHandlePowerStateChange: newState=WAIT_FOR_VHAL(0)
09-07 14:25:17.694  1326  1418 I CAR.POWER: setCurrentState CpmsState canSleep:false, canPostpone=false, carPowerStateListenerState=1, CpmsState=WAIT_FOR_VHAL(0)
09-07 14:25:17.701  1326  1418 W CAR.POWER: Failed to read wifi_state: java.io.FileNotFoundException: /data/system/car/wifi_state: open failed: ENOENT (No such file or directory)
09-07 14:25:17.711  1326  1418 I CAR.POWER: doHandlePowerStateChange: newState=ON(1)
09-07 14:25:17.711  1326  1418 I CAR.POWER: setCurrentState CpmsState canSleep:false, canPostpone=false, carPowerStateListenerState=6, CpmsState=ON(1)
09-07 14:25:17.711  1326  1418 I CAR.POWER: User switch disallowed while booting
09-07 14:25:17.716  1326  1418 D CAR.POWER: switchUserOnResumeIfNecessary(): allowSwitching=false, mSwitchGuestUserBeforeSleep=true
09-07 14:25:17.735  1326  1326 W ContextImpl: Calling a method in the system process without a qualified user: android.app.ContextImpl.bindService:1748 android.content.ContextWrapper.bindService:756 com.android.car.CarInputService.bindCarInputService:756 com.android.car.CarInputService.init:388 com.android.car.ICarImpl.init:334 
09-07 14:25:17.761  1033  1067 I chatty  : uid=1000(system) ActivityManager expire 2 lines
09-07 14:25:17.795   512  1442 I KPI_Marker: [22.368771] [HarmanAudioEffect] Audio_Volume_Changed
09-07 14:25:17.813   512  1455 I KPI_Marker: [22.386422] [HarmanAudioEffect] Audio_Volume_Changed
09-07 14:25:17.831   512  1457 I KPI_Marker: [22.404699] [HarmanAudioEffect] Audio_Volume_Changed
09-07 14:25:17.846  1033  1493 I chatty  : uid=1000 system_server expire 1 line
09-07 14:25:17.851   512  1458 I KPI_Marker: [22.424295] [HarmanAudioEffect] Audio_Volume_Changed
09-07 14:25:17.851  1354  1354 D SystemUIBootTiming: DependencyInjection took to complete: 1ms
09-07 14:25:17.860  1354  1354 D SystemUIBootTiming: StartServicescom.android.systemui.car.voicerecognition.ConnectedDeviceVoiceRecognitionNotifier took to complete: 2ms
09-07 14:25:17.868   512  1461 I KPI_Marker: [22.441869] [HarmanAudioEffect] Audio_Volume_Changed
09-07 14:25:17.872  1354  1354 D SystemUIBootTiming: StartServicescom.android.systemui.usb.StorageNotification took to complete: 12ms
09-07 14:25:17.887   512  1467 I KPI_Marker: [22.460622] [HarmanAudioEffect] Audio_Volume_Changed
09-07 14:25:17.894  1033  1498 I chatty  : uid=1000 system_server expire 1 line
09-07 14:25:17.894  1354  1354 D SystemUIBootTiming: StartServicescom.android.systemui.power.PowerUI took to complete: 22ms
09-07 14:25:17.898  1354  1354 D SystemUIBootTiming: StartServicescom.android.systemui.media.RingtonePlayer took to complete: 3ms
09-07 14:25:17.900  1354  1354 D SystemUIBootTiming: StartServicescom.android.systemui.biometrics.AuthController took to complete: 2ms
09-07 14:25:17.911   512  1473 I KPI_Marker: [22.483953] [HarmanAudioEffect] Audio_Volume_Changed
09-07 14:25:17.927   512  1480 I KPI_Marker: [22.499935] [HarmanAudioEffect] Audio_Volume_Changed
09-07 14:25:17.959  1033  1432 I chatty  : uid=1000(system) Binder:1033_6 expire 1 line
09-07 14:25:18.109  1033  1064 I chatty  : uid=1000(system) ActivityManager expire 318 lines
09-07 14:25:18.111   398   398 D vold    : fscrypt_unlock_user_key 0 serial=0 token_present=0
09-07 14:25:18.111   398   398 D vold    : IsEmmcStorage(): blk_device = /dev/block/bootdevice/by-name/userdata, real_path=/dev/block/mmcblk0p75
09-07 14:25:18.112   398   398 D vold    : Skipping non-key ..
09-07 14:25:18.112   398   398 D vold    : Skipping non-key .
09-07 14:25:18.112   398   398 D vold    : Trying user CE key /data/misc/vold/user_keys/ce/0/current
09-07 14:25:18.125   398   398 I vold    : List of Keymaster HALs found:
09-07 14:25:18.125   398   398 I vold    : Keymaster HAL #1: Keymaster HAL: 4 from QTI SecurityLevel: TRUSTED_ENVIRONMENT HAL: android.hardware.keymaster@4.1::IKeymasterDevice/default
09-07 14:25:18.125   398   398 I vold    : Using Keymaster HAL: 4 from QTI for encryption.  Security level: TRUSTED_ENVIRONMENT, HAL: android.hardware.keymaster@4.1::IKeymasterDevice/default
09-07 14:25:18.136   398   398 D vold    : Successfully retrieved key
09-07 14:25:18.140  1033  1432 I chatty  : uid=1000(system) Binder:1033_6 expire 3 lines
09-07 14:25:18.143   398   398 I vold    : List of Keymaster HALs found:
09-07 14:25:18.144   398   398 I vold    : Keymaster HAL #1: Keymaster HAL: 4 from QTI SecurityLevel: TRUSTED_ENVIRONMENT HAL: android.hardware.keymaster@4.1::IKeymasterDevice/default
09-07 14:25:18.144   398   398 I vold    : Using Keymaster HAL: 4 from QTI for encryption.  Security level: TRUSTED_ENVIRONMENT, HAL: android.hardware.keymaster@4.1::IKeymasterDevice/default
09-07 14:25:18.152  1033  1064 I chatty  : uid=1000(system) ActivityManager expire 176 lines
09-07 14:25:18.155   398   398 D vold    : Installed fscrypt key with ref 7f7d2934407fdbdda6be0c64ec0a76be to /data
09-07 14:25:18.155   398   398 D vold    : Added fscrypt-provisioning key for 7f7d2934407fdbdda6be0c64ec0a76be to session keyring
09-07 14:25:18.155   398   398 D vold    : Installed ce key for user 0
09-07 14:25:18.157  1033  1033 I chatty  : uid=1000 system_server expire 23 lines
09-07 14:25:18.158   398   398 D vold    : fscrypt_prepare_user_storage for volume null, user 0, serial 0, flags 2
09-07 14:25:18.158   398   398 D vold    : Preparing: /data/system_ce/0
09-07 14:25:18.158   398   398 D vold    : Preparing: /data/misc_ce/0
09-07 14:25:18.159   398   398 D vold    : Preparing: /data/vendor_ce/0
09-07 14:25:18.160   398   398 D vold    : Preparing: /data/media/0
09-07 14:25:18.160   398   398 D vold    : Preparing: /data/data
09-07 14:25:18.160   398   398 I vold    : Verified that /data/system_ce/0 has the encryption policy 7f7d2934407fdbdda6be0c64ec0a76be v2 modes 1/4 flags 0x12
09-07 14:25:18.160   398   398 I vold    : Verified that /data/misc_ce/0 has the encryption policy 7f7d2934407fdbdda6be0c64ec0a76be v2 modes 1/4 flags 0x12
09-07 14:25:18.162   398   398 I vold    : Verified that /data/vendor_ce/0 has the encryption policy 7f7d2934407fdbdda6be0c64ec0a76be v2 modes 1/4 flags 0x12
09-07 14:25:18.163   398   398 I vold    : Verified that /data/media/0 has the encryption policy 7f7d2934407fdbdda6be0c64ec0a76be v2 modes 1/4 flags 0x12
09-07 14:25:18.163   398   398 I vold    : Verified that /data/data has the encryption policy 7f7d2934407fdbdda6be0c64ec0a76be v2 modes 1/4 flags 0x12
09-07 14:25:18.163   398   398 D vold    : Starting restorecon of /data/system_ce/0
09-07 14:25:18.171   398   398 D vold    : Finished restorecon of /data/system_ce/0
09-07 14:25:18.171   398   398 D vold    : Starting restorecon of /data/vendor_ce/0
09-07 14:25:18.180   398   398 D vold    : Finished restorecon of /data/vendor_ce/0
09-07 14:25:18.180   398   398 D vold    : Starting restorecon of /data/misc_ce/0
09-07 14:25:18.186  1033  1067 I chatty  : uid=1000(system) ActivityManager expire 23 lines
09-07 14:25:18.187  1354  1354 D SystemUIBootTiming: StartServicescom.android.systemui.car.navigationbar.CarNavigationBar took to complete: 287ms
09-07 14:25:18.193   398   398 D vold    : Finished restorecon of /data/misc_ce/0
09-07 14:25:18.194   398   398 D vold    : /system/bin/vold_prepare_subdirs
09-07 14:25:18.194   398   398 D vold    :     prepare
09-07 14:25:18.194   398   398 D vold    :     
09-07 14:25:18.194   398   398 D vold    :     0
09-07 14:25:18.194   398   398 D vold    :     2
09-07 14:25:18.195  1354  1354 D SystemUIBootTiming: StartServicescom.android.systemui.theme.ThemeOverlayController took to complete: 6ms
09-07 14:25:18.213  1033  1223 I chatty  : uid=1000(system) Binder:1033_3 expire 4 lines
09-07 14:25:18.227   530   602 E NetlinkEvent: NetlinkEvent::FindParam(): Parameter 'PRODUCT' not found
09-07 14:25:18.227   530   602 E NetlinkEvent: NetlinkEvent::FindParam(): Parameter 'DEVNAME' not found
09-07 14:25:18.227   530   602 E NetlinkEvent: NetlinkEvent::FindParam(): Parameter 'INTERFACE' not found
09-07 14:25:18.227   531   595 E NetlinkEvent: NetlinkEvent::FindParam(): Parameter 'dual_role_usb' not found
09-07 14:25:18.227   531   595 E NetlinkEvent: NetlinkEvent::FindParam(): Parameter 'OVER_CURRENT_PORT' not found
09-07 14:25:18.227   531   595 E NetlinkEvent: NetlinkEvent::FindParam(): Parameter 'UNRECOGNIZED_USB_DEVICE_ON_PORT' not found
09-07 14:25:18.256  1033  1048 I chatty  : uid=1000(system) Binder:1033_2 expire 2 lines
09-07 14:25:18.257  1326  1326 D VehicleHalTiming: CarService.initAllServices took to complete: 568ms
09-07 14:25:18.264  1033  1055 I chatty  : uid=1000(system) android.io expire 5 lines
09-07 14:25:18.266  1033  1053 I chatty  : uid=1000(system) android.fg expire 11 lines
09-07 14:25:18.316  1354  1354 D SystemUIBootTiming: StartServicescom.android.systemui.keyguard.KeyguardViewMediator took to complete: 121ms
09-07 14:25:18.317  1354  1354 D SystemUIBootTiming: StartServicescom.android.systemui.SizeCompatModeActivityController took to complete: 0ms
09-07 14:25:18.317  1354  1354 D SystemUIBootTiming: StartServicescom.android.systemui.car.volume.VolumeUI took to complete: 0ms
09-07 14:25:18.318  1354  1354 D SystemUIBootTiming: StartServicescom.android.systemui.toast.ToastUI took to complete: 0ms
09-07 14:25:18.323  1354  1354 D SystemUIBootTiming: StartServicescom.android.systemui.util.leak.GarbageMonitor$Service took to complete: 6ms
09-07 14:25:18.326  1354  1354 D SystemUIBootTiming: StartServicescom.android.systemui.ScreenDecorations took to complete: 2ms
09-07 14:25:18.337  1354  1354 D SystemUIBootTiming: StartServicescom.android.systemui.util.NotificationChannels took to complete: 7ms
09-07 14:25:18.337  1354  1354 D SystemUIBootTiming: StartServicescom.android.systemui.VendorServices took to complete: 0ms
09-07 14:25:18.459  1033  1629 I chatty  : uid=1000(system) Binder:1033_8 expire 4 lines
09-07 14:25:18.488  1354  1354 D SystemUIBootTiming: StartServicescom.android.systemui.car.window.SystemUIOverlayWindowManager took to complete: 151ms
09-07 14:25:18.491  1354  1354 D SystemUIBootTiming: StartServices took to complete: 633ms
09-07 14:25:18.511  1326  1418 I CAR.POWER: doHandlePowerStateChange: newState=ON(1)
09-07 14:25:18.512  1326  1418 D CAR.POWER: Requested state is already in effect: ON(1)
09-07 14:25:18.575  1033  1252 I chatty  : uid=1000(system) Binder:1033_4 expire 6 lines
09-07 14:25:18.601  1635  1635 I KPI_Marker: [23.174000] [HarmanUsbHandlerManager] Clients Requested For Service Connection Registration are : com.harman.DCSM
09-07 14:25:18.609  1635  1635 I KPI_Marker: [23.182000] [HarmanUsbHandlerManager] Initiating thread to notify listeners
09-07 14:25:18.623  1033  1625 I chatty  : uid=1000(system) Binder:1033_7 expire 2 lines
09-07 14:25:18.739  1683  1683 I KPI_Marker: [23.312000] [iAP2Service] IAP2Service_onCreate
09-07 14:25:18.765  1635  1635 I KPI_Marker: [23.338000] [DCSM] onCreate done
09-07 14:25:18.809  1770  1770 F libc    : Fatal signal 11 (SIGSEGV), code 1 (SEGV_MAPERR), fault addr 0x0 in tid 1770 (vendor.harman.L), pid 1770 (vendor.harman.L)
09-07 14:25:18.829  1708  1708 I KPI_Marker: [23.402000] [AapManager] AAService__onCreate: AAService Created
09-07 14:25:18.832  1683  1683 I KPI_Marker: [23.405000] [HarmanUsbHandlerManager] Clients Requested For Service Connection Registration are : com.harman.connectivity.iap2service
09-07 14:25:18.834  1723  1723 I KPI_Marker: [23.407000] [CarPlay] CpService onCreate: CpService Created
09-07 14:25:18.837  1683  1683 I KPI_Marker: [23.410000] [HarmanUsbHandlerManager] Initiating thread to notify listeners
09-07 14:25:18.858  1826  1826 F DEBUG   : *** *** *** *** *** *** *** *** *** *** *** *** *** *** *** ***
09-07 14:25:18.858  1826  1826 F DEBUG   : Build fingerprint: 'qti/titan_tml_b2/titan_tml_b2:11/RQ3A.210605.005/eng.ksong.20210907.134230:userdebug/test-keys'
09-07 14:25:18.858  1826  1826 F DEBUG   : Revision: '0'
09-07 14:25:18.858  1826  1826 F DEBUG   : ABI: 'arm64'
09-07 14:25:18.859  1826  1826 F DEBUG   : Timestamp: 2021-09-07 14:25:18+0000
09-07 14:25:18.859  1826  1826 F DEBUG   : pid: 1770, tid: 1770, name: vendor.harman.L  >>> /vendor/bin/hw/vendor.harman.LogManager@1.0-service <<<
09-07 14:25:18.859  1826  1826 F DEBUG   : uid: 0
09-07 14:25:18.859  1826  1826 F DEBUG   : signal 11 (SIGSEGV), code 1 (SEGV_MAPERR), fault addr 0x0
09-07 14:25:18.859  1826  1826 F DEBUG   : Cause: null pointer dereference
09-07 14:25:18.859  1826  1826 F DEBUG   :     x0  0000000000000000  x1  0000000000000000  x2  0000000000080001  x3  0000000000000000
09-07 14:25:18.859  1826  1826 F DEBUG   :     x4  0000000000000000  x5  0000000000000090  x6  fefefefefefefeff  x7  7f7f7f7f7f7f7f7f
09-07 14:25:18.859  1826  1826 F DEBUG   :     x8  0101010101010101  x9  212c185435374c29  x10 0000007fe5ebcaa8  x11 fffffffffffffffd
09-07 14:25:18.859  1826  1826 F DEBUG   :     x12 0000007fe5ebcc30  x13 000000000000008e  x14 002fec10feee2c00  x15 0000000034155555
09-07 14:25:18.859  1826  1826 F DEBUG   :     x16 000000593cddf7e0  x17 00000079b7dacb30  x18 00000079b90fe000  x19 0000000000000000
09-07 14:25:18.859  1826  1826 F DEBUG   :     x20 00000079b7c38c50  x21 0000007fe5ebd349  x22 b4000078b776ef58  x23 0000007fe5ebd368
09-07 14:25:18.859  1826  1826 F DEBUG   :     x24 0000000000000000  x25 00000079b83c9000  x26 0000007fe5ebd349  x27 0000007fe5ebd319
09-07 14:25:18.859  1826  1826 F DEBUG   :     x28 0000000000000000  x29 0000007fe5ebd250
09-07 14:25:18.859  1826  1826 F DEBUG   :     lr  000000593cdd6048  sp  0000007fe5ebd250  pc  00000079b7dacb40  pst 0000000080000000
09-07 14:25:18.861  1826  1826 F DEBUG   : backtrace:
09-07 14:25:18.861  1826  1826 F DEBUG   :       #00 pc 000000000004ab40  /apex/com.android.runtime/lib64/bionic/libc.so (strlen_default+16) (BuildId: 2b7c6e33413ac7278a15dfc3ea383089)
09-07 14:25:18.862  1826  1826 F DEBUG   :       #01 pc 0000000000009044  /vendor/bin/hw/vendor.harman.LogManager@1.0-service (BuildId: 3e966ab64050b441b920ba0e8960d123)
09-07 14:25:18.862  1826  1826 F DEBUG   :       #02 pc 0000000000008df0  /vendor/bin/hw/vendor.harman.LogManager@1.0-service (LM::LogManagerImpl::load_plugin_conf(void*, std::__1::basic_string<char, std::__1::char_traits<char>, std::__1::allocator<char> >, std::__1::multimap<std::__1::basic_string<char, std::__1::char_traits<char>, std::__1::allocator<char> >, int, std::__1::less<std::__1::basic_string<char, std::__1::char_traits<char>, std::__1::allocator<char> > >, std::__1::allocator<std::__1::pair<std::__1::basic_string<char, std::__1::char_traits<char>, std::__1::allocator<char> > const, int> > >&)+752) (BuildId: 3e966ab64050b441b920ba0e8960d123)
09-07 14:25:18.862  1826  1826 F DEBUG   :       #03 pc 00000000000088c0  /vendor/bin/hw/vendor.harman.LogManager@1.0-service (LM::LogManagerImpl::loadplugins()+436) (BuildId: 3e966ab64050b441b920ba0e8960d123)
09-07 14:25:18.863  1826  1826 F DEBUG   :       #04 pc 0000000000007af8  /vendor/bin/hw/vendor.harman.LogManager@1.0-service (main+1112) (BuildId: 3e966ab64050b441b920ba0e8960d123)
09-07 14:25:18.863  1826  1826 F DEBUG   :       #05 pc 000000000004988c  /apex/com.android.runtime/lib64/bionic/libc.so (__libc_init+108) (BuildId: 2b7c6e33413ac7278a15dfc3ea383089)
09-07 14:25:18.885   398   398 D vold    : fscrypt_prepare_user_storage for volume null, user 10, serial 10, flags 1
09-07 14:25:18.885   398   398 D vold    : Preparing: /data/system/users/10
09-07 14:25:18.885   398   398 D vold    : Preparing: /data/misc/profiles/cur/10
09-07 14:25:18.885   398   398 D vold    : Preparing: /data/system_de/10
09-07 14:25:18.885   398   398 D vold    : Preparing: /data/misc_de/10
09-07 14:25:18.885   398   398 D vold    : Preparing: /data/vendor_de/10
09-07 14:25:18.885   398   398 D vold    : Preparing: /data/user_de/10
09-07 14:25:18.887   398   398 I vold    : Verified that /data/system_de/10 has the encryption policy 20097cf9b7620050bfe2c7995fb116ad v2 modes 1/4 flags 0x12
09-07 14:25:18.887   398   398 I vold    : Verified that /data/misc_de/10 has the encryption policy 20097cf9b7620050bfe2c7995fb116ad v2 modes 1/4 flags 0x12
09-07 14:25:18.888   398   398 I vold    : Verified that /data/vendor_de/10 has the encryption policy 20097cf9b7620050bfe2c7995fb116ad v2 modes 1/4 flags 0x12
09-07 14:25:18.888   398   398 I vold    : Verified that /data/user_de/10 has the encryption policy 20097cf9b7620050bfe2c7995fb116ad v2 modes 1/4 flags 0x12
09-07 14:25:18.888   398   398 D vold    : /system/bin/vold_prepare_subdirs
09-07 14:25:18.888   398   398 D vold    :     prepare
09-07 14:25:18.888   398   398 D vold    :     
09-07 14:25:18.888   398   398 D vold    :     10
09-07 14:25:18.888   398   398 D vold    :     1
09-07 14:25:18.890  1033  1064 I chatty  : uid=1000(system) ActivityManager expire 211 lines
09-07 14:25:18.890  1033  1055 I chatty  : uid=1000(system) android.io expire 3 lines
09-07 14:25:18.920   398   439 I vold    : onUserStarted: 0
09-07 14:25:18.922  1033  1252 I chatty  : uid=1000(system) Binder:1033_4 expire 1 line
09-07 14:25:18.923  1033  1187 I chatty  : uid=1000(system) StorageManagerS expire 8 lines
09-07 14:25:18.924   398   439 I vold    : Mounting emulated fuse volume
09-07 14:25:18.925  1033  1047 I chatty  : uid=1000(system) Binder:1033_1 expire 2 lines
09-07 14:25:18.927  1033  1209 I chatty  : uid=1000(system) ConnectivitySer expire 3 lines
09-07 14:25:18.932  1033  1825 I chatty  : uid=1000(system) Binder:1033_A expire 2 lines
09-07 14:25:18.936   530   602 E NetlinkEvent: NetlinkEvent::FindParam(): Parameter 'PRODUCT' not found
09-07 14:25:18.936   530   602 E NetlinkEvent: NetlinkEvent::FindParam(): Parameter 'DEVNAME' not found
09-07 14:25:18.936   530   602 E NetlinkEvent: NetlinkEvent::FindParam(): Parameter 'INTERFACE' not found
09-07 14:25:18.936   531   595 E NetlinkEvent: NetlinkEvent::FindParam(): Parameter 'dual_role_usb' not found
09-07 14:25:18.936   531   595 E NetlinkEvent: NetlinkEvent::FindParam(): Parameter 'OVER_CURRENT_PORT' not found
09-07 14:25:18.936   531   595 E NetlinkEvent: NetlinkEvent::FindParam(): Parameter 'UNRECOGNIZED_USB_DEVICE_ON_PORT' not found
09-07 14:25:18.938   398   439 I vold    : Bind mounting /data/media to /mnt/pass_through/0/emulated
09-07 14:25:18.943  1033  1432 I chatty  : uid=1000(system) Binder:1033_6 expire 1 line
09-07 14:25:18.950  1033  1053 I chatty  : uid=1000(system) android.fg expire 3 lines
09-07 14:25:18.951  1033  1234 I chatty  : uid=1000(system) backup expire 3 lines
09-07 14:25:18.957  1033  1067 I chatty  : uid=1000(system) ActivityManager expire 9 lines
09-07 14:25:18.971  1033  1033 I chatty  : uid=1000 system_server expire 5 lines
09-07 14:25:18.974  1033  1270 I chatty  : uid=1000(system) Thread-6 expire 1 line
09-07 14:25:18.991  1033  1063 I chatty  : uid=1000(system) android.bg expire 4 lines
09-07 14:25:19.003  1708  1822 I KPI_Marker: [23.576000] [AapManager] AAManager__ Car Service is Connected
09-07 14:25:19.028  1033  1064 I chatty  : uid=1000(system) ActivityManager expire 155 lines
09-07 14:25:19.029  1033  1209 I chatty  : uid=1000(system) ConnectivitySer expire 2 lines
09-07 14:25:19.032  1708  1708 I KPI_Marker: [23.604000] [HarmanUsbHandlerManager] Clients Requested For Service Connection Registration are : com.harman.connectivity.androidauto.application.internals
09-07 14:25:19.035  1708  1708 I KPI_Marker: [23.607000] [HarmanUsbHandlerManager] Initiating thread to notify listeners
09-07 14:25:19.052  1033  1067 I chatty  : uid=1000(system) ActivityManager expire 70 lines
09-07 14:25:19.052  1033  1234 I chatty  : uid=1000(system) backup expire 6 lines
09-07 14:25:19.074  1033  1432 I chatty  : uid=1000(system) Binder:1033_6 expire 2 lines
09-07 14:25:19.082  1033  1252 I chatty  : uid=1000(system) Binder:1033_4 expire 2 lines
09-07 14:25:19.115  1033  1053 I chatty  : uid=1000(system) android.fg expire 2 lines
09-07 14:25:19.140  1033  1625 I chatty  : uid=1000(system) Binder:1033_7 expire 2 lines
09-07 14:25:19.154  1723  1723 I KPI_Marker: [23.720000] [CarPlay] CpService Car Service is Connected
09-07 14:25:19.155  1723  1813 W ContextImpl: Calling a method in the system process without a qualified user: android.app.ContextImpl.bindService:1748 android.content.ContextWrapper.bindService:756 com.harman.audio.HarmanAudioInitializer.connect:73 com.harman.connectivity.carplay.core.CpAudioFocusHandler.<init>:136 com.harman.connectivity.carplay.core.CpAudioManager.init:86 
09-07 14:25:19.166  1033  1873 I chatty  : uid=1000(system) backup-0 expire 10 lines
09-07 14:25:19.187  1723  1948 I KPI_Marker: [23.760000] [CarPlay] CpService onCarPlayServiceReady
09-07 14:25:19.278  1723  1723 W ContextImpl: Calling a method in the system process without a qualified user: android.app.ContextImpl.bindService:1748 android.content.ContextWrapper.bindService:756 com.harman.connectivity.carplay.telephony.CpTelephonyConnectionService.onCreate:118 android.app.ActivityThread.handleCreateService:4186 android.app.ActivityThread.access$1500:237 
09-07 14:25:19.300  1033  1867 I chatty  : uid=1000 system_server expire 1 line
09-07 14:25:19.319   398   398 E Cryptfs : cryptfs_get_password not valid for file encryption
09-07 14:25:19.345  1033  1057 I chatty  : uid=1000(system) android.anim expire 1 line
09-07 14:25:19.438  1892  1892 W ContextImpl: Calling a method in the system process without a qualified user: android.app.ContextImpl.startService:1669 android.content.ContextWrapper.startService:720 com.qualcomm.qti.qdma.app.ApplicationManager.onCreate:400 android.app.Instrumentation.callApplicationOnCreate:1192 android.app.ActivityThread.handleBindApplication:6719 
09-07 14:25:19.443  1892  1892 W ContextImpl: Calling a method in the system process without a qualified user: android.app.ContextImpl.startService:1669 android.content.ContextWrapper.startService:720 com.qualcomm.qti.qdma.app.ApplicationManager.onCreate:404 android.app.Instrumentation.callApplicationOnCreate:1192 android.app.ActivityThread.handleBindApplication:6719 
09-07 14:25:19.447  1986  1986 W ContextImpl: Calling a method in the system process without a qualified user: android.app.ContextImpl.startService:1669 android.content.ContextWrapper.startService:720 android.support.v4.content.WakefulBroadcastReceiver.startWakefulService:102 com.redbend.app.SmmClient.sendData:46 com.redbend.app.SmmClient.sendEventToSmmService:23 
09-07 14:25:19.456  1986  1986 W ContextImpl: Calling a method in the system process without a qualified user: android.app.ContextImpl.startService:1669 android.content.ContextWrapper.startService:720 android.support.v4.content.WakefulBroadcastReceiver.startWakefulService:102 com.redbend.app.SmmClient.sendData:46 com.redbend.app.SmmClient.sendEventToSmmService:23 
09-07 14:25:19.498  1892  1892 W ContextImpl: Calling a method in the system process without a qualified user: android.app.ContextImpl.startService:1669 android.content.ContextWrapper.startService:720 android.content.ContextWrapper.startService:720 com.qualcomm.qti.qdma.app.BootReceiver.onBootReceived:126 com.qualcomm.qti.innodme.InnoBootReceiver.onReceive:22 
09-07 14:25:19.499  1033  1067 I chatty  : uid=1000(system) ActivityManager expire 8 lines
09-07 14:25:19.505  1986  1986 W ContextImpl: Calling a method in the system process without a qualified user: android.app.ContextImpl.startService:1669 android.content.ContextWrapper.startService:720 com.redbend.app.SmmService.sendIntentEvent:421 com.redbend.client.ClientService.sendEvent:196 com.redbend.app.SmmService.onStartCommand:523 
09-07 14:25:19.513  1033  1942 I chatty  : uid=1000(system) Binder:1033_B expire 2 lines
09-07 14:25:19.519  1986  1986 W ContextImpl: Calling a method in the system process without a qualified user: android.app.ContextImpl.startService:1669 android.content.ContextWrapper.startService:720 com.redbend.app.SmmService.sendIntentEvent:421 com.redbend.client.ClientService.sendEvent:196 com.redbend.app.SmmService.onStartCommand:523 
09-07 14:25:19.529  2098  2098 W ContextImpl: Calling a method in the system process without a qualified user: android.app.ContextImpl.startService:1669 android.content.ContextWrapper.startService:720 com.harman.mediacoreservice.provider.MediaContentProvider.onCreate:67 android.content.ContentProvider.attachInfo:2388 android.content.ContentProvider.attachInfo:2358 
09-07 14:25:19.539  2098  2098 W ContextImpl: Calling a method in the system process without a qualified user: android.app.ContextImpl.startService:1669 android.content.ContextWrapper.startService:720 com.harman.mediacoreservice.provider.MediaContentProvider.onCreate:70 android.content.ContentProvider.attachInfo:2388 android.content.ContentProvider.attachInfo:2358 
09-07 14:25:19.589  1033  1629 I chatty  : uid=1000(system) Binder:1033_8 expire 1 line
09-07 14:25:19.590  1033  1209 I chatty  : uid=1000(system) ConnectivitySer expire 2 lines
09-07 14:25:19.592  1033  1431 I chatty  : uid=1000(system) Binder:1033_5 expire 6 lines
09-07 14:25:19.640  1986  1986 W ContextImpl: Calling a method in the system process without a qualified user: android.app.ContextImpl.startService:1669 android.content.ContextWrapper.startService:720 com.redbend.client.BasicService.onCreate:291 android.app.ActivityThread.handleCreateService:4186 android.app.ActivityThread.access$1500:237 
09-07 14:25:19.681  1892  2231 W ContextImpl: Calling a method in the system process without a qualified user: android.app.ContextImpl.startService:1669 android.content.ContextWrapper.startService:720 com.qualcomm.qti.qdma.util.PeriodicCI.run:482 com.qualcomm.qti.qdma.util.PeriodicCI.start:394 com.qualcomm.qti.qdma.app.ActiveCareService$ProcessSessionRequest.run:766 
09-07 14:25:19.727  1892  2259 W ContextImpl: Calling a method in the system process without a qualified user: android.app.ContextImpl.startService:1669 android.content.ContextWrapper.startService:720 com.qualcomm.qti.qdma.app.ApplicationManager.startQDMATransferService:3920 com.qualcomm.qti.qdma.app.ActiveCareService$ProcessSessionRequest.run:623 java.lang.Thread.run:923 
09-07 14:25:19.734  1033  1825 I chatty  : uid=1000(system) Binder:1033_A expire 2 lines
09-07 14:25:19.750  1033  1965 I chatty  : uid=1000(system) Binder:1033_C expire 1 line
09-07 14:25:19.797  1033  1033 I chatty  : uid=1000 system_server expire 11 lines
09-07 14:25:19.798  1033  1064 I chatty  : uid=1000(system) ActivityManager expire 427 lines
09-07 14:25:19.828  1033  1033 I chatty  : uid=1000 system_server expire 46 lines
09-07 14:25:19.836  1326  1416 D CAR.USER: notify-listener-com.android.car.PerUserCarServiceHelper$Lambda took to complete: 0ms
09-07 14:25:19.836  1326  1416 D CAR.USER: notify-listener-com.android.car.CarMediaService$Lambda took to complete: 0ms
09-07 14:25:19.837  1326  1416 D CAR.USER: notify-listener-com.android.car.CarOccupantZoneService$Lambda took to complete: 0ms
09-07 14:25:19.837  1326  1416 D CAR.USER: notify-listener-com.android.car.pm.VendorServiceController@2703936 took to complete: 0ms
09-07 14:25:19.837  1326  1416 D CAR.USER: notify-listener-com.android.car.CarInputService$Lambda took to complete: 0ms
09-07 14:25:19.838  1326  1416 D CAR.USER: notify-listener-com.android.car.watchdog.CarWatchdogService$Lambda took to complete: 1ms
09-07 14:25:19.838  1326  1416 D CAR.USER: notify-listeners-user-0-event-1 took to complete: 2ms
09-07 14:25:19.838  1326  1416 D CAR.USER: notify-app-listener-uid-10141 took to complete: 0ms
09-07 14:25:19.838  1326  1416 D CAR.USER: notify-app-listeners-user-0-event-1 took to complete: 0ms
09-07 14:25:19.838  1326  1416 D CAR.USER: notify-listener-com.android.car.PerUserCarServiceHelper$Lambda took to complete: 0ms
09-07 14:25:19.838  1326  1416 D CAR.USER: notify-listener-com.android.car.CarMediaService$Lambda took to complete: 0ms
09-07 14:25:19.838  1326  1416 D CAR.USER: notify-listener-com.android.car.CarOccupantZoneService$Lambda took to complete: 0ms
09-07 14:25:19.839  1326  1416 D CAR.USER: notify-listener-com.android.car.pm.VendorServiceController@2703936 took to complete: 1ms
09-07 14:25:19.839  1326  1416 D CAR.USER: notify-listener-com.android.car.CarInputService$Lambda took to complete: 0ms
09-07 14:25:19.839  1326  1416 D CAR.USER: notify-listener-com.android.car.watchdog.CarWatchdogService$Lambda took to complete: 0ms
09-07 14:25:19.839  1326  1416 D CAR.USER: notify-listeners-user-0-event-3 took to complete: 1ms
09-07 14:25:19.840  1326  1416 D CAR.USER: notify-app-listener-uid-10141 took to complete: 0ms
09-07 14:25:19.840  1326  1416 D CAR.USER: notify-app-listeners-user-0-event-3 took to complete: 1ms
09-07 14:25:19.881  1033  1825 I chatty  : uid=1000(system) Binder:1033_A expire 2 lines
09-07 14:25:19.883  1326  1416 D CAR.USER: notify-listener-com.android.car.PerUserCarServiceHelper$Lambda took to complete: 0ms
09-07 14:25:19.883  1326  1416 D CAR.USER: notify-listener-com.android.car.CarMediaService$Lambda took to complete: 0ms
09-07 14:25:19.883  1326  1416 D CAR.USER: notify-listener-com.android.car.CarOccupantZoneService$Lambda took to complete: 0ms
09-07 14:25:19.883  1326  1416 D CAR.USER: notify-listener-com.android.car.pm.VendorServiceController@2703936 took to complete: 0ms
09-07 14:25:19.883  1326  1416 D CAR.USER: notify-listener-com.android.car.CarInputService$Lambda took to complete: 0ms
09-07 14:25:19.883  1326  1416 D CAR.USER: notify-listener-com.android.car.watchdog.CarWatchdogService$Lambda took to complete: 0ms
09-07 14:25:19.883  1326  1416 D CAR.USER: notify-listeners-user-0-event-4 took to complete: 0ms
09-07 14:25:19.884  1326  1416 D CAR.USER: notify-app-listener-uid-10141 took to complete: 0ms
09-07 14:25:19.884  1326  1416 D CAR.USER: notify-app-listeners-user-0-event-4 took to complete: 0ms
09-07 14:25:19.886  1033  1209 I chatty  : uid=1000(system) ConnectivitySer expire 1 line
09-07 14:25:19.895  1033  1067 I chatty  : uid=1000(system) ActivityManager expire 14 lines
09-07 14:25:19.905  1033  1064 I chatty  : uid=1000(system) ActivityManager expire 190 lines
09-07 14:25:19.907  1033  1033 I chatty  : uid=1000 system_server expire 46 lines
09-07 14:25:19.907  1326  1416 D CAR.USER: notify-listener-com.android.car.PerUserCarServiceHelper$Lambda took to complete: 0ms
09-07 14:25:19.907  1326  1416 D CAR.USER: notify-listener-com.android.car.CarMediaService$Lambda took to complete: 0ms
09-07 14:25:19.907  1326  1416 D CAR.USER: notify-listener-com.android.car.CarOccupantZoneService$Lambda took to complete: 0ms
09-07 14:25:19.907  1326  1416 D CAR.USER: notify-listener-com.android.car.pm.VendorServiceController@2703936 took to complete: 0ms
09-07 14:25:19.907  1326  1416 D CAR.USER: notify-listener-com.android.car.CarInputService$Lambda took to complete: 0ms
09-07 14:25:19.910  1326  1416 D CAR.USER: notify-listener-com.android.car.watchdog.CarWatchdogService$Lambda took to complete: 3ms
09-07 14:25:19.910  1326  1416 D CAR.USER: notify-listeners-user-10-event-1 took to complete: 3ms
09-07 14:25:19.911  1326  1416 D CAR.USER: notify-app-listener-uid-10141 took to complete: 0ms
09-07 14:25:19.911  1326  1416 D CAR.USER: notify-app-listeners-user-10-event-1 took to complete: 0ms
09-07 14:25:20.006  1033  1825 I chatty  : uid=1000(system) Binder:1033_A expire 1 line
09-07 14:25:20.020  1033  1056 I chatty  : uid=1000(system) android.display expire 2 lines
09-07 14:25:20.031  1033  1053 I chatty  : uid=1000(system) android.fg expire 1 line
09-07 14:25:20.034   530   602 E NetlinkEvent: NetlinkEvent::FindParam(): Parameter 'PRODUCT' not found
09-07 14:25:20.034   530   602 E NetlinkEvent: NetlinkEvent::FindParam(): Parameter 'DEVNAME' not found
09-07 14:25:20.034   530   602 E NetlinkEvent: NetlinkEvent::FindParam(): Parameter 'INTERFACE' not found
09-07 14:25:20.034   531   595 E NetlinkEvent: NetlinkEvent::FindParam(): Parameter 'dual_role_usb' not found
09-07 14:25:20.034   531   595 E NetlinkEvent: NetlinkEvent::FindParam(): Parameter 'OVER_CURRENT_PORT' not found
09-07 14:25:20.034   531   595 E NetlinkEvent: NetlinkEvent::FindParam(): Parameter 'UNRECOGNIZED_USB_DEVICE_ON_PORT' not found
09-07 14:25:20.035  1033  1055 I chatty  : uid=1000(system) android.io expire 5 lines
09-07 14:25:20.037  1033  1033 I chatty  : uid=1000 system_server expire 32 lines
09-07 14:25:20.038  1033  1064 I chatty  : uid=1000(system) ActivityManager expire 38 lines
09-07 14:25:20.040  1033  1067 I chatty  : uid=1000(system) ActivityManager expire 114 lines
09-07 14:25:20.044  1326  2004 D CAR.USER: onUserSwitching-10 took to complete: 4ms
09-07 14:25:20.067  2140  2223 W ActivityThread: Failed to find provider info for com.android.contacts (user not unlocked)
09-07 14:25:20.070  1033  1942 I chatty  : uid=1000(system) Binder:1033_B expire 2 lines
09-07 14:25:20.074  2140  2223 W ActivityThread: Failed to find provider info for call_log (user not unlocked)
09-07 14:25:20.085  1326  1416 D CAR.USER: notify-listener-com.android.car.PerUserCarServiceHelper$Lambda took to complete: 40ms
09-07 14:25:20.085  1326  1416 D CAR.USER: notify-listener-com.android.car.CarMediaService$Lambda took to complete: 0ms
09-07 14:25:20.086  1326  1416 D CAR.USER: notify-listener-com.android.car.CarOccupantZoneService$Lambda took to complete: 1ms
09-07 14:25:20.087  1326  1416 D CAR.USER: notify-listener-com.android.car.pm.VendorServiceController@2703936 took to complete: 1ms
09-07 14:25:20.093  1326  1416 D CAR.USER: notify-listener-com.android.car.CarInputService$Lambda took to complete: 5ms
09-07 14:25:20.097  1326  1416 D CAR.USER: notify-listener-com.android.car.watchdog.CarWatchdogService$Lambda took to complete: 0ms
09-07 14:25:20.097  1326  1416 D CAR.USER: notify-listeners-user-10-event-2 took to complete: 52ms
09-07 14:25:20.098  1326  1416 D CAR.USER: notify-app-listener-uid-10141 took to complete: 1ms
09-07 14:25:20.098  1326  1416 D CAR.USER: notify-app-listeners-user-10-event-2 took to complete: 1ms
09-07 14:25:20.121   512  2369 I KPI_Marker: [24.693955] [HarmanAudioEffect] Audio_Volume_Changed
09-07 14:25:20.135   512  2385 I KPI_Marker: [24.708666] [HarmanAudioEffect] Audio_Volume_Changed
09-07 14:25:20.155   512  2391 I KPI_Marker: [24.728759] [HarmanAudioEffect] Audio_Volume_Changed
09-07 14:25:20.174   512  2395 I KPI_Marker: [24.747372] [HarmanAudioEffect] Audio_Volume_Changed
09-07 14:25:20.187   512  2397 I KPI_Marker: [24.759989] [HarmanAudioEffect] Audio_Volume_Changed
09-07 14:25:20.218   512  2404 I KPI_Marker: [24.791575] [HarmanAudioEffect] Audio_Volume_Changed
09-07 14:25:20.231   530   602 E NetlinkEvent: NetlinkEvent::FindParam(): Parameter 'PRODUCT' not found
09-07 14:25:20.232   530   602 E NetlinkEvent: NetlinkEvent::FindParam(): Parameter 'DEVNAME' not found
09-07 14:25:20.232   530   602 E NetlinkEvent: NetlinkEvent::FindParam(): Parameter 'INTERFACE' not found
09-07 14:25:20.232   531   595 E NetlinkEvent: NetlinkEvent::FindParam(): Parameter 'dual_role_usb' not found
09-07 14:25:20.232   531   595 E NetlinkEvent: NetlinkEvent::FindParam(): Parameter 'OVER_CURRENT_PORT' not found
09-07 14:25:20.232   531   595 E NetlinkEvent: NetlinkEvent::FindParam(): Parameter 'UNRECOGNIZED_USB_DEVICE_ON_PORT' not found
09-07 14:25:20.233  1033  1053 I chatty  : uid=1000(system) android.fg expire 4 lines
09-07 14:25:20.250   512  2414 I KPI_Marker: [24.822891] [HarmanAudioEffect] Audio_Volume_Changed
09-07 14:25:20.277   512  2421 I KPI_Marker: [24.850775] [HarmanAudioEffect] Audio_Volume_Changed
09-07 14:25:20.325  1033  1629 I chatty  : uid=1000(system) Binder:1033_8 expire 6 lines
09-07 14:25:20.328  1033  1965 I chatty  : uid=1000(system) Binder:1033_C expire 8 lines
09-07 14:25:20.329  1033  1209 I chatty  : uid=1000(system) ConnectivitySer expire 3 lines
09-07 14:25:20.363  1033  1431 I chatty  : uid=1000(system) Binder:1033_5 expire 3 lines
09-07 14:25:20.368   398   439 I vold    : Bind mounting //data/media/0/Android/data on /mnt/user/0/emulated/0/Android/data
09-07 14:25:20.371   398   439 I vold    : Bind mounted //data/media/0/Android/data on /mnt/user/0/emulated/0/Android/data
09-07 14:25:20.371   398   439 I vold    : Bind mounting //data/media/0/Android/obb on /mnt/user/0/emulated/0/Android/obb
09-07 14:25:20.373   398   439 I vold    : Bind mounted //data/media/0/Android/obb on /mnt/user/0/emulated/0/Android/obb
09-07 14:25:20.373   398   439 I vold    : Configuring read_ahead of /mnt/user/0/emulated fuse filesystem to 256kb
09-07 14:25:20.374  1033  1047 I chatty  : uid=1000(system) Binder:1033_1 expire 1 line
09-07 14:25:20.375   398   439 I vold    : Writing 256 to /sys/class/bdi/0:60/read_ahead_kb
09-07 14:25:20.376   398   439 I vold    : Configuring max_ratio of /mnt/user/0/emulated fuse filesystem to 40
09-07 14:25:20.376   398   439 I vold    : Writing 40 to /sys/class/bdi/0:60/max_ratio
09-07 14:25:20.377  1033  1187 I chatty  : uid=1000(system) StorageManagerS expire 7 lines
09-07 14:25:20.382   398   439 D vold    : fscrypt_unlock_user_key 10 serial=10 token_present=0
09-07 14:25:20.382   398   439 D vold    : IsEmmcStorage(): blk_device = /dev/block/bootdevice/by-name/userdata, real_path=/dev/block/mmcblk0p75
09-07 14:25:20.384   398   439 D vold    : Skipping non-key ..
09-07 14:25:20.384   398   439 D vold    : Skipping non-key .
09-07 14:25:20.385   398   439 D vold    : Trying user CE key /data/misc/vold/user_keys/ce/10/current
09-07 14:25:20.404   398   439 I vold    : List of Keymaster HALs found:
09-07 14:25:20.404   398   439 I vold    : Keymaster HAL #1: Keymaster HAL: 4 from QTI SecurityLevel: TRUSTED_ENVIRONMENT HAL: android.hardware.keymaster@4.1::IKeymasterDevice/default
09-07 14:25:20.404   398   439 I vold    : Using Keymaster HAL: 4 from QTI for encryption.  Security level: TRUSTED_ENVIRONMENT, HAL: android.hardware.keymaster@4.1::IKeymasterDevice/default
09-07 14:25:20.415   398   439 D vold    : Successfully retrieved key
09-07 14:25:20.433   398   439 I vold    : List of Keymaster HALs found:
09-07 14:25:20.433   398   439 I vold    : Keymaster HAL #1: Keymaster HAL: 4 from QTI SecurityLevel: TRUSTED_ENVIRONMENT HAL: android.hardware.keymaster@4.1::IKeymasterDevice/default
09-07 14:25:20.433   398   439 I vold    : Using Keymaster HAL: 4 from QTI for encryption.  Security level: TRUSTED_ENVIRONMENT, HAL: android.hardware.keymaster@4.1::IKeymasterDevice/default
09-07 14:25:20.434   531   595 E NetlinkEvent: NetlinkEvent::FindParam(): Parameter 'dual_role_usb' not found
09-07 14:25:20.435   531   595 E NetlinkEvent: NetlinkEvent::FindParam(): Parameter 'OVER_CURRENT_PORT' not found
09-07 14:25:20.435   531   595 E NetlinkEvent: NetlinkEvent::FindParam(): Parameter 'UNRECOGNIZED_USB_DEVICE_ON_PORT' not found
09-07 14:25:20.438   530   602 E NetlinkEvent: NetlinkEvent::FindParam(): Parameter 'PRODUCT' not found
09-07 14:25:20.438   530   602 E NetlinkEvent: NetlinkEvent::FindParam(): Parameter 'DEVNAME' not found
09-07 14:25:20.438   530   602 E NetlinkEvent: NetlinkEvent::FindParam(): Parameter 'INTERFACE' not found
09-07 14:25:20.444   398   439 D vold    : Installed fscrypt key with ref 5608384436a04e0e535d8caa8d64df06 to /data
09-07 14:25:20.444   398   439 D vold    : Added fscrypt-provisioning key for 5608384436a04e0e535d8caa8d64df06 to session keyring
09-07 14:25:20.444   398   439 D vold    : Installed ce key for user 10
09-07 14:25:20.448   398   439 D vold    : fscrypt_prepare_user_storage for volume null, user 10, serial 10, flags 2
09-07 14:25:20.448   398   439 D vold    : Preparing: /data/system_ce/10
09-07 14:25:20.448   398   439 D vold    : Preparing: /data/misc_ce/10
09-07 14:25:20.448   398   439 D vold    : Preparing: /data/vendor_ce/10
09-07 14:25:20.449   398   439 D vold    : Preparing: /data/media/10
09-07 14:25:20.449   398   439 D vold    : Preparing: /data/user/10
09-07 14:25:20.449   398   439 I vold    : Verified that /data/system_ce/10 has the encryption policy 5608384436a04e0e535d8caa8d64df06 v2 modes 1/4 flags 0x12
09-07 14:25:20.450   398   439 I vold    : Verified that /data/misc_ce/10 has the encryption policy 5608384436a04e0e535d8caa8d64df06 v2 modes 1/4 flags 0x12
09-07 14:25:20.451   398   439 I vold    : Verified that /data/vendor_ce/10 has the encryption policy 5608384436a04e0e535d8caa8d64df06 v2 modes 1/4 flags 0x12
09-07 14:25:20.452   398   439 I vold    : Verified that /data/media/10 has the encryption policy 5608384436a04e0e535d8caa8d64df06 v2 modes 1/4 flags 0x12
09-07 14:25:20.452   398   439 I vold    : Verified that /data/user/10 has the encryption policy 5608384436a04e0e535d8caa8d64df06 v2 modes 1/4 flags 0x12
09-07 14:25:20.452   398   439 D vold    : Starting restorecon of /data/system_ce/10
09-07 14:25:20.458  1033  1063 I chatty  : uid=1000(system) android.bg expire 2 lines
09-07 14:25:20.478  1033  1825 I chatty  : uid=1000(system) Binder:1033_A expire 3 lines
09-07 14:25:20.480   398   439 D vold    : Finished restorecon of /data/system_ce/10
09-07 14:25:20.480   398   439 D vold    : Starting restorecon of /data/vendor_ce/10
09-07 14:25:20.483   530   602 E NetlinkEvent: NetlinkEvent::FindParam(): Parameter 'PRODUCT' not found
09-07 14:25:20.484   530   602 E NetlinkEvent: NetlinkEvent::FindParam(): Parameter 'DEVNAME' not found
09-07 14:25:20.484   530   602 E NetlinkEvent: NetlinkEvent::FindParam(): Parameter 'INTERFACE' not found
09-07 14:25:20.484   531   595 E NetlinkEvent: NetlinkEvent::FindParam(): Parameter 'dual_role_usb' not found
09-07 14:25:20.484   531   595 E NetlinkEvent: NetlinkEvent::FindParam(): Parameter 'OVER_CURRENT_PORT' not found
09-07 14:25:20.484   531   595 E NetlinkEvent: NetlinkEvent::FindParam(): Parameter 'UNRECOGNIZED_USB_DEVICE_ON_PORT' not found
09-07 14:25:20.487   398   439 D vold    : Finished restorecon of /data/vendor_ce/10
09-07 14:25:20.487   398   439 D vold    : Starting restorecon of /data/misc_ce/10
09-07 14:25:20.513   530   602 E NetlinkEvent: NetlinkEvent::FindParam(): Parameter 'PRODUCT' not found
09-07 14:25:20.513   530   602 E NetlinkEvent: NetlinkEvent::FindParam(): Parameter 'DEVNAME' not found
09-07 14:25:20.514   531   595 E NetlinkEvent: NetlinkEvent::FindParam(): Parameter 'dual_role_usb' not found
09-07 14:25:20.514   531   595 E NetlinkEvent: NetlinkEvent::FindParam(): Parameter 'OVER_CURRENT_PORT' not found
09-07 14:25:20.514   531   595 E NetlinkEvent: NetlinkEvent::FindParam(): Parameter 'UNRECOGNIZED_USB_DEVICE_ON_PORT' not found
09-07 14:25:20.514   398   439 D vold    : Finished restorecon of /data/misc_ce/10
09-07 14:25:20.514   398   439 D vold    : /system/bin/vold_prepare_subdirs
09-07 14:25:20.514   398   439 D vold    :     prepare
09-07 14:25:20.515   398   439 D vold    :     
09-07 14:25:20.515   398   439 D vold    :     10
09-07 14:25:20.515   530   602 E NetlinkEvent: NetlinkEvent::FindParam(): Parameter 'INTERFACE' not found
09-07 14:25:20.515   398   439 D vold    :     2
09-07 14:25:20.533   512  2624 I KPI_Marker: [25.106615] [HarmanAudioEffect] Audio_Volume_Changed
09-07 14:25:20.535   512  1065 I KPI_Marker: [25.107976] [HarmanAudioControl] Audio_Fade_In
09-07 14:25:20.539  1033  1214 I chatty  : uid=1000(system) onProviders.ECP expire 2 lines
09-07 14:25:20.545  1033  1248 I chatty  : uid=1000(system) SyncManager expire 1 line
09-07 14:25:20.651  1033  1223 I chatty  : uid=1000(system) Binder:1033_3 expire 2 lines
09-07 14:25:20.685  1033  1848 I chatty  : uid=1000(system) LazyTaskWriterT expire 16 lines
09-07 14:25:20.701  1033  1056 I chatty  : uid=1000(system) android.display expire 3 lines
09-07 14:25:20.712   512  2711 I KPI_Marker: [25.285098] [HarmanAudioEffect] Entertainment_Audio_Muted
09-07 14:25:20.718  1033  1625 I chatty  : uid=1000(system) Binder:1033_7 expire 1 line
09-07 14:25:20.913  1033  2767 I chatty  : uid=1000(system) BluetoothRouteM expire 1 line
09-07 14:25:20.951  1033  2772 I chatty  : uid=1000(system) uteStateMachine expire 2 lines
09-07 14:25:20.963  1033  2776 I chatty  : uid=1000(system) CallAudioModeSt expire 1 line
09-07 14:25:21.047  1033  2794 I DropBoxManagerService: add tag=SYSTEM_BOOT isTagEnabled=true flags=0x2
09-07 14:25:21.053  1033  1033 D AutofillManagerService: Restriction did not change for user 0
09-07 14:25:21.054  1033  1848 E TaskPersister: File error accessing recents directory (directory doesn't exist?).
