09-07 14:25:48.867  4895  4895 F DEBUG   : Build fingerprint: 'qti/titan_tml_b2/titan_tml_b2:11/RQ3A.210605.005/eng.ksong.20210907.134230:userdebug/test-keys'
09-07 14:25:48.867  4895  4895 F DEBUG   : Revision: '0'
09-07 14:25:48.867  4895  4895 F DEBUG   : ABI: 'arm64'
09-07 14:25:48.868  4895  4895 F DEBUG   : Timestamp: 2021-09-07 14:25:48+0000
09-07 14:25:48.868  4895  4895 F DEBUG   : pid: 4891, tid: 4891, name: vendor.harman.L  >>> /vendor/bin/hw/vendor.harman.LogManager@1.0-service <<<
09-07 14:25:48.869  4895  4895 F DEBUG   : uid: 0
09-07 14:25:48.869  4895  4895 F DEBUG   : signal 11 (SIGSEGV), code 1 (SEGV_MAPERR), fault addr 0x0
09-07 14:25:48.869  4895  4895 F DEBUG   : Cause: null pointer dereference
09-07 14:25:48.869  4895  4895 F DEBUG   :     x0  0000000000000000  x1  0000000000000000  x2  0000000000080001  x3  0000000000000000
09-07 14:25:48.869  4895  4895 F DEBUG   :     x4  0000000000000000  x5  0000000000000090  x6  fefefefefefefeff  x7  7f7f7f7f7f7f7f7f
09-07 14:25:48.869  4895  4895 F DEBUG   :     x8  0101010101010101  x9  0ad547248ef909fa  x10 0000007fe99a1878  x11 fffffffffffffffd
09-07 14:25:48.869  4895  4895 F DEBUG   :     x12 0000007fe99a1a00  x13 000000000000008e  x14 0031974ff379c000  x15 0000000034155555
09-07 14:25:48.869  4895  4895 F DEBUG   :     x16 00000056713ac7e0  x17 00000071b1957b30  x18 00000071b269c000  x19 0000000000000000
09-07 14:25:48.869  4895  4895 F DEBUG   :     x20 00000071b1278c50  x21 0000007fe99a2119  x22 b4000070b1142c38  x23 0000007fe99a2138
09-07 14:25:48.869  4895  4895 F DEBUG   :     x24 0000000000000000  x25 00000071b1d70000  x26 0000007fe99a2119  x27 0000007fe99a20e9
09-07 14:25:48.870  4895  4895 F DEBUG   :     x28 0000000000000000  x29 0000007fe99a2020
09-07 14:25:48.870  4895  4895 F DEBUG   :     lr  00000056713a3048  sp  0000007fe99a2020  pc  00000071b1957b40  pst 0000000080000000
09-07 14:25:48.873  4895  4895 F DEBUG   : backtrace:
09-07 14:25:48.874  4895  4895 F DEBUG   :       #00 pc 000000000004ab40  /apex/com.android.runtime/lib64/bionic/libc.so (strlen_default+16) (BuildId: 2b7c6e33413ac7278a15dfc3ea383089)
09-07 14:25:48.874  4895  4895 F DEBUG   :       #01 pc 0000000000009044  /vendor/bin/hw/vendor.harman.LogManager@1.0-service (BuildId: 3e966ab64050b441b920ba0e8960d123)
09-07 14:25:48.874  4895  4895 F DEBUG   :       #02 pc 0000000000008df0  /vendor/bin/hw/vendor.harman.LogManager@1.0-service (LM::LogManagerImpl::load_plugin_conf(void*, std::__1::basic_string<char, std::__1::char_traits<char>, std::__1::allocator<char> >, std::__1::multimap<std::__1::basic_string<char, std::__1::char_traits<char>, std::__1::allocator<char> >, int, std::__1::less<std::__1::basic_string<char, std::__1::char_traits<char>, std::__1::allocator<char> > >, std::__1::allocator<std::__1::pair<std::__1::basic_string<char, std::__1::char_traits<char>, std::__1::allocator<char> > const, int> > >&)+752) (BuildId: 3e966ab64050b441b920ba0e8960d123)
09-07 14:25:48.874  4895  4895 F DEBUG   :       #03 pc 00000000000088c0  /vendor/bin/hw/vendor.harman.LogManager@1.0-service (LM::LogManagerImpl::loadplugins()+436) (BuildId: 3e966ab64050b441b920ba0e8960d123)
09-07 14:25:48.875  4895  4895 F DEBUG   :       #04 pc 0000000000007af8  /vendor/bin/hw/vendor.harman.LogManager@1.0-service (main+1112) (BuildId: 3e966ab64050b441b920ba0e8960d123)
09-07 14:25:48.875  4895  4895 F DEBUG   :       #05 pc 000000000004988c  /apex/com.android.runtime/lib64/bionic/libc.so (__libc_init+108) (BuildId: 2b7c6e33413ac7278a15dfc3ea383089)
01-01 00:00:51.897     0     0 D logd    : logdr: UID=0 GID=1000 PID=4895 n tail=50 logMask=1 pid=4891 start=0ns timeout=0ns
01-01 00:00:51.916     0     0 D logd    : logdr: UID=0 GID=1000 PID=4895 n tail=0 logMask=8 pid=4891 start=0ns timeout=0ns
01-01 00:00:51.923     0     0 D logd    : logdr: UID=0 GID=1000 PID=4895 n tail=0 logMask=1 pid=4891 start=0ns timeout=0ns
01-01 00:00:51.932     0     0 I init    : Untracked pid 4895 exited with status 0
01-01 00:00:52.884     0     0 I         : read descriptors
01-01 00:00:52.884     0     0 I         : read strings
01-01 00:00:53.163     0     0 I android_work: sent uevent USB_STATE=DISCONNECTED
01-01 00:00:53.210     0     0 I android_work: sent uevent USB_STATE=CONNECTED
01-01 00:00:53.245     0     0 I configfs-gadget gadget: high-speed config #1: b
01-01 00:00:53.246     0     0 I android_work: sent uevent USB_STATE=CONFIGURED
01-01 00:00:53.677     0     0 W audit   : audit_lost=405 audit_rate_limit=5 audit_backlog_limit=64
01-01 00:00:53.677     0     0 E audit   : rate limit exceeded
01-01 00:00:56.690     0     0 I init    : starting service 'qccsyshalservice'...
01-01 00:00:56.729     0     0 I init    : Service 'qccsyshalservice' (pid 4918) exited with status 1
01-01 00:00:56.729     0     0 I init    : Sending signal 9 to service 'qccsyshalservice' (pid 4918) process group...
01-01 00:00:56.730     0     0 I libprocessgroup: Successfully killed process cgroup uid 1000 pid 4918 in 0ms
01-01 00:00:56.776     0     0 I init    : starting service 'vendor.sensors-hal-1-0'...
01-01 00:00:56.785     0     0 I init    : starting service 'LogManager'...
01-01 00:00:56.812     0     0 I init    : Service 'vendor.sensors-hal-1-0' (pid 4919) exited with status 1
01-01 00:00:56.812     0     0 I init    : Sending signal 9 to service 'vendor.sensors-hal-1-0' (pid 4919) process group...
01-01 00:00:56.812     0     0 I libprocessgroup: Successfully killed process cgroup uid 1000 pid 4919 in 0ms
01-01 00:00:56.817     0     0 W audit   : audit_lost=409 audit_rate_limit=5 audit_backlog_limit=64
01-01 00:00:56.817     0     0 E audit   : rate limit exceeded
01-01 00:00:56.894     0     0 D logd    : logdr: UID=0 GID=1000 PID=4924 n tail=50 logMask=8 pid=4920 start=0ns timeout=0ns
09-07 14:25:48.940  1033  1270 W NativeCrashListener: Couldn't find ProcessRecord for pid 4891
09-07 14:25:48.948  1033  1095 I BootReceiver: Copying /data/tombstones/tombstone_26 to DropBox (SYSTEM_TOMBSTONE)
09-07 14:25:48.950  1033  1095 I DropBoxManagerService: add tag=SYSTEM_TOMBSTONE isTagEnabled=true flags=0x2
09-07 14:25:49.836  1033  3373 W AdbDebuggingManager: Read failed with count -1
09-07 14:25:49.852   530   602 E NetlinkEvent: NetlinkEvent::FindParam(): Parameter 'PRODUCT' not found
09-07 14:25:49.852   530   602 E NetlinkEvent: NetlinkEvent::FindParam(): Parameter 'DEVNAME' not found
09-07 14:25:49.852   530   602 E NetlinkEvent: NetlinkEvent::FindParam(): Parameter 'INTERFACE' not found
09-07 14:25:49.853   531   595 E NetlinkEvent: NetlinkEvent::FindParam(): Parameter 'dual_role_usb' not found
09-07 14:25:49.853   531   595 E NetlinkEvent: NetlinkEvent::FindParam(): Parameter 'OVER_CURRENT_PORT' not found
09-07 14:25:49.853   531   595 E NetlinkEvent: NetlinkEvent::FindParam(): Parameter 'UNRECOGNIZED_USB_DEVICE_ON_PORT' not found
09-07 14:25:49.969   530   602 E NetlinkEvent: NetlinkEvent::FindParam(): Parameter 'PRODUCT' not found
09-07 14:25:49.969   530   602 E NetlinkEvent: NetlinkEvent::FindParam(): Parameter 'DEVNAME' not found
09-07 14:25:49.969   530   602 E NetlinkEvent: NetlinkEvent::FindParam(): Parameter 'INTERFACE' not found
09-07 14:25:49.970   531   595 E NetlinkEvent: NetlinkEvent::FindParam(): Parameter 'dual_role_usb' not found
09-07 14:25:49.970   531   595 E NetlinkEvent: NetlinkEvent::FindParam(): Parameter 'OVER_CURRENT_PORT' not found
09-07 14:25:49.970   531   595 E NetlinkEvent: NetlinkEvent::FindParam(): Parameter 'UNRECOGNIZED_USB_DEVICE_ON_PORT' not found
09-07 14:25:50.176   530   602 E NetlinkEvent: NetlinkEvent::FindParam(): Parameter 'PRODUCT' not found
09-07 14:25:50.177   530   602 E NetlinkEvent: NetlinkEvent::FindParam(): Parameter 'DEVNAME' not found
09-07 14:25:50.177   530   602 E NetlinkEvent: NetlinkEvent::FindParam(): Parameter 'INTERFACE' not found
09-07 14:25:50.178   531   595 E NetlinkEvent: NetlinkEvent::FindParam(): Parameter 'dual_role_usb' not found
09-07 14:25:50.178   531   595 E NetlinkEvent: NetlinkEvent::FindParam(): Parameter 'OVER_CURRENT_PORT' not found
09-07 14:25:50.178   531   595 E NetlinkEvent: NetlinkEvent::FindParam(): Parameter 'UNRECOGNIZED_USB_DEVICE_ON_PORT' not found
09-07 14:25:50.220   530   602 E NetlinkEvent: NetlinkEvent::FindParam(): Parameter 'PRODUCT' not found
09-07 14:25:50.220   531   595 E NetlinkEvent: NetlinkEvent::FindParam(): Parameter 'dual_role_usb' not found
09-07 14:25:50.221   531   595 E NetlinkEvent: NetlinkEvent::FindParam(): Parameter 'OVER_CURRENT_PORT' not found
09-07 14:25:50.221   530   602 E NetlinkEvent: NetlinkEvent::FindParam(): Parameter 'DEVNAME' not found
09-07 14:25:50.221   531   595 E NetlinkEvent: NetlinkEvent::FindParam(): Parameter 'UNRECOGNIZED_USB_DEVICE_ON_PORT' not found
09-07 14:25:50.221   530   602 E NetlinkEvent: NetlinkEvent::FindParam(): Parameter 'INTERFACE' not found
09-07 14:25:50.257   530   602 E NetlinkEvent: NetlinkEvent::FindParam(): Parameter 'PRODUCT' not found
09-07 14:25:50.257   530   602 E NetlinkEvent: NetlinkEvent::FindParam(): Parameter 'DEVNAME' not found
09-07 14:25:50.257   530   602 E NetlinkEvent: NetlinkEvent::FindParam(): Parameter 'INTERFACE' not found
09-07 14:25:50.257   531   595 E NetlinkEvent: NetlinkEvent::FindParam(): Parameter 'dual_role_usb' not found
09-07 14:25:50.257   531   595 E NetlinkEvent: NetlinkEvent::FindParam(): Parameter 'OVER_CURRENT_PORT' not found
09-07 14:25:50.257   531   595 E NetlinkEvent: NetlinkEvent::FindParam(): Parameter 'UNRECOGNIZED_USB_DEVICE_ON_PORT' not found
09-07 14:25:53.832  4920  4920 F libc    : Fatal signal 11 (SIGSEGV), code 1 (SEGV_MAPERR), fault addr 0x0 in tid 4920 (vendor.harman.L), pid 4920 (vendor.harman.L)
09-07 14:25:53.873  4924  4924 F DEBUG   : *** *** *** *** *** *** *** *** *** *** *** *** *** *** *** ***
09-07 14:25:53.873  4924  4924 F DEBUG   : Build fingerprint: 'qti/titan_tml_b2/titan_tml_b2:11/RQ3A.210605.005/eng.ksong.20210907.134230:userdebug/test-keys'
09-07 14:25:53.873  4924  4924 F DEBUG   : Revision: '0'
09-07 14:25:53.873  4924  4924 F DEBUG   : ABI: 'arm64'
09-07 14:25:53.875  4924  4924 F DEBUG   : Timestamp: 2021-09-07 14:25:53+0000
09-07 14:25:53.875  4924  4924 F DEBUG   : pid: 4920, tid: 4920, name: vendor.harman.L  >>> /vendor/bin/hw/vendor.harman.LogManager@1.0-service <<<
09-07 14:25:53.875  4924  4924 F DEBUG   : uid: 0
09-07 14:25:53.875  4924  4924 F DEBUG   : signal 11 (SIGSEGV), code 1 (SEGV_MAPERR), fault addr 0x0
09-07 14:25:53.875  4924  4924 F DEBUG   : Cause: null pointer dereference
09-07 14:25:53.876  4924  4924 F DEBUG   :     x0  0000000000000000  x1  0000000000000000  x2  0000000000080001  x3  0000000000000000
09-07 14:25:53.876  4924  4924 F DEBUG   :     x4  0000000000000000  x5  0000000000000090  x6  fefefefefefefeff  x7  7f7f7f7f7f7f7f7f
09-07 14:25:53.876  4924  4924 F DEBUG   :     x8  0101010101010101  x9  0840d610e146144d  x10 0000007fc9142d38  x11 fffffffffffffffd
09-07 14:25:53.876  4924  4924 F DEBUG   :     x12 0000007fc9142ec0  x13 000000000000008e  x14 00315a46f191dc00  x15 0000000034155555
09-07 14:25:53.876  4924  4924 F DEBUG   :     x16 0000005a6c31b7e0  x17 000000776a22cb30  x18 000000776b362000  x19 0000000000000000
09-07 14:25:53.876  4924  4924 F DEBUG   :     x20 000000776a3b5c50  x21 0000007fc91435d9  x22 b400007669e5cbd8  x23 0000007fc91435f8
09-07 14:25:53.876  4924  4924 F DEBUG   :     x24 0000000000000000  x25 000000776aa67000  x26 0000007fc91435d9  x27 0000007fc91435a9
09-07 14:25:53.876  4924  4924 F DEBUG   :     x28 0000000000000000  x29 0000007fc91434e0
09-07 14:25:53.876  4924  4924 F DEBUG   :     lr  0000005a6c312048  sp  0000007fc91434e0  pc  000000776a22cb40  pst 0000000080000000
09-07 14:25:53.881  4924  4924 F DEBUG   : backtrace:
09-07 14:25:53.881  4924  4924 F DEBUG   :       #00 pc 000000000004ab40  /apex/com.android.runtime/lib64/bionic/libc.so (strlen_default+16) (BuildId: 2b7c6e33413ac7278a15dfc3ea383089)
09-07 14:25:53.881  4924  4924 F DEBUG   :       #01 pc 0000000000009044  /vendor/bin/hw/vendor.harman.LogManager@1.0-service (BuildId: 3e966ab64050b441b920ba0e8960d123)
09-07 14:25:53.881  4924  4924 F DEBUG   :       #02 pc 0000000000008df0  /vendor/bin/hw/vendor.harman.LogManager@1.0-service (LM::LogManagerImpl::load_plugin_conf(void*, std::__1::basic_string<char, std::__1::char_traits<char>, std::__1::allocator<char> >, std::__1::multimap<std::__1::basic_string<char, std::__1::char_traits<char>, std::__1::allocator<char> >, int, std::__1::less<std::__1::basic_string<char, std::__1::char_traits<char>, std::__1::allocator<char> > >, std::__1::allocator<std::__1::pair<std::__1::basic_string<char, std::__1::char_traits<char>, std::__1::allocator<char> > const, int> > >&)+752) (BuildId: 3e966ab64050b441b920ba0e8960d123)
09-07 14:25:53.881  4924  4924 F DEBUG   :       #03 pc 00000000000088c0  /vendor/bin/hw/vendor.harman.LogManager@1.0-service (LM::LogManagerImpl::loadplugins()+436) (BuildId: 3e966ab64050b441b920ba0e8960d123)
09-07 14:25:53.882  4924  4924 F DEBUG   :       #04 pc 0000000000007af8  /vendor/bin/hw/vendor.harman.LogManager@1.0-service (main+1112) (BuildId: 3e966ab64050b441b920ba0e8960d123)
09-07 14:25:53.882  4924  4924 F DEBUG   :       #05 pc 000000000004988c  /apex/com.android.runtime/lib64/bionic/libc.so (__libc_init+108) (BuildId: 2b7c6e33413ac7278a15dfc3ea383089)
01-01 00:00:56.901     0     0 D logd    : logdr: UID=0 GID=1000 PID=4924 n tail=50 logMask=1 pid=4920 start=0ns timeout=0ns
01-01 00:00:56.920     0     0 D logd    : logdr: UID=0 GID=1000 PID=4924 n tail=0 logMask=8 pid=4920 start=0ns timeout=0ns
01-01 00:00:56.928     0     0 D logd    : logdr: UID=0 GID=1000 PID=4924 n tail=0 logMask=1 pid=4920 start=0ns timeout=0ns
01-01 00:00:56.938     0     0 I init    : Untracked pid 4924 exited with status 0
01-01 00:01:01.700     0     0 I init    : starting service 'qccsyshalservice'...
01-01 00:01:01.737     0     0 I init    : Service 'qccsyshalservice' (pid 4935) exited with status 1
01-01 00:01:01.737     0     0 I init    : Sending signal 9 to service 'qccsyshalservice' (pid 4935) process group...
01-01 00:01:01.738     0     0 I libprocessgroup: Successfully killed process cgroup uid 1000 pid 4935 in 0ms
01-01 00:01:01.781     0     0 I init    : starting service 'vendor.sensors-hal-1-0'...
01-01 00:01:01.789     0     0 I init    : starting service 'LogManager'...
01-01 00:01:01.818     0     0 I init    : Service 'vendor.sensors-hal-1-0' (pid 4936) exited with status 1
01-01 00:01:01.818     0     0 I init    : Sending signal 9 to service 'vendor.sensors-hal-1-0' (pid 4936) process group...
01-01 00:01:01.820     0     0 I libprocessgroup: Successfully killed process cgroup uid 1000 pid 4936 in 1ms
01-01 00:01:01.823     0     0 W audit   : audit_lost=427 audit_rate_limit=5 audit_backlog_limit=64
01-01 00:01:01.823     0     0 E audit   : rate limit exceeded
01-01 00:01:01.902     0     0 D logd    : logdr: UID=0 GID=1000 PID=4941 n tail=50 logMask=8 pid=4937 start=0ns timeout=0ns
09-07 14:25:53.946  1033  1270 W NativeCrashListener: Couldn't find ProcessRecord for pid 4920
09-07 14:25:53.955  1033  1095 I BootReceiver: Copying /data/tombstones/tombstone_27 to DropBox (SYSTEM_TOMBSTONE)
09-07 14:25:53.957  1033  1095 I DropBoxManagerService: add tag=SYSTEM_TOMBSTONE isTagEnabled=true flags=0x2
09-07 14:25:56.709  1033  1064 I ActivityManager: Waited long enough for: ServiceRecord{c7b2497 u10 com.qti.diagservices/.QTIDiagServices}
09-07 14:25:57.231  1033  1064 I ActivityManager: Waited long enough for: ServiceRecord{f11e3b0 u10 com.android.car.settings/.projection.PrjListenService}
09-07 14:25:58.343  1033  1064 I ActivityManager: Waited long enough for: ServiceRecord{e8b7260 u10 com.android.server.usbgeneric/.UsbGenericService}
09-07 14:25:58.639  1033  1064 I ActivityManager: Waited long enough for: ServiceRecord{30e52fd u10 com.harman.audio.service/.AudioModeService}
09-07 14:25:58.838  4937  4937 F libc    : Fatal signal 11 (SIGSEGV), code 1 (SEGV_MAPERR), fault addr 0x0 in tid 4937 (vendor.harman.L), pid 4937 (vendor.harman.L)
09-07 14:25:58.880  4941  4941 F DEBUG   : *** *** *** *** *** *** *** *** *** *** *** *** *** *** *** ***
09-07 14:25:58.880  4941  4941 F DEBUG   : Build fingerprint: 'qti/titan_tml_b2/titan_tml_b2:11/RQ3A.210605.005/eng.ksong.20210907.134230:userdebug/test-keys'
09-07 14:25:58.880  4941  4941 F DEBUG   : Revision: '0'
09-07 14:25:58.881  4941  4941 F DEBUG   : ABI: 'arm64'
09-07 14:25:58.881  4941  4941 F DEBUG   : Timestamp: 2021-09-07 14:25:58+0000
09-07 14:25:58.882  4941  4941 F DEBUG   : pid: 4937, tid: 4937, name: vendor.harman.L  >>> /vendor/bin/hw/vendor.harman.LogManager@1.0-service <<<
09-07 14:25:58.882  4941  4941 F DEBUG   : uid: 0
09-07 14:25:58.882  4941  4941 F DEBUG   : signal 11 (SIGSEGV), code 1 (SEGV_MAPERR), fault addr 0x0
09-07 14:25:58.882  4941  4941 F DEBUG   : Cause: null pointer dereference
09-07 14:25:58.882  4941  4941 F DEBUG   :     x0  0000000000000000  x1  0000000000000000  x2  0000000000080001  x3  0000000000000000
09-07 14:25:58.882  4941  4941 F DEBUG   :     x4  0000000000000000  x5  0000000000000090  x6  fefefefefefefeff  x7  7f7f7f7f7f7f7f7f
09-07 14:25:58.882  4941  4941 F DEBUG   :     x8  0101010101010101  x9  cfc66b8ebcc55b16  x10 0000007fc3d95dd8  x11 fffffffffffffffd
09-07 14:25:58.882  4941  4941 F DEBUG   :     x12 0000007fc3d95f60  x13 000000000000008e  x14 0031d458efa8cc00  x15 0000000034155555
09-07 14:25:58.883  4941  4941 F DEBUG   :     x16 0000005a0dd657e0  x17 00000076c2a27b30  x18 00000076c3546000  x19 0000000000000000
09-07 14:25:58.883  4941  4941 F DEBUG   :     x20 00000076c262dc50  x21 0000007fc3d96679  x22 b4000075c24a8888  x23 0000007fc3d96698
09-07 14:25:58.883  4941  4941 F DEBUG   :     x24 0000000000000000  x25 00000076c310a000  x26 0000007fc3d96679  x27 0000007fc3d96649
09-07 14:25:58.883  4941  4941 F DEBUG   :     x28 0000000000000000  x29 0000007fc3d96580
09-07 14:25:58.883  4941  4941 F DEBUG   :     lr  0000005a0dd5c048  sp  0000007fc3d96580  pc  00000076c2a27b40  pst 0000000080000000
09-07 14:25:58.887  4941  4941 F DEBUG   : backtrace:
09-07 14:25:58.887  4941  4941 F DEBUG   :       #00 pc 000000000004ab40  /apex/com.android.runtime/lib64/bionic/libc.so (strlen_default+16) (BuildId: 2b7c6e33413ac7278a15dfc3ea383089)
09-07 14:25:58.887  4941  4941 F DEBUG   :       #01 pc 0000000000009044  /vendor/bin/hw/vendor.harman.LogManager@1.0-service (BuildId: 3e966ab64050b441b920ba0e8960d123)
09-07 14:25:58.887  4941  4941 F DEBUG   :       #02 pc 0000000000008df0  /vendor/bin/hw/vendor.harman.LogManager@1.0-service (LM::LogManagerImpl::load_plugin_conf(void*, std::__1::basic_string<char, std::__1::char_traits<char>, std::__1::allocator<char> >, std::__1::multimap<std::__1::basic_string<char, std::__1::char_traits<char>, std::__1::allocator<char> >, int, std::__1::less<std::__1::basic_string<char, std::__1::char_traits<char>, std::__1::allocator<char> > >, std::__1::allocator<std::__1::pair<std::__1::basic_string<char, std::__1::char_traits<char>, std::__1::allocator<char> > const, int> > >&)+752) (BuildId: 3e966ab64050b441b920ba0e8960d123)
09-07 14:25:58.887  4941  4941 F DEBUG   :       #03 pc 00000000000088c0  /vendor/bin/hw/vendor.harman.LogManager@1.0-service (LM::LogManagerImpl::loadplugins()+436) (BuildId: 3e966ab64050b441b920ba0e8960d123)
09-07 14:25:58.887  4941  4941 F DEBUG   :       #04 pc 0000000000007af8  /vendor/bin/hw/vendor.harman.LogManager@1.0-service (main+1112) (BuildId: 3e966ab64050b441b920ba0e8960d123)
09-07 14:25:58.888  4941  4941 F DEBUG   :       #05 pc 000000000004988c  /apex/com.android.runtime/lib64/bionic/libc.so (__libc_init+108) (BuildId: 2b7c6e33413ac7278a15dfc3ea383089)
01-01 00:01:01.910     0     0 D logd    : logdr: UID=0 GID=1000 PID=4941 n tail=50 logMask=1 pid=4937 start=0ns timeout=0ns
01-01 00:01:01.928     0     0 D logd    : logdr: UID=0 GID=1000 PID=4941 n tail=0 logMask=8 pid=4937 start=0ns timeout=0ns
01-01 00:01:01.936     0     0 D logd    : logdr: UID=0 GID=1000 PID=4941 n tail=0 logMask=1 pid=4937 start=0ns timeout=0ns
01-01 00:01:01.946     0     0 I init    : Untracked pid 4941 exited with status 0
01-01 00:01:03.506     0     0 W audit   : audit_lost=449 audit_rate_limit=5 audit_backlog_limit=64
01-01 00:01:03.507     0     0 E audit   : rate limit exceeded
01-01 00:01:06.709     0     0 I init    : starting service 'qccsyshalservice'...
01-01 00:01:06.761     0     0 I init    : Service 'qccsyshalservice' (pid 4992) exited with status 1
01-01 00:01:06.761     0     0 I init    : Sending signal 9 to service 'qccsyshalservice' (pid 4992) process group...
01-01 00:01:06.761     0     0 I libprocessgroup: Successfully killed process cgroup uid 1000 pid 4992 in 0ms
01-01 00:01:06.785     0     0 I init    : starting service 'vendor.sensors-hal-1-0'...
01-01 00:01:06.794     0     0 I init    : starting service 'LogManager'...
01-01 00:01:06.829     0     0 W audit   : audit_lost=450 audit_rate_limit=5 audit_backlog_limit=64
01-01 00:01:06.829     0     0 E audit   : rate limit exceeded
01-01 00:01:06.829     0     0 I init    : Service 'vendor.sensors-hal-1-0' (pid 5004) exited with status 1
01-01 00:01:06.833     0     0 I init    : Sending signal 9 to service 'vendor.sensors-hal-1-0' (pid 5004) process group...
01-01 00:01:06.834     0     0 I libprocessgroup: Successfully killed process cgroup uid 1000 pid 5004 in 0ms
01-01 00:01:06.910     0     0 D logd    : logdr: UID=0 GID=1000 PID=5014 n tail=50 logMask=8 pid=5005 start=0ns timeout=0ns
09-07 14:25:58.954  1033  1270 W NativeCrashListener: Couldn't find ProcessRecord for pid 4937
09-07 14:25:58.962  1033  1095 I BootReceiver: Copying /data/tombstones/tombstone_28 to DropBox (SYSTEM_TOMBSTONE)
09-07 14:25:58.964  1033  1095 I DropBoxManagerService: add tag=SYSTEM_TOMBSTONE isTagEnabled=true flags=0x2
09-07 14:25:59.892  1033  1064 I ActivityManager: Waited long enough for: ServiceRecord{b0ae461 u10 com.samsung.android.automotive.phone/.service.PhoneService}
09-07 14:26:03.844  5005  5005 F libc    : Fatal signal 11 (SIGSEGV), code 1 (SEGV_MAPERR), fault addr 0x0 in tid 5005 (vendor.harman.L), pid 5005 (vendor.harman.L)
09-07 14:26:03.888  5014  5014 F DEBUG   : *** *** *** *** *** *** *** *** *** *** *** *** *** *** *** ***
09-07 14:26:03.888  5014  5014 F DEBUG   : Build fingerprint: 'qti/titan_tml_b2/titan_tml_b2:11/RQ3A.210605.005/eng.ksong.20210907.134230:userdebug/test-keys'
09-07 14:26:03.888  5014  5014 F DEBUG   : Revision: '0'
09-07 14:26:03.888  5014  5014 F DEBUG   : ABI: 'arm64'
09-07 14:26:03.889  5014  5014 F DEBUG   : Timestamp: 2021-09-07 14:26:03+0000
09-07 14:26:03.889  5014  5014 F DEBUG   : pid: 5005, tid: 5005, name: vendor.harman.L  >>> /vendor/bin/hw/vendor.harman.LogManager@1.0-service <<<
09-07 14:26:03.889  5014  5014 F DEBUG   : uid: 0
09-07 14:26:03.889  5014  5014 F DEBUG   : signal 11 (SIGSEGV), code 1 (SEGV_MAPERR), fault addr 0x0
09-07 14:26:03.890  5014  5014 F DEBUG   : Cause: null pointer dereference
09-07 14:26:03.890  5014  5014 F DEBUG   :     x0  0000000000000000  x1  0000000000000000  x2  0000000000080001  x3  0000000000000000
09-07 14:26:03.890  5014  5014 F DEBUG   :     x4  0000000000000000  x5  0000000000000090  x6  fefefefefefefeff  x7  7f7f7f7f7f7f7f7f
09-07 14:26:03.891  5014  5014 F DEBUG   :     x8  0101010101010101  x9  7bec467233a57c71  x10 0000007fd971c888  x11 fffffffffffffffd
09-07 14:26:03.891  5014  5014 F DEBUG   :     x12 0000007fd971ca10  x13 000000000000008e  x14 00321161edc02000  x15 0000000034155555
09-07 14:26:03.891  5014  5014 F DEBUG   :     x16 0000005bc25ff7e0  x17 00000077fab21b30  x18 00000077fb5d4000  x19 0000000000000000
09-07 14:26:03.891  5014  5014 F DEBUG   :     x20 00000077fa8fac50  x21 0000007fd971d129  x22 b4000076fa34bc38  x23 0000007fd971d148
09-07 14:26:03.891  5014  5014 F DEBUG   :     x24 0000000000000000  x25 00000077faf39000  x26 0000007fd971d129  x27 0000007fd971d0f9
09-07 14:26:03.891  5014  5014 F DEBUG   :     x28 0000000000000000  x29 0000007fd971d030
09-07 14:26:03.891  5014  5014 F DEBUG   :     lr  0000005bc25f6048  sp  0000007fd971d030  pc  00000077fab21b40  pst 0000000080000000
09-07 14:26:03.895  5014  5014 F DEBUG   : backtrace:
09-07 14:26:03.895  5014  5014 F DEBUG   :       #00 pc 000000000004ab40  /apex/com.android.runtime/lib64/bionic/libc.so (strlen_default+16) (BuildId: 2b7c6e33413ac7278a15dfc3ea383089)
09-07 14:26:03.895  5014  5014 F DEBUG   :       #01 pc 0000000000009044  /vendor/bin/hw/vendor.harman.LogManager@1.0-service (BuildId: 3e966ab64050b441b920ba0e8960d123)
09-07 14:26:03.896  5014  5014 F DEBUG   :       #02 pc 0000000000008df0  /vendor/bin/hw/vendor.harman.LogManager@1.0-service (LM::LogManagerImpl::load_plugin_conf(void*, std::__1::basic_string<char, std::__1::char_traits<char>, std::__1::allocator<char> >, std::__1::multimap<std::__1::basic_string<char, std::__1::char_traits<char>, std::__1::allocator<char> >, int, std::__1::less<std::__1::basic_string<char, std::__1::char_traits<char>, std::__1::allocator<char> > >, std::__1::allocator<std::__1::pair<std::__1::basic_string<char, std::__1::char_traits<char>, std::__1::allocator<char> > const, int> > >&)+752) (BuildId: 3e966ab64050b441b920ba0e8960d123)
09-07 14:26:03.896  5014  5014 F DEBUG   :       #03 pc 00000000000088c0  /vendor/bin/hw/vendor.harman.LogManager@1.0-service (LM::LogManagerImpl::loadplugins()+436) (BuildId: 3e966ab64050b441b920ba0e8960d123)
09-07 14:26:03.896  5014  5014 F DEBUG   :       #04 pc 0000000000007af8  /vendor/bin/hw/vendor.harman.LogManager@1.0-service (main+1112) (BuildId: 3e966ab64050b441b920ba0e8960d123)
09-07 14:26:03.896  5014  5014 F DEBUG   :       #05 pc 000000000004988c  /apex/com.android.runtime/lib64/bionic/libc.so (__libc_init+108) (BuildId: 2b7c6e33413ac7278a15dfc3ea383089)
01-01 00:01:06.919     0     0 D logd    : logdr: UID=0 GID=1000 PID=5014 n tail=50 logMask=1 pid=5005 start=0ns timeout=0ns
01-01 00:01:06.938     0     0 D logd    : logdr: UID=0 GID=1000 PID=5014 n tail=0 logMask=8 pid=5005 start=0ns timeout=0ns
01-01 00:01:06.945     0     0 D logd    : logdr: UID=0 GID=1000 PID=5014 n tail=0 logMask=1 pid=5005 start=0ns timeout=0ns
01-01 00:01:06.957     0     0 I init    : Service 'LogManager' (pid 5005) received signal 11
01-01 00:01:07.904     0     0 I IRQ 5   : no longer affine to CPU4
01-01 00:01:11.720     0     0 I init    : starting service 'qccsyshalservice'...
01-01 00:01:11.755     0     0 I init    : Service 'qccsyshalservice' (pid 5378) exited with status 1
01-01 00:01:11.755     0     0 I init    : Sending signal 9 to service 'qccsyshalservice' (pid 5378) process group...
01-01 00:01:11.755     0     0 I libprocessgroup: Successfully killed process cgroup uid 1000 pid 5378 in 0ms
01-01 00:01:11.791     0     0 I init    : starting service 'vendor.sensors-hal-1-0'...
01-01 00:01:11.806     0     0 I init    : starting service 'LogManager'...
01-01 00:01:11.822     0     0 I init    : Service 'vendor.sensors-hal-1-0' (pid 5379) exited with status 1
01-01 00:01:11.822     0     0 I init    : Sending signal 9 to service 'vendor.sensors-hal-1-0' (pid 5379) process group...
01-01 00:01:11.822     0     0 I libprocessgroup: Successfully killed process cgroup uid 1000 pid 5379 in 0ms
01-01 00:01:11.840     0     0 W audit   : audit_lost=469 audit_rate_limit=5 audit_backlog_limit=64
01-01 00:01:11.840     0     0 E audit   : rate limit exceeded
01-01 00:01:11.917     0     0 D logd    : logdr: UID=0 GID=1000 PID=5384 n tail=50 logMask=8 pid=5380 start=0ns timeout=0ns
09-07 14:26:03.964  1033  1270 W NativeCrashListener: Couldn't find ProcessRecord for pid 5005
09-07 14:26:03.973  1033  1095 I BootReceiver: Copying /data/tombstones/tombstone_29 to DropBox (SYSTEM_TOMBSTONE)
09-07 14:26:03.975  1033  1095 I DropBoxManagerService: add tag=SYSTEM_TOMBSTONE isTagEnabled=true flags=0x2
09-07 14:26:08.855  5380  5380 F libc    : Fatal signal 11 (SIGSEGV), code 1 (SEGV_MAPERR), fault addr 0x0 in tid 5380 (vendor.harman.L), pid 5380 (vendor.harman.L)
09-07 14:26:08.896  5384  5384 F DEBUG   : *** *** *** *** *** *** *** *** *** *** *** *** *** *** *** ***
09-07 14:26:08.897  5384  5384 F DEBUG   : Build fingerprint: 'qti/titan_tml_b2/titan_tml_b2:11/RQ3A.210605.005/eng.ksong.20210907.134230:userdebug/test-keys'
09-07 14:26:08.897  5384  5384 F DEBUG   : Revision: '0'
09-07 14:26:08.897  5384  5384 F DEBUG   : ABI: 'arm64'
09-07 14:26:08.898  5384  5384 F DEBUG   : Timestamp: 2021-09-07 14:26:08+0000
09-07 14:26:08.898  5384  5384 F DEBUG   : pid: 5380, tid: 5380, name: vendor.harman.L  >>> /vendor/bin/hw/vendor.harman.LogManager@1.0-service <<<
09-07 14:26:08.898  5384  5384 F DEBUG   : uid: 0
09-07 14:26:08.898  5384  5384 F DEBUG   : signal 11 (SIGSEGV), code 1 (SEGV_MAPERR), fault addr 0x0
09-07 14:26:08.898  5384  5384 F DEBUG   : Cause: null pointer dereference
09-07 14:26:08.898  5384  5384 F DEBUG   :     x0  0000000000000000  x1  0000000000000000  x2  0000000000080001  x3  0000000000000000
09-07 14:26:08.899  5384  5384 F DEBUG   :     x4  0000000000000000  x5  0000000000000090  x6  fefefefefefefeff  x7  7f7f7f7f7f7f7f7f
09-07 14:26:08.899  5384  5384 F DEBUG   :     x8  0101010101010101  x9  e086d6723b6a05bd  x10 0000007fd1ea9cf8  x11 fffffffffffffffd
09-07 14:26:08.899  5384  5384 F DEBUG   :     x12 0000007fd1ea9e80  x13 000000000000008e  x14 0032c87cebd6ac00  x15 0000000034155555
09-07 14:26:08.899  5384  5384 F DEBUG   :     x16 000000616b3847e0  x17 00000072e7be5b30  x18 00000072e8a58000  x19 0000000000000000
09-07 14:26:08.899  5384  5384 F DEBUG   :     x20 00000072e78bac50  x21 0000007fd1eaa599  x22 b4000071e7366598  x23 0000007fd1eaa5b8
09-07 14:26:08.899  5384  5384 F DEBUG   :     x24 0000000000000000  x25 00000072e7fc6000  x26 0000007fd1eaa599  x27 0000007fd1eaa569
09-07 14:26:08.899  5384  5384 F DEBUG   :     x28 0000000000000000  x29 0000007fd1eaa4a0
09-07 14:26:08.899  5384  5384 F DEBUG   :     lr  000000616b37b048  sp  0000007fd1eaa4a0  pc  00000072e7be5b40  pst 0000000080000000
09-07 14:26:08.903  5384  5384 F DEBUG   : backtrace:
09-07 14:26:08.903  5384  5384 F DEBUG   :       #00 pc 000000000004ab40  /apex/com.android.runtime/lib64/bionic/libc.so (strlen_default+16) (BuildId: 2b7c6e33413ac7278a15dfc3ea383089)
09-07 14:26:08.903  5384  5384 F DEBUG   :       #01 pc 0000000000009044  /vendor/bin/hw/vendor.harman.LogManager@1.0-service (BuildId: 3e966ab64050b441b920ba0e8960d123)
09-07 14:26:08.903  5384  5384 F DEBUG   :       #02 pc 0000000000008df0  /vendor/bin/hw/vendor.harman.LogManager@1.0-service (LM::LogManagerImpl::load_plugin_conf(void*, std::__1::basic_string<char, std::__1::char_traits<char>, std::__1::allocator<char> >, std::__1::multimap<std::__1::basic_string<char, std::__1::char_traits<char>, std::__1::allocator<char> >, int, std::__1::less<std::__1::basic_string<char, std::__1::char_traits<char>, std::__1::allocator<char> > >, std::__1::allocator<std::__1::pair<std::__1::basic_string<char, std::__1::char_traits<char>, std::__1::allocator<char> > const, int> > >&)+752) (BuildId: 3e966ab64050b441b920ba0e8960d123)
09-07 14:26:08.903  5384  5384 F DEBUG   :       #03 pc 00000000000088c0  /vendor/bin/hw/vendor.harman.LogManager@1.0-service (LM::LogManagerImpl::loadplugins()+436) (BuildId: 3e966ab64050b441b920ba0e8960d123)
09-07 14:26:08.904  5384  5384 F DEBUG   :       #04 pc 0000000000007af8  /vendor/bin/hw/vendor.harman.LogManager@1.0-service (main+1112) (BuildId: 3e966ab64050b441b920ba0e8960d123)
09-07 14:26:08.904  5384  5384 F DEBUG   :       #05 pc 000000000004988c  /apex/com.android.runtime/lib64/bionic/libc.so (__libc_init+108) (BuildId: 2b7c6e33413ac7278a15dfc3ea383089)
01-01 00:01:11.925     0     0 D logd    : logdr: UID=0 GID=1000 PID=5384 n tail=50 logMask=1 pid=5380 start=0ns timeout=0ns
01-01 00:01:11.944     0     0 D logd    : logdr: UID=0 GID=1000 PID=5384 n tail=0 logMask=8 pid=5380 start=0ns timeout=0ns
01-01 00:01:11.953     0     0 D logd    : logdr: UID=0 GID=1000 PID=5384 n tail=0 logMask=1 pid=5380 start=0ns timeout=0ns
01-01 00:01:11.963     0     0 I init    : Untracked pid 5384 exited with status 0
01-01 00:01:13.628     0     0 W audit   : audit_lost=490 audit_rate_limit=5 audit_backlog_limit=64
01-01 00:01:13.628     0     0 E audit   : rate limit exceeded
01-01 00:01:16.730     0     0 I init    : starting service 'qccsyshalservice'...
01-01 00:01:16.762     0     0 I init    : Service 'qccsyshalservice' (pid 5840) exited with status 1
01-01 00:01:16.763     0     0 I init    : Sending signal 9 to service 'qccsyshalservice' (pid 5840) process group...
01-01 00:01:16.763     0     0 I libprocessgroup: Successfully killed process cgroup uid 1000 pid 5840 in 0ms
01-01 00:01:16.797     0     0 I init    : starting service 'vendor.sensors-hal-1-0'...
01-01 00:01:16.811     0     0 I init    : starting service 'LogManager'...
01-01 00:01:16.829     0     0 I init    : Service 'vendor.sensors-hal-1-0' (pid 5844) exited with status 1
01-01 00:01:16.829     0     0 I init    : Sending signal 9 to service 'vendor.sensors-hal-1-0' (pid 5844) process group...
01-01 00:01:16.830     0     0 I libprocessgroup: Successfully killed process cgroup uid 1000 pid 5844 in 0ms
01-01 00:01:16.842     0     0 W audit   : audit_lost=496 audit_rate_limit=5 audit_backlog_limit=64
01-01 00:01:16.842     0     0 E audit   : rate limit exceeded
09-07 14:26:08.971  1033  1270 W NativeCrashListener: Couldn't find ProcessRecord for pid 5380
09-07 14:26:08.979  1033  1095 I BootReceiver: Copying /data/tombstones/tombstone_30 to DropBox (SYSTEM_TOMBSTONE)
09-07 14:26:08.981  1033  1095 I DropBoxManagerService: add tag=SYSTEM_TOMBSTONE isTagEnabled=true flags=0x2
09-07 14:26:09.143  1033  1223 I ActivityTaskManager: START u10 {act=android.intent.action.VIEW flg=0x14000000 cmp=com.samsung.android.automotive.launcher/.homescreen.apps.AppsActivity (has extras)} from uid 10141
09-07 14:26:09.170  1033  1223 W ActivityTaskManager: Tried to set launchTime (0) < mLastActivityLaunchTime (24681)
09-07 14:26:09.189  1033  1056 I ActivityManager: Killing 3241:android.process.acore/u10a71 (adj 985): empty #17
09-07 14:26:09.231  1033  2748 D CountryDetector: No listener is left
09-07 14:26:11.989  1033  2748 I ActivityTaskManager: START u10 {act=android.intent.action.MAIN cat=[android.intent.category.LAUNCHER] flg=0x10000000 cmp=com.android.car.settings/.common.CarSettingActivity} from uid 1010080
09-07 14:26:12.056  1033  1056 D CompatibilityChangeReporter: Compat change id reported: 136219221; UID 1010080; state: ENABLED
09-07 14:26:12.339  1033  2748 D CompatibilityChangeReporter: Compat change id reported: 136274596; UID 1001000; state: DISABLED
09-07 14:26:12.421  1033  1209 D ConnectivityService: NetReassign [no changes]
09-07 14:26:13.862  5845  5845 F libc    : Fatal signal 11 (SIGSEGV), code 1 (SEGV_MAPERR), fault addr 0x0 in tid 5845 (vendor.harman.L), pid 5845 (vendor.harman.L)
09-07 14:26:13.903  5852  5852 F DEBUG   : *** *** *** *** *** *** *** *** *** *** *** *** *** *** *** ***
09-07 14:26:13.904  5852  5852 F DEBUG   : Build fingerprint: 'qti/titan_tml_b2/titan_tml_b2:11/RQ3A.210605.005/eng.ksong.20210907.134230:userdebug/test-keys'
09-07 14:26:13.904  5852  5852 F DEBUG   : Revision: '0'
09-07 14:26:13.904  5852  5852 F DEBUG   : ABI: 'arm64'
09-07 14:26:13.905  5852  5852 F DEBUG   : Timestamp: 2021-09-07 14:26:13+0000
09-07 14:26:13.905  5852  5852 F DEBUG   : pid: 5845, tid: 5845, name: vendor.harman.L  >>> /vendor/bin/hw/vendor.harman.LogManager@1.0-service <<<
09-07 14:26:13.905  5852  5852 F DEBUG   : uid: 0
09-07 14:26:13.905  5852  5852 F DEBUG   : signal 11 (SIGSEGV), code 1 (SEGV_MAPERR), fault addr 0x0
09-07 14:26:13.905  5852  5852 F DEBUG   : Cause: null pointer dereference
09-07 14:26:13.905  5852  5852 F DEBUG   :     x0  0000000000000000  x1  0000000000000000  x2  0000000000080001  x3  0000000000000000
09-07 14:26:13.905  5852  5852 F DEBUG   :     x4  0000000000000000  x5  0000000000000090  x6  fefefefefefefeff  x7  7f7f7f7f7f7f7f7f
09-07 14:26:13.905  5852  5852 F DEBUG   :     x8  0101010101010101  x9  8886ac41dbc92f1c  x10 0000007ff02025d8  x11 fffffffffffffffd
09-07 14:26:13.905  5852  5852 F DEBUG   :     x12 0000007ff0202760  x13 000000000000008e  x14 00330585e9ee0000  x15 0000000034155555
09-07 14:26:13.906  5852  5852 F DEBUG   :     x16 0000005ea541f7e0  x17 0000007cebe90b30  x18 0000007ced182000  x19 0000000000000000
09-07 14:26:13.907  5852  5852 F DEBUG   :     x20 0000007cebd34c50  x21 0000007ff0202e79  x22 b400007beb643598  x23 0000007ff0202e98
09-07 14:26:13.907  5852  5852 F DEBUG   :     x24 0000000000000000  x25 0000007cec268000  x26 0000007ff0202e79  x27 0000007ff0202e49
09-07 14:26:13.907  5852  5852 F DEBUG   :     x28 0000000000000000  x29 0000007ff0202d80
09-07 14:26:13.907  5852  5852 F DEBUG   :     lr  0000005ea5416048  sp  0000007ff0202d80  pc  0000007cebe90b40  pst 0000000080000000
09-07 14:26:13.908  5852  5852 F DEBUG   : backtrace:
09-07 14:26:13.908  5852  5852 F DEBUG   :       #00 pc 000000000004ab40  /apex/com.android.runtime/lib64/bionic/libc.so (strlen_default+16) (BuildId: 2b7c6e33413ac7278a15dfc3ea383089)
09-07 14:26:13.908  5852  5852 F DEBUG   :       #01 pc 0000000000009044  /vendor/bin/hw/vendor.harman.LogManager@1.0-service (BuildId: 3e966ab64050b441b920ba0e8960d123)
09-07 14:26:13.908  5852  5852 F DEBUG   :       #02 pc 0000000000008df0  /vendor/bin/hw/vendor.harman.LogManager@1.0-service (LM::LogManagerImpl::load_plugin_conf(void*, std::__1::basic_string<char, std::__1::char_traits<char>, std::__1::allocator<char> >, std::__1::multimap<std::__1::basic_string<char, std::__1::char_traits<char>, std::__1::allocator<char> >, int, std::__1::less<std::__1::basic_string<char, std::__1::char_traits<char>, std::__1::allocator<char> > >, std::__1::allocator<std::__1::pair<std::__1::basic_string<char, std::__1::char_traits<char>, std::__1::allocator<char> > const, int> > >&)+752) (BuildId: 3e966ab64050b441b920ba0e8960d123)
09-07 14:26:13.908  5852  5852 F DEBUG   :       #03 pc 00000000000088c0  /vendor/bin/hw/vendor.harman.LogManager@1.0-service (LM::LogManagerImpl::loadplugins()+436) (BuildId: 3e966ab64050b441b920ba0e8960d123)
09-07 14:26:13.908  5852  5852 F DEBUG   :       #04 pc 0000000000007af8  /vendor/bin/hw/vendor.harman.LogManager@1.0-service (main+1112) (BuildId: 3e966ab64050b441b920ba0e8960d123)
09-07 14:26:13.909  5852  5852 F DEBUG   :       #05 pc 000000000004988c  /apex/com.android.runtime/lib64/bionic/libc.so (__libc_init+108) (BuildId: 2b7c6e33413ac7278a15dfc3ea383089)
01-01 00:01:16.923     0     0 D logd    : logdr: UID=0 GID=1000 PID=5852 n tail=50 logMask=1 pid=5845 start=0ns timeout=0ns
01-01 00:01:16.942     0     0 D logd    : logdr: UID=0 GID=1000 PID=5852 n tail=0 logMask=8 pid=5845 start=0ns timeout=0ns
01-01 00:01:16.950     0     0 D logd    : logdr: UID=0 GID=1000 PID=5852 n tail=0 logMask=1 pid=5845 start=0ns timeout=0ns
01-01 00:01:16.963     0     0 I init    : Service 'LogManager' (pid 5845) received signal 11
01-01 00:01:17.923     0     0 W audit   : audit_lost=517 audit_rate_limit=5 audit_backlog_limit=64
01-01 00:01:17.923     0     0 E audit   : rate limit exceeded
01-01 00:01:21.736     0     0 I init    : starting service 'qccsyshalservice'...
01-01 00:01:21.774     0     0 I init    : Service 'qccsyshalservice' (pid 6445) exited with status 1
01-01 00:01:21.775     0     0 I init    : Sending signal 9 to service 'qccsyshalservice' (pid 6445) process group...
01-01 00:01:21.775     0     0 I libprocessgroup: Successfully killed process cgroup uid 1000 pid 6445 in 0ms
01-01 00:01:21.804     0     0 I init    : starting service 'vendor.sensors-hal-1-0'...
01-01 00:01:21.815     0     0 I init    : starting service 'LogManager'...
01-01 00:01:21.832     0     0 I init    : Service 'vendor.sensors-hal-1-0' (pid 6458) exited with status 1
01-01 00:01:21.832     0     0 I init    : Sending signal 9 to service 'vendor.sensors-hal-1-0' (pid 6458) process group...
01-01 00:01:21.832     0     0 I libprocessgroup: Successfully killed process cgroup uid 1000 pid 6458 in 0ms
01-01 00:01:21.857     0     0 W audit   : audit_lost=519 audit_rate_limit=5 audit_backlog_limit=64
01-01 00:01:21.857     0     0 E audit   : rate limit exceeded
09-07 14:26:13.968  1033  1270 W NativeCrashListener: Couldn't find ProcessRecord for pid 5845
09-07 14:26:13.976  1033  1095 I BootReceiver: Copying /data/tombstones/tombstone_31 to DropBox (SYSTEM_TOMBSTONE)
09-07 14:26:13.979  1033  1095 I DropBoxManagerService: add tag=SYSTEM_TOMBSTONE isTagEnabled=true flags=0x2
09-07 14:26:14.295  1033  1055 I DropBoxManagerService: add tag=system_app_strictmode isTagEnabled=true flags=0x2
09-07 14:26:14.310  1033  1055 I chatty  : uid=1000(system) android.io identical 1 line
09-07 14:26:14.319  1033  1055 I DropBoxManagerService: add tag=system_app_strictmode isTagEnabled=true flags=0x2
09-07 14:26:15.055  1033  1848 E TaskPersister: File error accessing recents directory (directory doesn't exist?).
09-07 14:26:15.056  1033  1848 I chatty  : uid=1000(system) LazyTaskWriterT identical 1 line
09-07 14:26:15.057  1033  1848 E TaskPersister: File error accessing recents directory (directory doesn't exist?).
09-07 14:26:15.804  1033  1055 I DropBoxManagerService: add tag=system_app_strictmode isTagEnabled=true flags=0x2
09-07 14:26:15.816  1033  1055 I DropBoxManagerService: add tag=system_app_strictmode isTagEnabled=true flags=0x2
09-07 14:26:16.981  1033  1053 D CompatibilityChangeReporter: Compat change id reported: 135634846; UID 10149; state: DISABLED
09-07 14:26:16.982  1033  1053 D CompatibilityChangeReporter: Compat change id reported: 135754954; UID 10149; state: DISABLED
09-07 14:26:16.983  1033  1067 D CompatibilityChangeReporter: Compat change id reported: 143937733; UID 10149; state: DISABLED
09-07 14:26:17.019  1033  1067 I ActivityManager: Start proc 6114:com.android.permissioncontroller/u0a149 for service {com.android.permissioncontroller/com.android.permissioncontroller.permission.service.PermissionControllerServiceImpl}
09-07 14:26:17.848  1033  1055 I DropBoxManagerService: add tag=system_app_strictmode isTagEnabled=true flags=0x2
09-07 14:26:18.872  6462  6462 F libc    : Fatal signal 11 (SIGSEGV), code 1 (SEGV_MAPERR), fault addr 0x0 in tid 6462 (vendor.harman.L), pid 6462 (vendor.harman.L)
09-07 14:26:18.901  6475  6475 F DEBUG   : *** *** *** *** *** *** *** *** *** *** *** *** *** *** *** ***
09-07 14:26:18.902  6475  6475 F DEBUG   : Build fingerprint: 'qti/titan_tml_b2/titan_tml_b2:11/RQ3A.210605.005/eng.ksong.20210907.134230:userdebug/test-keys'
09-07 14:26:18.902  6475  6475 F DEBUG   : Revision: '0'
09-07 14:26:18.902  6475  6475 F DEBUG   : ABI: 'arm64'
09-07 14:26:18.903  6475  6475 F DEBUG   : Timestamp: 2021-09-07 14:26:18+0000
09-07 14:26:18.903  6475  6475 F DEBUG   : pid: 6462, tid: 6462, name: vendor.harman.L  >>> /vendor/bin/hw/vendor.harman.LogManager@1.0-service <<<
09-07 14:26:18.903  6475  6475 F DEBUG   : uid: 0
09-07 14:26:18.903  6475  6475 F DEBUG   : signal 11 (SIGSEGV), code 1 (SEGV_MAPERR), fault addr 0x0
09-07 14:26:18.903  6475  6475 F DEBUG   : Cause: null pointer dereference
09-07 14:26:18.903  6475  6475 F DEBUG   :     x0  0000000000000000  x1  0000000000000000  x2  0000000000080001  x3  0000000000000000
09-07 14:26:18.904  6475  6475 F DEBUG   :     x4  0000000000000000  x5  0000000000000090  x6  fefefefefefefeff  x7  7f7f7f7f7f7f7f7f
09-07 14:26:18.904  6475  6475 F DEBUG   :     x8  0101010101010101  x9  94ea06fd03ef369a  x10 0000007fd1f59a68  x11 fffffffffffffffd
09-07 14:26:18.904  6475  6475 F DEBUG   :     x12 0000007fd1f59bf0  x13 000000000000008e  x14 0033bca0e8048c00  x15 0000000034155555
09-07 14:26:18.904  6475  6475 F DEBUG   :     x16 00000055f50a07e0  x17 000000726d513b30  x18 000000726e576000  x19 0000000000000000
09-07 14:26:18.904  6475  6475 F DEBUG   :     x20 000000726d6b7c50  x21 0000007fd1f5a309  x22 b40000716d3d0888  x23 0000007fd1f5a328
09-07 14:26:18.904  6475  6475 F DEBUG   :     x24 0000000000000000  x25 000000726dfb9000  x26 0000007fd1f5a309  x27 0000007fd1f5a2d9
09-07 14:26:18.904  6475  6475 F DEBUG   :     x28 0000000000000000  x29 0000007fd1f5a210
09-07 14:26:18.904  6475  6475 F DEBUG   :     lr  00000055f5097048  sp  0000007fd1f5a210  pc  000000726d513b40  pst 0000000080000000
09-07 14:26:18.908  6475  6475 F DEBUG   : backtrace:
09-07 14:26:18.908  6475  6475 F DEBUG   :       #00 pc 000000000004ab40  /apex/com.android.runtime/lib64/bionic/libc.so (strlen_default+16) (BuildId: 2b7c6e33413ac7278a15dfc3ea383089)
09-07 14:26:18.908  6475  6475 F DEBUG   :       #01 pc 0000000000009044  /vendor/bin/hw/vendor.harman.LogManager@1.0-service (BuildId: 3e966ab64050b441b920ba0e8960d123)
09-07 14:26:18.909  6475  6475 F DEBUG   :       #02 pc 0000000000008df0  /vendor/bin/hw/vendor.harman.LogManager@1.0-service (LM::LogManagerImpl::load_plugin_conf(void*, std::__1::basic_string<char, std::__1::char_traits<char>, std::__1::allocator<char> >, std::__1::multimap<std::__1::basic_string<char, std::__1::char_traits<char>, std::__1::allocator<char> >, int, std::__1::less<std::__1::basic_string<char, std::__1::char_traits<char>, std::__1::allocator<char> > >, std::__1::allocator<std::__1::pair<std::__1::basic_string<char, std::__1::char_traits<char>, std::__1::allocator<char> > const, int> > >&)+752) (BuildId: 3e966ab64050b441b920ba0e8960d123)
09-07 14:26:18.909  6475  6475 F DEBUG   :       #03 pc 00000000000088c0  /vendor/bin/hw/vendor.harman.LogManager@1.0-service (LM::LogManagerImpl::loadplugins()+436) (BuildId: 3e966ab64050b441b920ba0e8960d123)
09-07 14:26:18.909  6475  6475 F DEBUG   :       #04 pc 0000000000007af8  /vendor/bin/hw/vendor.harman.LogManager@1.0-service (main+1112) (BuildId: 3e966ab64050b441b920ba0e8960d123)
09-07 14:26:18.909  6475  6475 F DEBUG   :       #05 pc 000000000004988c  /apex/com.android.runtime/lib64/bionic/libc.so (__libc_init+108) (BuildId: 2b7c6e33413ac7278a15dfc3ea383089)
01-01 00:01:21.929     0     0 D logd    : logdr: UID=0 GID=1000 PID=6475 n tail=50 logMask=1 pid=6462 start=0ns timeout=0ns
01-01 00:01:21.949     0     0 D logd    : logdr: UID=0 GID=1000 PID=6475 n tail=0 logMask=8 pid=6462 start=0ns timeout=0ns
01-01 00:01:21.957     0     0 D logd    : logdr: UID=0 GID=1000 PID=6475 n tail=0 logMask=1 pid=6462 start=0ns timeout=0ns
01-01 00:01:21.970     0     0 I init    : Untracked pid 6475 exited with status 0
01-01 00:01:24.640     0     0 I IRQ 5   : no longer affine to CPU5
01-01 00:01:24.992     0     0 I IRQ 5   : no longer affine to CPU4
01-01 00:01:25.584     0     0 I IRQ 5   : no longer affine to CPU5
01-01 00:01:26.746     0     0 I init    : starting service 'qccsyshalservice'...
01-01 00:01:26.780     0     0 I init    : Service 'qccsyshalservice' (pid 7219) exited with status 1
01-01 00:01:26.780     0     0 I init    : Sending signal 9 to service 'qccsyshalservice' (pid 7219) process group...
01-01 00:01:26.781     0     0 I libprocessgroup: Successfully killed process cgroup uid 1000 pid 7219 in 0ms
01-01 00:01:26.814     0     0 I init    : starting service 'vendor.sensors-hal-1-0'...
01-01 00:01:26.823     0     0 I init    : starting service 'LogManager'...
01-01 00:01:26.836     0     0 I init    : Service 'vendor.sensors-hal-1-0' (pid 7232) exited with status 1
01-01 00:01:26.836     0     0 I init    : Sending signal 9 to service 'vendor.sensors-hal-1-0' (pid 7232) process group...
01-01 00:01:26.836     0     0 I libprocessgroup: Successfully killed process cgroup uid 1000 pid 7232 in 0ms
01-01 00:01:26.863     0     0 W audit   : audit_lost=547 audit_rate_limit=5 audit_backlog_limit=64
01-01 00:01:26.863     0     0 E audit   : rate limit exceeded
01-01 00:01:26.948     0     0 D logd    : logdr: UID=0 GID=1000 PID=7249 n tail=50 logMask=8 pid=7233 start=0ns timeout=0ns
09-07 14:26:18.199  1033  1055 I chatty  : uid=1000(system) android.io identical 11 lines
09-07 14:26:18.206  1033  1055 I DropBoxManagerService: add tag=system_app_strictmode isTagEnabled=true flags=0x2
09-07 14:26:18.977  1033  1270 W NativeCrashListener: Couldn't find ProcessRecord for pid 6462
09-07 14:26:18.987  1033  1095 I BootReceiver: Copying /data/tombstones/tombstone_32 to DropBox (SYSTEM_TOMBSTONE)
09-07 14:26:18.989  1033  1095 I DropBoxManagerService: add tag=SYSTEM_TOMBSTONE isTagEnabled=true flags=0x2
09-07 14:26:23.879  7233  7233 F libc    : Fatal signal 11 (SIGSEGV), code 1 (SEGV_MAPERR), fault addr 0x0 in tid 7233 (vendor.harman.L), pid 7233 (vendor.harman.L)
09-07 14:26:23.921  7249  7249 F DEBUG   : *** *** *** *** *** *** *** *** *** *** *** *** *** *** *** ***
09-07 14:26:23.921  7249  7249 F DEBUG   : Build fingerprint: 'qti/titan_tml_b2/titan_tml_b2:11/RQ3A.210605.005/eng.ksong.20210907.134230:userdebug/test-keys'
09-07 14:26:23.921  7249  7249 F DEBUG   : Revision: '0'
09-07 14:26:23.921  7249  7249 F DEBUG   : ABI: 'arm64'
09-07 14:26:23.923  7249  7249 F DEBUG   : Timestamp: 2021-09-07 14:26:23+0000
09-07 14:26:23.923  7249  7249 F DEBUG   : pid: 7233, tid: 7233, name: vendor.harman.L  >>> /vendor/bin/hw/vendor.harman.LogManager@1.0-service <<<
09-07 14:26:23.923  7249  7249 F DEBUG   : uid: 0
09-07 14:26:23.923  7249  7249 F DEBUG   : signal 11 (SIGSEGV), code 1 (SEGV_MAPERR), fault addr 0x0
09-07 14:26:23.923  7249  7249 F DEBUG   : Cause: null pointer dereference
09-07 14:26:23.923  7249  7249 F DEBUG   :     x0  0000000000000000  x1  0000000000000000  x2  0000000000080001  x3  0000000000000000
09-07 14:26:23.923  7249  7249 F DEBUG   :     x4  0000000000000000  x5  0000000000000090  x6  fefefefefefefeff  x7  7f7f7f7f7f7f7f7f
09-07 14:26:23.923  7249  7249 F DEBUG   :     x8  0101010101010101  x9  68d3e52f49c1e768  x10 0000007fc0a328d8  x11 fffffffffffffffd
09-07 14:26:23.923  7249  7249 F DEBUG   :     x12 0000007fc0a32a60  x13 000000000000008e  x14 003436b2e61b7c00  x15 0000000034155555
