09-07 14:25:23.495  1033  1625 D CompatibilityChangeReporter: Compat change id reported: 135634846; UID 10079; state: DISABLED
09-07 14:25:23.495  1033  1625 D CompatibilityChangeReporter: Compat change id reported: 135754954; UID 10079; state: ENABLED
09-07 14:25:23.496  1033  1067 D CompatibilityChangeReporter: Compat change id reported: 143937733; UID 10079; state: ENABLED
09-07 14:25:23.520  1033  1067 I ActivityManager: Start proc 3456:com.android.packageinstaller/u0a79 for broadcast {com.android.packageinstaller/com.android.packageinstaller.TemporaryFileManager}
09-07 14:25:23.555  1033  1033 W NotificationHistory: Attempted to add notif for locked/gone/disabled user 0
09-07 14:25:23.599  1033  1223 W ActivityTaskManager: Current config: {1.0 ?mcc?mnc [en_US] ldltr sw720dp w1920dp h644dp 160dpi xlrg long land car night finger -keyb/v/h -nav/h winConfig={ mBounds=Rect(0, 0 - 1920, 720) mAppBounds=Rect(96, 0 - 2016, 720) mWindowingMode=fullscreen mDisplayWindowingMode=fullscreen mActivityType=undefined mAlwaysOnTop=undefined mRotation=ROTATION_0} s.8} unchanged for IME proc com.android.inputmethod.latin
09-07 14:25:23.600  1033  1223 W ActivityTaskManager: Current config: {1.0 ?mcc?mnc [en_US] ldltr sw720dp w1920dp h644dp 160dpi xlrg long land car night finger -keyb/v/h -nav/h winConfig={ mBounds=Rect(0, 0 - 1920, 720) mAppBounds=Rect(96, 0 - 2016, 720) mWindowingMode=fullscreen mDisplayWindowingMode=fullscreen mActivityType=undefined mAlwaysOnTop=undefined mRotation=ROTATION_0} s.8} unchanged for IME proc com.android.inputmethod.latin
09-07 14:25:23.662  1033  1431 D CompatibilityChangeReporter: Compat change id reported: 135634846; UID 10149; state: DISABLED
09-07 14:25:23.662  1033  1431 D CompatibilityChangeReporter: Compat change id reported: 135754954; UID 10149; state: DISABLED
09-07 14:25:23.662  1033  1067 D CompatibilityChangeReporter: Compat change id reported: 143937733; UID 10149; state: DISABLED
09-07 14:25:23.683  1033  1067 I ActivityManager: Start proc 3484:com.android.permissioncontroller/u0a149 for broadcast {com.android.permissioncontroller/com.android.permissioncontroller.permission.service.LocationAccessCheck$SetupPeriodicBackgroundLocationAccessCheck}
09-07 14:25:23.838  3508  3508 F libc    : Fatal signal 11 (SIGSEGV), code 1 (SEGV_MAPERR), fault addr 0x0 in tid 3508 (vendor.harman.L), pid 3508 (vendor.harman.L)
09-07 14:25:23.882  3518  3518 F DEBUG   : *** *** *** *** *** *** *** *** *** *** *** *** *** *** *** ***
09-07 14:25:23.882  3518  3518 F DEBUG   : Build fingerprint: 'qti/titan_tml_b2/titan_tml_b2:11/RQ3A.210605.005/eng.ksong.20210907.134230:userdebug/test-keys'
09-07 14:25:23.882  3518  3518 F DEBUG   : Revision: '0'
09-07 14:25:23.882  3518  3518 F DEBUG   : ABI: 'arm64'
09-07 14:25:23.883  3518  3518 F DEBUG   : Timestamp: 2021-09-07 14:25:23+0000
09-07 14:25:23.883  3518  3518 F DEBUG   : pid: 3508, tid: 3508, name: vendor.harman.L  >>> /vendor/bin/hw/vendor.harman.LogManager@1.0-service <<<
09-07 14:25:23.883  3518  3518 F DEBUG   : uid: 0
09-07 14:25:23.883  3518  3518 F DEBUG   : signal 11 (SIGSEGV), code 1 (SEGV_MAPERR), fault addr 0x0
09-07 14:25:23.883  3518  3518 F DEBUG   : Cause: null pointer dereference
09-07 14:25:23.883  3518  3518 F DEBUG   :     x0  0000000000000000  x1  0000000000000000  x2  0000000000080001  x3  0000000000000000
09-07 14:25:23.883  3518  3518 F DEBUG   :     x4  0000000000000000  x5  0000000000000090  x6  fefefefefefefeff  x7  7f7f7f7f7f7f7f7f
09-07 14:25:23.883  3518  3518 F DEBUG   :     x8  0101010101010101  x9  d856bd9ee9738702  x10 0000007ffa37cf88  x11 fffffffffffffffd
09-07 14:25:23.883  3518  3518 F DEBUG   :     x12 0000007ffa37d110  x13 000000000000008e  x14 0031d458fd02c400  x15 0000000034155555
09-07 14:25:23.883  3518  3518 F DEBUG   :     x16 0000005b2d9f37e0  x17 000000766c353b30  x18 000000766def4000  x19 0000000000000000
09-07 14:25:23.883  3518  3518 F DEBUG   :     x20 000000766c4b3c50  x21 0000007ffa37d829  x22 b40000756c27cf28  x23 0000007ffa37d848
09-07 14:25:23.883  3518  3518 F DEBUG   :     x24 0000000000000000  x25 000000766ceca000  x26 0000007ffa37d829  x27 0000007ffa37d7f9
09-07 14:25:23.883  3518  3518 F DEBUG   :     x28 0000000000000000  x29 0000007ffa37d730
09-07 14:25:23.883  3518  3518 F DEBUG   :     lr  0000005b2d9ea048  sp  0000007ffa37d730  pc  000000766c353b40  pst 0000000080000000
09-07 14:25:23.889  3518  3518 F DEBUG   : backtrace:
09-07 14:25:23.892  3518  3518 F DEBUG   :       #00 pc 000000000004ab40  /apex/com.android.runtime/lib64/bionic/libc.so (strlen_default+16) (BuildId: 2b7c6e33413ac7278a15dfc3ea383089)
09-07 14:25:23.893  3518  3518 F DEBUG   :       #01 pc 0000000000009044  /vendor/bin/hw/vendor.harman.LogManager@1.0-service (BuildId: 3e966ab64050b441b920ba0e8960d123)
09-07 14:25:23.893  3518  3518 F DEBUG   :       #02 pc 0000000000008df0  /vendor/bin/hw/vendor.harman.LogManager@1.0-service (LM::LogManagerImpl::load_plugin_conf(void*, std::__1::basic_string<char, std::__1::char_traits<char>, std::__1::allocator<char> >, std::__1::multimap<std::__1::basic_string<char, std::__1::char_traits<char>, std::__1::allocator<char> >, int, std::__1::less<std::__1::basic_string<char, std::__1::char_traits<char>, std::__1::allocator<char> > >, std::__1::allocator<std::__1::pair<std::__1::basic_string<char, std::__1::char_traits<char>, std::__1::allocator<char> > const, int> > >&)+752) (BuildId: 3e966ab64050b441b920ba0e8960d123)
09-07 14:25:23.893  3518  3518 F DEBUG   :       #03 pc 00000000000088c0  /vendor/bin/hw/vendor.harman.LogManager@1.0-service (LM::LogManagerImpl::loadplugins()+436) (BuildId: 3e966ab64050b441b920ba0e8960d123)
09-07 14:25:23.893  3518  3518 F DEBUG   :       #04 pc 0000000000007af8  /vendor/bin/hw/vendor.harman.LogManager@1.0-service (main+1112) (BuildId: 3e966ab64050b441b920ba0e8960d123)
09-07 14:25:23.896  3518  3518 F DEBUG   :       #05 pc 000000000004988c  /apex/com.android.runtime/lib64/bionic/libc.so (__libc_init+108) (BuildId: 2b7c6e33413ac7278a15dfc3ea383089)
09-07 14:25:23.951  2067  2067 W ContextImpl: Calling a method in the system process without a qualified user: android.app.ContextImpl.startService:1669 android.content.ContextWrapper.startService:720 android.content.ContextWrapper.startService:720 com.android.server.usbgeneric.BootCompleteReceiver.onReceive:17 android.app.ActivityThread.handleReceiver:4026 
09-07 14:25:23.955  1033  1625 D CompatibilityChangeReporter: Compat change id reported: 135634846; UID 2000; state: DISABLED
09-07 14:25:23.955  1033  1625 D CompatibilityChangeReporter: Compat change id reported: 135754954; UID 2000; state: ENABLED
09-07 14:25:23.969  1033  1209 D ConnectivityService: Got NetworkProvider Messenger for Usb
09-07 14:25:23.977  1033  1067 I ActivityManager: Start proc 3529:com.android.shell/2000 for broadcast {com.android.shell/com.android.shell.HeapDumpReceiver}
09-07 14:25:24.058  1033  1270 W NativeCrashListener: Couldn't find ProcessRecord for pid 3508
09-07 14:25:24.062  1033  1095 I BootReceiver: Copying /data/tombstones/tombstone_21 to DropBox (SYSTEM_TOMBSTONE)
09-07 14:25:24.064  1033  1095 I DropBoxManagerService: add tag=SYSTEM_TOMBSTONE isTagEnabled=true flags=0x2
09-07 14:25:24.065  1033  1625 D CompatibilityChangeReporter: Compat change id reported: 135634846; UID 10116; state: DISABLED
09-07 14:25:24.065  1033  1625 D CompatibilityChangeReporter: Compat change id reported: 135754954; UID 10116; state: DISABLED
09-07 14:25:24.066  1033  1067 D CompatibilityChangeReporter: Compat change id reported: 143937733; UID 10116; state: DISABLED
09-07 14:25:24.066  1033  1625 I ActivityManager: Killing 1872:com.harman.connectivity.androidauto/u10s1000 (adj 985): empty #17
09-07 14:25:24.089  1033  1067 I ActivityManager: Start proc 3558:com.android.traceur/u0a116 for broadcast {com.android.traceur/com.android.traceur.Receiver}
09-07 14:25:24.175   530   602 E NetlinkEvent: NetlinkEvent::FindParam(): Parameter 'PRODUCT' not found
09-07 14:25:24.175   530   602 E NetlinkEvent: NetlinkEvent::FindParam(): Parameter 'DEVNAME' not found
09-07 14:25:24.175   530   602 E NetlinkEvent: NetlinkEvent::FindParam(): Parameter 'INTERFACE' not found
09-07 14:25:24.175   531   595 E NetlinkEvent: NetlinkEvent::FindParam(): Parameter 'dual_role_usb' not found
09-07 14:25:24.175   531   595 E NetlinkEvent: NetlinkEvent::FindParam(): Parameter 'OVER_CURRENT_PORT' not found
09-07 14:25:24.175   531   595 E NetlinkEvent: NetlinkEvent::FindParam(): Parameter 'UNRECOGNIZED_USB_DEVICE_ON_PORT' not found
09-07 14:25:24.183   531   595 E NetlinkEvent: NetlinkEvent::FindParam(): Parameter 'dual_role_usb' not found
09-07 14:25:24.183   531   595 E NetlinkEvent: NetlinkEvent::FindParam(): Parameter 'OVER_CURRENT_PORT' not found
09-07 14:25:24.183   531   595 E NetlinkEvent: NetlinkEvent::FindParam(): Parameter 'UNRECOGNIZED_USB_DEVICE_ON_PORT' not found
09-07 14:25:24.183   530   602 E NetlinkEvent: NetlinkEvent::FindParam(): Parameter 'PRODUCT' not found
09-07 14:25:24.183   530   602 E NetlinkEvent: NetlinkEvent::FindParam(): Parameter 'DEVNAME' not found
09-07 14:25:24.183   530   602 E NetlinkEvent: NetlinkEvent::FindParam(): Parameter 'INTERFACE' not found
09-07 14:25:24.212   398   439 I vold    : Unmounting /mnt/user/0/emulated/0/Android/data
09-07 14:25:24.215   398   439 I vold    : Unmounted /mnt/user/0/emulated/0/Android/data
09-07 14:25:24.215   398   439 I vold    : Unmounting /mnt/user/0/emulated/0/Android/obb
09-07 14:25:24.222   398   439 I vold    : Unmounted /mnt/user/0/emulated/0/Android/obb
09-07 14:25:24.222   398   439 I vold    : Unmounting pass_through_path /mnt/pass_through/0/emulated
09-07 14:25:24.226   398   439 I vold    : Unmounting fuse path /mnt/user/0/emulated
09-07 14:25:24.231   530   602 E NetlinkEvent: NetlinkEvent::FindParam(): Parameter 'PRODUCT' not found
09-07 14:25:24.231   530   602 E NetlinkEvent: NetlinkEvent::FindParam(): Parameter 'DEVNAME' not found
09-07 14:25:24.231   530   602 E NetlinkEvent: NetlinkEvent::FindParam(): Parameter 'INTERFACE' not found
09-07 14:25:24.231   531   595 E NetlinkEvent: NetlinkEvent::FindParam(): Parameter 'dual_role_usb' not found
09-07 14:25:24.231   531   595 E NetlinkEvent: NetlinkEvent::FindParam(): Parameter 'OVER_CURRENT_PORT' not found
09-07 14:25:24.231   531   595 E NetlinkEvent: NetlinkEvent::FindParam(): Parameter 'UNRECOGNIZED_USB_DEVICE_ON_PORT' not found
09-07 14:25:24.231  1033  1187 I StorageSessionController: Unmounted emulated;0
09-07 14:25:24.232  1033  1187 I StorageSessionController: Exiting emulated;0
09-07 14:25:24.232  1033  1187 I StorageUserConnection: Waiting for session end [SessionId: emulated;0. UpperPath: /storage/emulated. LowerPath: /data/media] ...
09-07 14:25:24.234  1033  1187 I StorageSessionController: Exited emulated;0
09-07 14:25:24.234  1033  1187 I StorageUserConnection: Closing connection for user 0
09-07 14:25:24.239  1033  1187 I StorageSessionController: Unmounting emulated;10
09-07 14:25:24.240   398   439 I vold    : Killing all processes referencing /storage/emulated/10
09-07 14:25:24.249  1033  1625 I ActivityManager: Killing 2188:com.qualcomm.qti.smq/u0a118 (adj 975): empty #17
09-07 14:25:24.271  1033  1431 I ActivityManager: Killing 2265:com.qualcomm.qti.qmmi/1000 (adj 985): empty #17
09-07 14:25:24.276  2508  2508 W ContextImpl: Calling a method in the system process without a qualified user: android.app.ContextImpl.startService:1669 android.content.ContextWrapper.startService:720 android.content.ContextWrapper.startService:720 com.harman.audio.service.AudioModeReceiver.onReceive:23 android.app.ActivityThread.handleReceiver:4026 
09-07 14:25:24.298  1033  1223 D CompatibilityChangeReporter: Compat change id reported: 135634846; UID 1000; state: DISABLED
09-07 14:25:24.298  1033  1223 D CompatibilityChangeReporter: Compat change id reported: 135754954; UID 1000; state: ENABLED
09-07 14:25:24.319  1033  1067 I ActivityManager: Start proc 3596:com.harman.discretedatamanager/1000 for broadcast {com.harman.discretedatamanager/com.harman.discretedatamanager.DDSMBroadcastReceiver}
09-07 14:25:24.395  1033  1824 D CompatibilityChangeReporter: Compat change id reported: 135634846; UID 1000; state: DISABLED
09-07 14:25:24.395  1033  1824 D CompatibilityChangeReporter: Compat change id reported: 135754954; UID 1000; state: ENABLED
09-07 14:25:24.413  1033  1067 I ActivityManager: Start proc 3623:com.harman.mediamodeservice/1000 for broadcast {com.harman.mediamodeservice/com.harman.mediamodeservice.BootCompletedBroadcastReceiver}
09-07 14:25:24.500  1033  1824 I ActivityManager: Killing 2677:com.android.keychain/1000 (adj 985): empty #17
09-07 14:25:24.506  1033  1223 D CompatibilityChangeReporter: Compat change id reported: 135634846; UID 10143; state: DISABLED
09-07 14:25:24.506  1033  1223 D CompatibilityChangeReporter: Compat change id reported: 135754954; UID 10143; state: ENABLED
09-07 14:25:24.506  1033  1067 D CompatibilityChangeReporter: Compat change id reported: 143937733; UID 10143; state: ENABLED
09-07 14:25:24.539  1033  1067 I ActivityManager: Start proc 3653:com.qualcomm.qct.dlt/u0a143 for broadcast {com.qualcomm.qct.dlt/com.qualcomm.qct.dlt.proximity.ProximityBroadcastReceiver}
09-07 14:25:24.786  1986  3683 W ContextImpl: Calling a method in the system process without a qualified user: android.app.ContextImpl.startService:1669 android.content.ContextWrapper.startService:720 com.redbend.app.EventIntentService.recvEvent:138 com.redbend.client.BasicService.recvEvent:212 <bottom of call stack> 
09-07 14:25:24.856  1986  3683 I chatty  : uid=1000(system) Thread-5 identical 1 line
09-07 14:25:24.860  1986  3683 W ContextImpl: Calling a method in the system process without a qualified user: android.app.ContextImpl.startService:1669 android.content.ContextWrapper.startService:720 com.redbend.app.EventIntentService.recvEvent:138 com.redbend.client.BasicService.recvEvent:212 <bottom of call stack> 
09-07 14:25:24.861   398   439 W vold    : Failed to open /proc/2677/fd: No such file or directory
09-07 14:25:24.882   531   595 E NetlinkEvent: NetlinkEvent::FindParam(): Parameter 'dual_role_usb' not found
09-07 14:25:24.882   530   602 E NetlinkEvent: NetlinkEvent::FindParam(): Parameter 'PRODUCT' not found
09-07 14:25:24.882   531   595 E NetlinkEvent: NetlinkEvent::FindParam(): Parameter 'OVER_CURRENT_PORT' not found
09-07 14:25:24.882   530   602 E NetlinkEvent: NetlinkEvent::FindParam(): Parameter 'DEVNAME' not found
09-07 14:25:24.882   531   595 E NetlinkEvent: NetlinkEvent::FindParam(): Parameter 'UNRECOGNIZED_USB_DEVICE_ON_PORT' not found
09-07 14:25:24.882   530   602 E NetlinkEvent: NetlinkEvent::FindParam(): Parameter 'INTERFACE' not found
09-07 14:25:24.994   398   439 W vold    : Failed to open /proc/3405/fd: No such file or directory
09-07 14:25:25.041   398   439 W vold    : Failed to open /proc/3693/fd: No such file or directory
09-07 14:25:25.041   398   439 I vold    : Unmounting /mnt/user/10/emulated/10/Android/data
09-07 14:25:25.042   398   439 I vold    : Unmounted /mnt/user/10/emulated/10/Android/data
09-07 14:25:25.042   398   439 I vold    : Unmounting /mnt/user/10/emulated/10/Android/obb
09-07 14:25:25.043   398   439 I vold    : Unmounted /mnt/user/10/emulated/10/Android/obb
09-07 14:25:25.043   398   439 I vold    : Unmounting pass_through_path /mnt/pass_through/10/emulated
09-07 14:25:25.044   398   439 I vold    : Unmounting fuse path /mnt/user/10/emulated
09-07 14:25:25.046   530   602 E NetlinkEvent: NetlinkEvent::FindParam(): Parameter 'PRODUCT' not found
09-07 14:25:25.046   530   602 E NetlinkEvent: NetlinkEvent::FindParam(): Parameter 'DEVNAME' not found
09-07 14:25:25.046   530   602 E NetlinkEvent: NetlinkEvent::FindParam(): Parameter 'INTERFACE' not found
09-07 14:25:25.046   531   595 E NetlinkEvent: NetlinkEvent::FindParam(): Parameter 'dual_role_usb' not found
09-07 14:25:25.046   531   595 E NetlinkEvent: NetlinkEvent::FindParam(): Parameter 'OVER_CURRENT_PORT' not found
09-07 14:25:25.046   531   595 E NetlinkEvent: NetlinkEvent::FindParam(): Parameter 'UNRECOGNIZED_USB_DEVICE_ON_PORT' not found
09-07 14:25:25.047   398   412 E vold    : Failed to find mounted volume for /storage/emulated/0/Android/data/com.qualcomm.qct.dlt/files/
09-07 14:25:25.047  1033  1187 I StorageSessionController: Unmounted emulated;10
09-07 14:25:25.047  1033  1187 I StorageSessionController: Exiting emulated;10
09-07 14:25:25.047  1033  1187 I StorageUserConnection: Waiting for session end [SessionId: emulated;10. UpperPath: /storage/emulated. LowerPath: /data/media] ...
09-07 14:25:25.048  1033  1187 I StorageSessionController: Exited emulated;10
09-07 14:25:25.048  1033  1187 I StorageUserConnection: Closing connection for user 10
09-07 14:25:25.050  1033  1187 I StorageSessionController: Finished resetting external storage service
09-07 14:25:25.051  1033  1187 I StorageManagerService: Resetting vold...
09-07 14:25:25.051  1033  1187 I StorageManagerService: Reset vold
09-07 14:25:25.052   398   412 I vold    : onUserAdded: 0
09-07 14:25:25.052   398   412 I vold    : onUserAdded: 10
09-07 14:25:25.052   398   412 I vold    : onUserStarted: 0
09-07 14:25:25.053  1033  1047 V StorageManagerService: Found primary storage at VolumeInfo{emulated;0}:
09-07 14:25:25.053  1033  1047 V StorageManagerService:     type=EMULATED diskId=null partGuid= mountFlags=0 mountUserId=0 
09-07 14:25:25.053  1033  1047 V StorageManagerService:     state=UNMOUNTED 
09-07 14:25:25.053  1033  1047 V StorageManagerService:     fsType=null fsUuid=null fsLabel=null 
09-07 14:25:25.053  1033  1047 V StorageManagerService:     path=null internalPath=null 
09-07 14:25:25.053   398   412 I vold    : onUserStarted: 10
09-07 14:25:25.054  1033  1824 I ActivityManager: Killing 2818:com.harman.vpa/1000 (adj 975): empty #17
09-07 14:25:25.055  1033  1047 V StorageManagerService: Found primary storage at VolumeInfo{emulated;10}:
09-07 14:25:25.055  1033  1047 V StorageManagerService:     type=EMULATED diskId=null partGuid= mountFlags=0 mountUserId=10 
09-07 14:25:25.055  1033  1047 V StorageManagerService:     state=UNMOUNTED 
09-07 14:25:25.055  1033  1047 V StorageManagerService:     fsType=null fsUuid=null fsLabel=null 
09-07 14:25:25.055  1033  1047 V StorageManagerService:     path=null internalPath=null 
09-07 14:25:25.057  1033  1187 I StorageManagerService: Mounting volume VolumeInfo{emulated;0}:
09-07 14:25:25.057  1033  1187 I StorageManagerService:     type=EMULATED diskId=null partGuid= mountFlags=PRIMARY|VISIBLE 
09-07 14:25:25.057  1033  1187 I StorageManagerService:     mountUserId=0 state=UNMOUNTED 
09-07 14:25:25.057  1033  1187 I StorageManagerService:     fsType=null fsUuid=null fsLabel=null 
09-07 14:25:25.057  1033  1187 I StorageManagerService:     path=null internalPath=null 
09-07 14:25:25.057   398   412 I vold    : Mounting emulated fuse volume
09-07 14:25:25.059  3653  3653 E AndroidRuntime: FATAL EXCEPTION: main
09-07 14:25:25.059  3653  3653 E AndroidRuntime: Process: com.qualcomm.qct.dlt, PID: 3653
09-07 14:25:25.059  3653  3653 E AndroidRuntime: java.lang.RuntimeException: Unable to create application com.qualcomm.qct.dlt.DLTApplication: java.lang.NullPointerException: Attempt to invoke virtual method 'java.lang.String java.io.File.getAbsolutePath()' on a null object reference
09-07 14:25:25.059  3653  3653 E AndroidRuntime: 	at android.app.ActivityThread.handleBindApplication(ActivityThread.java:6724)
09-07 14:25:25.059  3653  3653 E AndroidRuntime: 	at android.app.ActivityThread.access$1300(ActivityThread.java:237)
09-07 14:25:25.059  3653  3653 E AndroidRuntime: 	at android.app.ActivityThread$H.handleMessage(ActivityThread.java:1913)
09-07 14:25:25.059  3653  3653 E AndroidRuntime: 	at android.os.Handler.dispatchMessage(Handler.java:106)
09-07 14:25:25.059  3653  3653 E AndroidRuntime: 	at android.os.Looper.loop(Looper.java:223)
09-07 14:25:25.059  3653  3653 E AndroidRuntime: 	at android.app.ActivityThread.main(ActivityThread.java:7664)
09-07 14:25:25.059  3653  3653 E AndroidRuntime: 	at java.lang.reflect.Method.invoke(Native Method)
09-07 14:25:25.059  3653  3653 E AndroidRuntime: 	at com.android.internal.os.RuntimeInit$MethodAndArgsCaller.run(RuntimeInit.java:592)
09-07 14:25:25.059  3653  3653 E AndroidRuntime: 	at com.android.internal.os.ZygoteInit.main(ZygoteInit.java:947)
09-07 14:25:25.059  3653  3653 E AndroidRuntime: Caused by: java.lang.NullPointerException: Attempt to invoke virtual method 'java.lang.String java.io.File.getAbsolutePath()' on a null object reference
09-07 14:25:25.059  3653  3653 E AndroidRuntime: 	at com.qualcomm.qct.dlt.DLTApplication.getBestExternalSDCardDirectory(DLTApplication.java:1026)
09-07 14:25:25.059  3653  3653 E AndroidRuntime: 	at com.qualcomm.qct.dlt.DLTApplication.onCreate(DLTApplication.java:731)
09-07 14:25:25.059  3653  3653 E AndroidRuntime: 	at android.app.Instrumentation.callApplicationOnCreate(Instrumentation.java:1192)
09-07 14:25:25.059  3653  3653 E AndroidRuntime: 	at android.app.ActivityThread.handleBindApplication(ActivityThread.java:6719)
09-07 14:25:25.059  3653  3653 E AndroidRuntime: 	... 8 more
09-07 14:25:25.060   530   602 E NetlinkEvent: NetlinkEvent::FindParam(): Parameter 'PRODUCT' not found
09-07 14:25:25.060   530   602 E NetlinkEvent: NetlinkEvent::FindParam(): Parameter 'DEVNAME' not found
09-07 14:25:25.060   530   602 E NetlinkEvent: NetlinkEvent::FindParam(): Parameter 'INTERFACE' not found
09-07 14:25:25.060   531   595 E NetlinkEvent: NetlinkEvent::FindParam(): Parameter 'dual_role_usb' not found
09-07 14:25:25.060   531   595 E NetlinkEvent: NetlinkEvent::FindParam(): Parameter 'OVER_CURRENT_PORT' not found
09-07 14:25:25.060   531   595 E NetlinkEvent: NetlinkEvent::FindParam(): Parameter 'UNRECOGNIZED_USB_DEVICE_ON_PORT' not found
09-07 14:25:25.062   398   412 I vold    : Bind mounting /data/media to /mnt/pass_through/0/emulated
09-07 14:25:25.063  1033  1187 I StorageSessionController: On volume mount VolumeInfo{emulated;0}:
09-07 14:25:25.063  1033  1187 I StorageSessionController:     type=EMULATED diskId=null partGuid= mountFlags=PRIMARY|VISIBLE 
09-07 14:25:25.063  1033  1187 I StorageSessionController:     mountUserId=0 state=CHECKING 
09-07 14:25:25.063  1033  1187 I StorageSessionController:     fsType=null fsUuid=null fsLabel=null 
09-07 14:25:25.063  1033  1187 I StorageSessionController:     path=/storage/emulated internalPath=/data/media 
09-07 14:25:25.063  1033  1187 I StorageSessionController: Creating connection for user: 0
09-07 14:25:25.077  1033  3697 I DropBoxManagerService: add tag=system_app_crash isTagEnabled=true flags=0x2
09-07 14:25:25.077  1033  1187 I StorageSessionController: Creating and starting session with id: emulated;0
09-07 14:25:25.077  1033  1187 I StorageUserConnection: Binding to the ExternalStorageService for user 0
09-07 14:25:25.080  1033  1054 W ActivityManager: Skipping crash dialog of ProcessRecord{45b5d 3653:com.qualcomm.qct.dlt/u0a143}: background
09-07 14:25:25.083  1033  1187 I StorageUserConnection: Bound to the ExternalStorageService for user 0
09-07 14:25:25.092  1033  3696 I StorageUserConnection: Service: [ComponentInfo{com.android.providers.media.module/com.android.providers.media.fuse.ExternalStorageServiceImpl}] connected. User [0]
09-07 14:25:25.105  1033  1824 D CompatibilityChangeReporter: Compat change id reported: 135634846; UID 10119; state: DISABLED
09-07 14:25:25.106  1033  1067 D CompatibilityChangeReporter: Compat change id reported: 143937733; UID 10119; state: DISABLED
09-07 14:25:25.116  1033  1625 I ActivityManager: Process com.qualcomm.qct.dlt (pid 3653) has died: cch+5 CEM 
09-07 14:25:25.121  1033  1067 I ActivityManager: Start proc 3702:com.qualcomm.qti.qms.service.connectionsecurity/u0a119 for broadcast {com.qualcomm.qti.qms.service.connectionsecurity/com.qualcomm.qti.qms.service.connectionsecurity.ConnSecBroadcastReceiver}
09-07 14:25:25.219   537   711 I KPI_Marker: [29.792091] [PlatformTunerApp]  PlatformTunerApp_Ready. 
09-07 14:25:25.222  1033  1514 V BcRadio2Srv: onRegistration(android.hardware.broadcastradio@2.0::IBroadcastRadio, default, false)
09-07 14:25:25.229  1033  1514 V BcRadio2Srv: loaded broadcast radio module 0: default (HAL 2.0)
09-07 14:25:25.262  1033  1625 D CompatibilityChangeReporter: Compat change id reported: 135634846; UID 10120; state: DISABLED
09-07 14:25:25.262  1033  1067 D CompatibilityChangeReporter: Compat change id reported: 143937733; UID 10120; state: DISABLED
09-07 14:25:25.285  1033  1067 I ActivityManager: Start proc 3724:com.qualcomm.qti.qms.service.telemetry/u0a120 for broadcast {com.qualcomm.qti.qms.service.telemetry/com.qualcomm.qti.qms.service.telemetry.SystemEventReceiver}
09-07 14:25:25.372  1033  1625 D CompatibilityChangeReporter: Compat change id reported: 135634846; UID 10118; state: DISABLED
09-07 14:25:25.373  1033  1625 D CompatibilityChangeReporter: Compat change id reported: 135754954; UID 10118; state: ENABLED
09-07 14:25:25.374  1033  1067 D CompatibilityChangeReporter: Compat change id reported: 143937733; UID 10118; state: ENABLED
09-07 14:25:25.376  1033  1625 I ActivityManager: Killing 2969:com.android.keychain/u10s1000 (adj 985): empty #17
09-07 14:25:25.388  1033  1067 I ActivityManager: Start proc 3745:com.qualcomm.qti.smq/u0a118 for broadcast {com.qualcomm.qti.smq/com.qualcomm.qti.smq.receiver.BootReceiver}
09-07 14:25:25.465  1033  1625 D CompatibilityChangeReporter: Compat change id reported: 135634846; UID 10080; state: DISABLED
09-07 14:25:25.466  1033  1625 D CompatibilityChangeReporter: Compat change id reported: 135754954; UID 10080; state: ENABLED
09-07 14:25:25.466  1033  1067 D CompatibilityChangeReporter: Compat change id reported: 143937733; UID 10080; state: ENABLED
09-07 14:25:25.468  1033  1625 I ActivityManager: Killing 3095:com.android.calendar/u0a133 (adj 985): empty #17
09-07 14:25:25.493  1033  1067 I ActivityManager: Start proc 3768:com.samsung.android.automotive.launcher/u0a80 for broadcast {com.samsung.android.automotive.launcher/com.samsung.android.automotive.launcher.homescreen.currentactivity.ConnectivityReceiver}
09-07 14:25:25.503  1033  1252 I ActivityManager: Killing 3145:com.android.localtransport/1000 (adj 985): empty #17
09-07 14:25:25.579  1033  1252 D CompatibilityChangeReporter: Compat change id reported: 135634846; UID 1000; state: DISABLED
09-07 14:25:25.579  1033  1252 D CompatibilityChangeReporter: Compat change id reported: 135754954; UID 1000; state: ENABLED
09-07 14:25:25.587  1033  1252 W ActivityManager: Foreground service started from background can not have location/camera/microphone access: service com.samsung.android.automotive.launcher/.homescreen.currentactivity.CurrentActivityService
09-07 14:25:25.621  1033  1067 I ActivityManager: Start proc 3794:com.samsung.android.automotive.phone/1000 for broadcast {com.samsung.android.automotive.phone/com.samsung.android.automotive.phone.receiver.PhoneReceiver}
09-07 14:25:25.795  1033  1033 D NotificationService: 0|com.samsung.android.automotive.launcher|111|null|10080: granting content://settings/system/notification_sound
09-07 14:25:25.796  1033  1033 I chatty  : uid=1000 system_server identical 2 lines
09-07 14:25:25.796  1033  1033 D NotificationService: 0|com.samsung.android.automotive.launcher|111|null|10080: granting content://settings/system/notification_sound
09-07 14:25:25.798  1033  1033 W NotificationHistory: Attempted to add notif for locked/gone/disabled user 0
09-07 14:25:25.816  3794  3794 W ContextImpl: Calling a method in the system process without a qualified user: android.app.ContextImpl.startService:1669 android.content.ContextWrapper.startService:720 android.content.ContextWrapper.startService:720 com.samsung.android.automotive.phone.receiver.PhoneReceiver.onReceive:19 android.app.ActivityThread.handleReceiver:4026 
09-07 14:25:25.825  1033  1252 I ActivityManager: Finished processing BOOT_COMPLETED for u0
09-07 14:25:25.831  1033  1033 D CompatibilityChangeReporter: Compat change id reported: 135634846; UID 1010128; state: DISABLED
09-07 14:25:25.832  1033  1033 D CompatibilityChangeReporter: Compat change id reported: 135754954; UID 1010128; state: DISABLED
09-07 14:25:25.833  1033  1067 D CompatibilityChangeReporter: Compat change id reported: 143937733; UID 1010128; state: DISABLED
09-07 14:25:25.861  1033  1067 I ActivityManager: Start proc 3817:com.android.deskclock/u10a128 for broadcast {com.android.deskclock/com.android.deskclock.AlarmInitReceiver}
09-07 14:25:25.864  3794  3794 W ContextImpl: Calling a method in the system process without a qualified user: android.app.ContextImpl.bindService:1748 android.content.ContextWrapper.bindService:756 android.speech.tts.TextToSpeech.connectToEngine:848 android.speech.tts.TextToSpeech.initTts:818 android.speech.tts.TextToSpeech.<init>:771 
09-07 14:25:25.868  1033  1047 D CompatibilityChangeReporter: Compat change id reported: 135634846; UID 1000; state: DISABLED
09-07 14:25:25.869  1033  1047 D CompatibilityChangeReporter: Compat change id reported: 135754954; UID 1000; state: ENABLED
09-07 14:25:25.884  1033  1067 I ActivityManager: Start proc 3829:com.harman.vpa/1000 for service {com.harman.vpa/com.harman.vpa.assistant.core.impl.tts.TtsServiceImpl}
09-07 14:25:26.045  1033  1625 D CompatibilityChangeReporter: Compat change id reported: 135634846; UID 1001000; state: DISABLED
09-07 14:25:26.046  1033  1625 D CompatibilityChangeReporter: Compat change id reported: 135754954; UID 1001000; state: ENABLED
09-07 14:25:26.051  1033  1625 I ActivityManager: Killing 3214:com.android.car.bugreport/u0a73 (adj 985): empty #17
09-07 14:25:26.064  1033  1067 I ActivityManager: Start proc 3868:com.harman.DCSM/u10s1000 for broadcast {com.harman.DCSM/com.harman.DCSM.DCSMReceiver}
09-07 14:25:26.094   398   412 I vold    : Bind mounting //data/media/0/Android/data on /mnt/user/0/emulated/0/Android/data
09-07 14:25:26.098   398   412 I vold    : Bind mounted //data/media/0/Android/data on /mnt/user/0/emulated/0/Android/data
09-07 14:25:26.098   398   412 I vold    : Bind mounting //data/media/0/Android/obb on /mnt/user/0/emulated/0/Android/obb
09-07 14:25:26.109   398   412 I vold    : Bind mounted //data/media/0/Android/obb on /mnt/user/0/emulated/0/Android/obb
09-07 14:25:26.109   398   412 I vold    : Configuring read_ahead of /mnt/user/0/emulated fuse filesystem to 256kb
09-07 14:25:26.111   398   412 I vold    : Writing 256 to /sys/class/bdi/0:72/read_ahead_kb
09-07 14:25:26.111   398   412 I vold    : Configuring max_ratio of /mnt/user/0/emulated fuse filesystem to 40
09-07 14:25:26.111   398   412 I vold    : Writing 40 to /sys/class/bdi/0:72/max_ratio
09-07 14:25:26.112  1033  1187 I StorageManagerService: Mounted volume VolumeInfo{emulated;0}:
09-07 14:25:26.112  1033  1187 I StorageManagerService:     type=EMULATED diskId=null partGuid= mountFlags=PRIMARY|VISIBLE 
09-07 14:25:26.112  1033  1187 I StorageManagerService:     mountUserId=0 state=MOUNTED 
09-07 14:25:26.112  1033  1187 I StorageManagerService:     fsType=null fsUuid=null fsLabel=null 
09-07 14:25:26.112  1033  1187 I StorageManagerService:     path=/storage/emulated internalPath=/data/media 
09-07 14:25:26.113  1033  1187 I StorageSessionController: Notifying volume state changed for session with id: emulated;0
09-07 14:25:26.125  1033  1187 I StorageManagerService: Mounting volume VolumeInfo{emulated;10}:
09-07 14:25:26.125  1033  1187 I StorageManagerService:     type=EMULATED diskId=null partGuid= mountFlags=PRIMARY|VISIBLE 
09-07 14:25:26.125  1033  1187 I StorageManagerService:     mountUserId=10 state=UNMOUNTED 
09-07 14:25:26.125  1033  1187 I StorageManagerService:     fsType=null fsUuid=null fsLabel=null 
09-07 14:25:26.125  1033  1187 I StorageManagerService:     path=null internalPath=null 
09-07 14:25:26.126   398   412 I vold    : Mounting emulated fuse volume
09-07 14:25:26.141   530   602 E NetlinkEvent: NetlinkEvent::FindParam(): Parameter 'PRODUCT' not found
09-07 14:25:26.141   530   602 E NetlinkEvent: NetlinkEvent::FindParam(): Parameter 'DEVNAME' not found
09-07 14:25:26.141   530   602 E NetlinkEvent: NetlinkEvent::FindParam(): Parameter 'INTERFACE' not found
09-07 14:25:26.142   531   595 E NetlinkEvent: NetlinkEvent::FindParam(): Parameter 'dual_role_usb' not found
09-07 14:25:26.142   531   595 E NetlinkEvent: NetlinkEvent::FindParam(): Parameter 'OVER_CURRENT_PORT' not found
09-07 14:25:26.142   531   595 E NetlinkEvent: NetlinkEvent::FindParam(): Parameter 'UNRECOGNIZED_USB_DEVICE_ON_PORT' not found
09-07 14:25:26.151   398   412 I vold    : Bind mounting /data/media to /mnt/pass_through/10/emulated
09-07 14:25:26.152  1033  1187 I StorageSessionController: On volume mount VolumeInfo{emulated;10}:
09-07 14:25:26.152  1033  1187 I StorageSessionController:     type=EMULATED diskId=null partGuid= mountFlags=PRIMARY|VISIBLE 
09-07 14:25:26.152  1033  1187 I StorageSessionController:     mountUserId=10 state=CHECKING 
09-07 14:25:26.152  1033  1187 I StorageSessionController:     fsType=null fsUuid=null fsLabel=null 
09-07 14:25:26.152  1033  1187 I StorageSessionController:     path=/storage/emulated internalPath=/data/media 
09-07 14:25:26.152  1033  1187 I StorageSessionController: Creating connection for user: 10
09-07 14:25:26.152  1033  1047 D CompatibilityChangeReporter: Compat change id reported: 135634846; UID 1001001; state: DISABLED
09-07 14:25:26.152  1033  1187 I StorageSessionController: Creating and starting session with id: emulated;10
09-07 14:25:26.152  1033  1187 I StorageUserConnection: Binding to the ExternalStorageService for user 10
09-07 14:25:26.153  1033  1047 D CompatibilityChangeReporter: Compat change id reported: 135754954; UID 1001001; state: DISABLED
09-07 14:25:26.153  1033  1047 D CompatibilityChangeReporter: Compat change id reported: 136219221; UID 1001000; state: ENABLED
09-07 14:25:26.154  1033  1047 I ActivityManager: Killing 1535:com.android.deskclock/u0a128 (adj 985): empty #17
09-07 14:25:26.157  1033  1187 I StorageUserConnection: Bound to the ExternalStorageService for user 10
09-07 14:25:26.170  1033  3893 I StorageUserConnection: Service: [ComponentInfo{com.android.providers.media.module/com.android.providers.media.fuse.ExternalStorageServiceImpl}] connected. User [10]
09-07 14:25:26.171  3829  3866 W ContextImpl: Calling a method in the system process without a qualified user: android.app.ContextImpl.sendBroadcast:1111 android.content.ContextWrapper.sendBroadcast:468 android.speech.tts.TextToSpeechService$SynthThread.broadcastTtsQueueProcessingCompleted:454 android.speech.tts.TextToSpeechService$SynthThread.queueIdle:446 android.os.MessageQueue.next:404 
09-07 14:25:26.171  1033  1067 I ActivityManager: Start proc 3894:com.qualcomm.qcrilmsgtunnel/u10s1001 for broadcast {com.qualcomm.qcrilmsgtunnel/com.qualcomm.qcrilmsgtunnel.QcrilMsgTunnelAutoboot}
09-07 14:25:26.260  1033  1048 D CompatibilityChangeReporter: Compat change id reported: 135634846; UID 1010142; state: DISABLED
09-07 14:25:26.261  1033  1048 D CompatibilityChangeReporter: Compat change id reported: 135754954; UID 1010142; state: ENABLED
09-07 14:25:26.261  1033  1067 D CompatibilityChangeReporter: Compat change id reported: 143937733; UID 1010142; state: ENABLED
09-07 14:25:26.276  1033  1067 I ActivityManager: Start proc 3921:com.qualcomm.qti.qccauthmgr/u10a142 for broadcast {com.qualcomm.qti.qccauthmgr/com.qualcomm.qti.qccauthmgr.receiver.BootReceiver}
09-07 14:25:26.361  1033  1825 D CompatibilityChangeReporter: Compat change id reported: 135634846; UID 1001000; state: DISABLED
09-07 14:25:26.362  1033  1825 D CompatibilityChangeReporter: Compat change id reported: 135754954; UID 1001000; state: ENABLED
09-07 14:25:26.365  1033  1825 I ActivityManager: Killing 3327:com.android.dynsystem/1000 (adj 985): empty #17
09-07 14:25:26.378  1033  1067 I ActivityManager: Start proc 3942:com.qualcomm.qti.qdma/u10s1000 for broadcast {com.qualcomm.qti.qdma/com.qualcomm.qti.qdma.app.BootReceiver}
09-07 14:25:26.380  1033  1056 D ColorDisplayService: NightDisplayTintController Animation cancelled: false to matrix: 
09-07 14:25:26.380  1033  1056 D ColorDisplayService:        1.000000 0.000000 0.000000 0.000000 0.000000 1.000000 0.000000 0.000000 0.000000 0.000000 1.000000 0.000000 0.000000 0.000000 0.000000 1.000000 min matrix coefficients: 
09-07 14:25:26.380  1033  1056 D ColorDisplayService:        1.000000 0.000000 0.000000 0.000000 0.000000 1.000000 0.000000 0.000000 0.000000 0.000000 1.000000 0.000000 0.000000 0.000000 0.000000 1.000000 max matrix coefficients: 
09-07 14:25:26.380  1033  1056 D ColorDisplayService:        1.000000 0.000000 0.000000 0.000000 0.000000 1.000000 0.000000 0.000000 0.000000 0.000000 1.000000 0.000000 0.000000 0.000000 0.000000 1.000000
09-07 14:25:26.477  3191  3191 I KPI_Marker: [31.050000] [RadioService] AM/FM_HD_Tuner_HMI_Functional
09-07 14:25:26.480  3033  3033 I KPI_Marker: [31.053000] [MediaModeService] Common:Request prepare
09-07 14:25:26.481  3033  3033 I KPI_Marker: [31.054000] [MediaModeService] Common:Request play
09-07 14:25:26.490  3191  3191 I KPI_Marker: [31.062000] [RadioService] AM/FM/HD Audio_Playback_Started
09-07 14:25:26.547  1033  2748 D CompatibilityChangeReporter: Compat change id reported: 136219221; UID 1001000; state: ENABLED
09-07 14:25:26.557  3033  3033 I KPI_Marker: [31.130000] [MediaModeService] REQUESTING:Play request applied
09-07 14:25:26.558  3033  3033 I KPI_Marker: [31.131000] [MediaModeService] Last source connected:com.harman.radioservice/.service.RadioService
09-07 14:25:26.692  1033  2748 D CompatibilityChangeReporter: Compat change id reported: 135634846; UID 1010118; state: DISABLED
09-07 14:25:26.692  1033  2748 D CompatibilityChangeReporter: Compat change id reported: 135754954; UID 1010118; state: ENABLED
09-07 14:25:26.694  1033  1067 D CompatibilityChangeReporter: Compat change id reported: 143937733; UID 1010118; state: ENABLED
09-07 14:25:26.714  1033  1067 I ActivityManager: Start proc 3978:com.qualcomm.qti.smq/u10a118 for broadcast {com.qualcomm.qti.smq/com.qualcomm.qti.smq.receiver.BootReceiver}
09-07 14:25:26.765  1033  1431 D ConnectivityService: requestNetwork for uid/pid:1001000/3942 NetworkRequest [ TRACK_DEFAULT id=21, [ Capabilities: INTERNET&NOT_RESTRICTED&TRUSTED Uid: 1001000 AdministratorUids: [] RequestorUid: 1001000 RequestorPackageName: com.qualcomm.qti.qdma] ]
09-07 14:25:26.766  1033  1209 D ConnectivityService: NetReassign [no changes]
09-07 14:25:26.785  1033  2748 D CompatibilityChangeReporter: Compat change id reported: 135634846; UID 1010117; state: DISABLED
09-07 14:25:26.785  1033  2748 D CompatibilityChangeReporter: Compat change id reported: 135754954; UID 1010117; state: DISABLED
09-07 14:25:26.786  1033  1067 D CompatibilityChangeReporter: Compat change id reported: 143937733; UID 1010117; state: DISABLED
09-07 14:25:26.800  1033  1067 I ActivityManager: Start proc 4004:.qtidataservices/u10a117 for broadcast {vendor.qti.hardware.cacert.server/vendor.qti.hardware.cacert.server.CACertReceiver}
09-07 14:25:26.916  1033  1048 D ConnectivityService: requestNetwork for uid/pid:1001000/3942 NetworkRequest [ TRACK_DEFAULT id=22, [ Capabilities: INTERNET&NOT_RESTRICTED&TRUSTED Uid: 1001000 AdministratorUids: [] RequestorUid: 1001000 RequestorPackageName: com.qualcomm.qti.qdma] ]
09-07 14:25:26.917  1033  1209 D ConnectivityService: NetReassign [no changes]
09-07 14:25:26.968  1033  1431 D CompatibilityChangeReporter: Compat change id reported: 135634846; UID 1010087; state: DISABLED
09-07 14:25:26.970  1033  1431 D CompatibilityChangeReporter: Compat change id reported: 135754954; UID 1010087; state: DISABLED
09-07 14:25:26.971  1033  1067 D CompatibilityChangeReporter: Compat change id reported: 143937733; UID 1010087; state: DISABLED
09-07 14:25:26.978  1033  1431 D CompatibilityChangeReporter: Compat change id reported: 149924527; UID 10152; state: ENABLED
09-07 14:25:26.981  1033  1048 D CompatibilityChangeReporter: Compat change id reported: 132649864; UID 10152; state: DISABLED
09-07 14:25:26.985  1033  1067 I ActivityManager: Start proc 4036:com.samsung.android.automotive.navigation/u10a87 for broadcast {com.samsung.android.automotive.navigation/com.samsung.android.automotive.navigation.widget.TurnByTurnWidget}
09-07 14:25:27.174   398   412 I vold    : Bind mounting //data/media/10/Android/data on /mnt/user/10/emulated/10/Android/data
09-07 14:25:27.178   398   412 I vold    : Bind mounted //data/media/10/Android/data on /mnt/user/10/emulated/10/Android/data
09-07 14:25:27.178   398   412 I vold    : Bind mounting //data/media/10/Android/obb on /mnt/user/10/emulated/10/Android/obb
09-07 14:25:27.179   398   412 I vold    : Bind mounted //data/media/10/Android/obb on /mnt/user/10/emulated/10/Android/obb
09-07 14:25:27.179   398   412 I vold    : Configuring read_ahead of /mnt/user/10/emulated fuse filesystem to 256kb
09-07 14:25:27.180   398   412 I vold    : Writing 256 to /sys/class/bdi/0:122/read_ahead_kb
09-07 14:25:27.180   398   412 I vold    : Configuring max_ratio of /mnt/user/10/emulated fuse filesystem to 40
09-07 14:25:27.180   398   412 I vold    : Writing 40 to /sys/class/bdi/0:122/max_ratio
09-07 14:25:27.181  1033  1187 I StorageManagerService: Mounted volume VolumeInfo{emulated;10}:
09-07 14:25:27.181  1033  1187 I StorageManagerService:     type=EMULATED diskId=null partGuid= mountFlags=PRIMARY|VISIBLE 
09-07 14:25:27.181  1033  1187 I StorageManagerService:     mountUserId=10 state=MOUNTED 
09-07 14:25:27.181  1033  1187 I StorageManagerService:     fsType=null fsUuid=null fsLabel=null 
09-07 14:25:27.181  1033  1187 I StorageManagerService:     path=/storage/emulated internalPath=/data/media 
09-07 14:25:27.181  1033  1187 I StorageSessionController: Notifying volume state changed for session with id: emulated;10
09-07 14:25:27.199  1033  1187 I StorageSessionController: Notifying volume state changed for session with id: emulated;0
09-07 14:25:27.215  1033  1187 I StorageSessionController: Notifying volume state changed for session with id: emulated;0
09-07 14:25:27.249  1033  1187 I StorageSessionController: Notifying volume state changed for session with id: emulated;10
09-07 14:25:27.269  1033  1187 I StorageSessionController: Notifying volume state changed for session with id: emulated;10
09-07 14:25:27.292  1033  1187 D StorageManagerService: Volume emulated;0 broadcasting mounted to UserHandle{0}
09-07 14:25:27.294  1033  1187 D StorageManagerService: Volume emulated;0 broadcasting mounted to UserHandle{0}
09-07 14:25:27.296  1033  1187 D StorageManagerService: Volume emulated;10 broadcasting mounted to UserHandle{10}
09-07 14:25:27.299  1033  1187 D StorageManagerService: Volume emulated;10 broadcasting mounted to UserHandle{10}
09-07 14:25:27.349  1033  1824 I ActivityManager: Killing 3348:com.android.managedprovisioning/u0a85 (adj 985): empty #17
09-07 14:25:27.545  1033  1209 D ConnectivityService: releasing NetworkRequest [ TRACK_DEFAULT id=20, [ Capabilities: INTERNET&NOT_RESTRICTED&TRUSTED Uid: 1001 AdministratorUids: [] RequestorUid: 1001 RequestorPackageName: com.android.phone] ] (release request)
09-07 14:25:27.685  1033  1824 D CompatibilityChangeReporter: Compat change id reported: 135634846; UID 1001000; state: DISABLED
09-07 14:25:27.685  1033  1824 D CompatibilityChangeReporter: Compat change id reported: 135754954; UID 1001000; state: ENABLED
09-07 14:25:27.701  1033  1067 I ActivityManager: Start proc 4065:com.harman.vpa/u10s1000 for service {com.harman.vpa/com.harman.vpa.assistant.core.impl.tts.TtsServiceImpl}
09-07 14:25:27.717  1033  1965 D CompatibilityChangeReporter: Compat change id reported: 135754954; UID 1001000; state: DISABLED
09-07 14:25:27.720  1033  1965 I ActivityManager: Killing 3379:android.process.media/u10a74 (adj 985): empty #17
09-07 14:25:27.760  1033  1965 D CompatibilityChangeReporter: Compat change id reported: 136219221; UID 1001000; state: ENABLED
09-07 14:25:27.773  1033  1067 W ActivityManager: Slow operation: 60ms so far, now at startProcess: returned from zygote!
09-07 14:25:27.773  1033  1067 W ActivityManager: Slow operation: 60ms so far, now at startProcess: done updating battery stats
09-07 14:25:27.774  1033  1067 W ActivityManager: Slow operation: 60ms so far, now at startProcess: building log message
09-07 14:25:27.774  1033  1067 I ActivityManager: Start proc 4086:com.qualcomm.qti.qmmi/u10s1000 for broadcast {com.qualcomm.qti.qmmi/com.qualcomm.qti.qmmi.framework.QmmiReceiver}
09-07 14:25:27.774  1033  1067 W ActivityManager: Slow operation: 61ms so far, now at startProcess: starting to update pids map
09-07 14:25:27.774  1033  1067 W ActivityManager: Slow operation: 61ms so far, now at startProcess: done updating pids map
09-07 14:25:27.877  1033  1824 D CompatibilityChangeReporter: Compat change id reported: 136219221; UID 1001000; state: ENABLED
09-07 14:25:27.879  1033  1824 I ActivityManager: Killing 3409:com.android.onetimeinitializer/u0a122 (adj 985): empty #17
09-07 14:25:27.901  1033  1824 W ActivityManager: Unbind failed: could not find connection for android.os.BinderProxy@eb51f5e
09-07 14:25:27.904  1033  1048 I ActivityManager: Killing 3456:com.android.packageinstaller/u0a79 (adj 975): empty #17
09-07 14:25:27.919  1033  1047 D CompatibilityChangeReporter: Compat change id reported: 135634846; UID 1001000; state: DISABLED
09-07 14:25:27.920  1033  1047 D CompatibilityChangeReporter: Compat change id reported: 135754954; UID 1001000; state: DISABLED
09-07 14:25:27.956  1033  1067 I ActivityManager: Start proc 4113:com.qualcomm.qti.services.secureui:sui_service/u10s1000 for broadcast {com.qualcomm.qti.services.secureui/com.qualcomm.qti.services.secureui.BootReceiver}
09-07 14:25:28.064  1033  1047 D CompatibilityChangeReporter: Compat change id reported: 135634846; UID 1010136; state: DISABLED
09-07 14:25:28.065  1033  1047 D CompatibilityChangeReporter: Compat change id reported: 135754954; UID 1010136; state: DISABLED
09-07 14:25:28.066  1033  1067 D CompatibilityChangeReporter: Compat change id reported: 143937733; UID 1010136; state: DISABLED
09-07 14:25:28.067  1033  1047 D CompatibilityChangeReporter: Compat change id reported: 136219221; UID 1001000; state: ENABLED
09-07 14:25:28.098  1033  1067 I ActivityManager: Start proc 4140:com.qualcomm.qti.services.systemhelper:systemhelper_service/u10a136 for broadcast {com.qualcomm.qti.services.systemhelper/com.qualcomm.qti.services.systemhelper.BootReceiver}
09-07 14:25:28.211   530   602 E NetlinkEvent: NetlinkEvent::FindParam(): Parameter 'PRODUCT' not found
09-07 14:25:28.211   530   602 E NetlinkEvent: NetlinkEvent::FindParam(): Parameter 'DEVNAME' not found
09-07 14:25:28.211   530   602 E NetlinkEvent: NetlinkEvent::FindParam(): Parameter 'INTERFACE' not found
09-07 14:25:28.211   531   595 E NetlinkEvent: NetlinkEvent::FindParam(): Parameter 'dual_role_usb' not found
09-07 14:25:28.211   531   595 E NetlinkEvent: NetlinkEvent::FindParam(): Parameter 'OVER_CURRENT_PORT' not found
09-07 14:25:28.211   531   595 E NetlinkEvent: NetlinkEvent::FindParam(): Parameter 'UNRECOGNIZED_USB_DEVICE_ON_PORT' not found
09-07 14:25:28.802  4171  4171 F libc    : Fatal signal 11 (SIGSEGV), code 1 (SEGV_MAPERR), fault addr 0x0 in tid 4171 (vendor.harman.L), pid 4171 (vendor.harman.L)
09-07 14:25:28.835  4175  4175 F DEBUG   : *** *** *** *** *** *** *** *** *** *** *** *** *** *** *** ***
09-07 14:25:28.835  4175  4175 F DEBUG   : Build fingerprint: 'qti/titan_tml_b2/titan_tml_b2:11/RQ3A.210605.005/eng.ksong.20210907.134230:userdebug/test-keys'
09-07 14:25:28.836  4175  4175 F DEBUG   : Revision: '0'
09-07 14:25:28.836  4175  4175 F DEBUG   : ABI: 'arm64'
09-07 14:25:28.837  4175  4175 F DEBUG   : Timestamp: 2021-09-07 14:25:28+0000
09-07 14:25:28.837  4175  4175 F DEBUG   : pid: 4171, tid: 4171, name: vendor.harman.L  >>> /vendor/bin/hw/vendor.harman.LogManager@1.0-service <<<
09-07 14:25:28.837  4175  4175 F DEBUG   : uid: 0
09-07 14:25:28.837  4175  4175 F DEBUG   : signal 11 (SIGSEGV), code 1 (SEGV_MAPERR), fault addr 0x0
09-07 14:25:28.837  4175  4175 F DEBUG   : Cause: null pointer dereference
09-07 14:25:28.837  4175  4175 F DEBUG   :     x0  0000000000000000  x1  0000000000000000  x2  0000000000080001  x3  0000000000000000
09-07 14:25:28.837  4175  4175 F DEBUG   :     x4  0000000000000000  x5  0000000000000090  x6  fefefefefefefeff  x7  7f7f7f7f7f7f7f7f
09-07 14:25:28.837  4175  4175 F DEBUG   :     x8  0101010101010101  x9  85aaa3f0842f147e  x10 0000007fc9268298  x11 fffffffffffffffd
09-07 14:25:28.837  4175  4175 F DEBUG   :     x12 0000007fc9268420  x13 000000000000008e  x14 002faf07fb1e0000  x15 0000000034155555
09-07 14:25:28.838  4175  4175 F DEBUG   :     x16 00000056ebe347e0  x17 0000007032b4cb30  x18 0000007033620000  x19 0000000000000000
09-07 14:25:28.838  4175  4175 F DEBUG   :     x20 000000703256ec50  x21 0000007fc9268b39  x22 b400006f323345c8  x23 0000007fc9268b58
09-07 14:25:28.838  4175  4175 F DEBUG   :     x24 0000000000000000  x25 0000007032fa0000  x26 0000007fc9268b39  x27 0000007fc9268b09
09-07 14:25:28.838  4175  4175 F DEBUG   :     x28 0000000000000000  x29 0000007fc9268a40
09-07 14:25:28.838  4175  4175 F DEBUG   :     lr  00000056ebe2b048  sp  0000007fc9268a40  pc  0000007032b4cb40  pst 0000000080000000
09-07 14:25:28.842  4175  4175 F DEBUG   : backtrace:
09-07 14:25:28.842  4175  4175 F DEBUG   :       #00 pc 000000000004ab40  /apex/com.android.runtime/lib64/bionic/libc.so (strlen_default+16) (BuildId: 2b7c6e33413ac7278a15dfc3ea383089)
09-07 14:25:28.842  4175  4175 F DEBUG   :       #01 pc 0000000000009044  /vendor/bin/hw/vendor.harman.LogManager@1.0-service (BuildId: 3e966ab64050b441b920ba0e8960d123)
